
==========================================
Time   : 2026-07-08 18:51:57 WIB
Farm   : 4
Commit : #1
Status : SUCCESS
==========================================


==========================================
Time   : 2026-07-08 20:18:08 WIB
Farm   : 4
Commit : #2
Status : SUCCESS
==========================================


==========================================
Time   : 2026-07-08 22:37:17 WIB
Farm   : 4
Commit : #3
Status : SUCCESS
==========================================


==========================================
Time   : 2026-07-09 00:04:07 WIB
Farm   : 4
Commit : #4
Status : SUCCESS
==========================================


==========================================
Time   : 2026-07-09 01:24:21 WIB
Farm   : 4
Commit : #5
Status : SUCCESS
==========================================


==========================================
Time   : 2026-07-09 04:05:29 WIB
Farm   : 4
Commit : #6
Status : SUCCESS
==========================================


==========================================
Time   : 2026-07-09 05:16:08 WIB
Farm   : 4
Commit : #7
Status : SUCCESS
==========================================


==========================================
Time   : 2026-07-09 08:11:34 WIB
Farm   : 4
Commit : #8
Status : SUCCESS
==========================================


==========================================
Time   : 2026-07-09 12:04:52 WIB
Farm   : 4
Commit : #9
Status : SUCCESS
==========================================


==========================================
Time   : 2026-07-09 18:29:40 WIB
Farm   : 4
Commit : #10
Status : SUCCESS
==========================================


==========================================
Time   : 2026-07-09 21:04:30 WIB
Farm   : 4
Commit : #11
Status : SUCCESS
==========================================


==========================================
Time   : 2026-07-09 23:32:44 WIB
Farm   : 4
Commit : #12
Status : SUCCESS
==========================================


==========================================
Time   : 2026-07-10 01:20:03 WIB
Farm   : 4
Commit : #13
Status : SUCCESS
==========================================


==========================================
Time   : 2026-07-10 03:06:34 WIB
Farm   : 4
Commit : #14
Status : SUCCESS
==========================================


==========================================
Time   : 2026-07-10 04:39:04 WIB
Farm   : 4
Commit : #15
Status : SUCCESS
==========================================


==========================================
Time   : 2026-07-10 05:53:27 WIB
Farm   : 4
Commit : #16
Status : SUCCESS
==========================================


==========================================
Time   : 2026-07-10 06:56:10 WIB
Farm   : 4
Commit : #17
Status : SUCCESS
==========================================


==========================================
Time   : 2026-07-10 08:20:43 WIB
Farm   : 4
Commit : #18
Status : SUCCESS
==========================================


==========================================
Time   : 2026-07-10 12:11:51 WIB
Farm   : 4
Commit : #19
Status : SUCCESS
==========================================


==========================================
Time   : 2026-07-10 15:38:06 WIB
Farm   : 4
Commit : #20
Status : SUCCESS
==========================================


==========================================
Time   : 2026-07-10 18:30:00 WIB
Farm   : 4
Commit : #21
Status : SUCCESS
==========================================


==========================================
Time   : 2026-07-10 20:26:43 WIB
Farm   : 4
Commit : #22
Status : SUCCESS
==========================================


==========================================
Time   : 2026-07-11 00:26:16 WIB
Farm   : 4
Commit : #23
Status : SUCCESS
==========================================


==========================================
Time   : 2026-07-11 04:18:31 WIB
Farm   : 4
Commit : #24
Status : SUCCESS
==========================================


==========================================
Time   : 2026-07-11 06:15:57 WIB
Farm   : 4
Commit : #25
Status : SUCCESS
==========================================


==========================================
Time   : 2026-07-11 07:09:33 WIB
Farm   : 4
Commit : #26
Status : SUCCESS
==========================================


==========================================
Time   : 2026-07-11 10:37:55 WIB
Farm   : 4
Commit : #27
Status : SUCCESS
==========================================


==========================================
Time   : 2026-07-11 12:59:46 WIB
Farm   : 4
Commit : #28
Status : SUCCESS
==========================================


==========================================
Time   : 2026-07-11 14:49:53 WIB
Farm   : 4
Commit : #29
Status : SUCCESS
==========================================


==========================================
Time   : 2026-07-11 16:11:31 WIB
Farm   : 4
Commit : #30
Status : SUCCESS
==========================================


==========================================
Time   : 2026-07-11 17:34:30 WIB
Farm   : 4
Commit : #31
Status : SUCCESS
==========================================


==========================================
Time   : 2026-07-11 18:32:49 WIB
Farm   : 4
Commit : #32
Status : SUCCESS
==========================================


==========================================
Time   : 2026-07-11 19:32:25 WIB
Farm   : 4
Commit : #33
Status : SUCCESS
==========================================


==========================================
Time   : 2026-07-11 21:02:32 WIB
Farm   : 4
Commit : #34
Status : SUCCESS
==========================================


==========================================
Time   : 2026-07-11 21:58:46 WIB
Farm   : 4
Commit : #35
Status : SUCCESS
==========================================


==========================================
Time   : 2026-07-11 22:45:39 WIB
Farm   : 4
Commit : #36
Status : SUCCESS
==========================================


==========================================
Time   : 2026-07-11 23:35:56 WIB
Farm   : 4
Commit : #37
Status : SUCCESS
==========================================


==========================================
Time   : 2026-07-12 00:34:47 WIB
Farm   : 4
Commit : #38
Status : SUCCESS
==========================================


==========================================
Time   : 2026-07-12 01:29:30 WIB
Farm   : 4
Commit : #39
Status : SUCCESS
==========================================


==========================================
Time   : 2026-07-12 02:42:42 WIB
Farm   : 4
Commit : #40
Status : SUCCESS
==========================================


==========================================
Time   : 2026-07-12 03:28:52 WIB
Farm   : 4
Commit : #41
Status : SUCCESS
==========================================


==========================================
Time   : 2026-07-12 04:12:10 WIB
Farm   : 4
Commit : #42
Status : SUCCESS
==========================================


==========================================
Time   : 2026-07-12 05:07:08 WIB
Farm   : 4
Commit : #43
Status : SUCCESS
==========================================


==========================================
Time   : 2026-07-12 06:55:17 WIB
Farm   : 4
Commit : #44
Status : SUCCESS
==========================================


==========================================
Time   : 2026-07-12 08:15:28 WIB
Farm   : 4
Commit : #45
Status : SUCCESS
==========================================


==========================================
Time   : 2026-07-12 11:39:49 WIB
Farm   : 4
Commit : #46
Status : SUCCESS
==========================================


==========================================
Time   : 2026-07-12 14:13:33 WIB
Farm   : 4
Commit : #47
Status : SUCCESS
==========================================


==========================================
Time   : 2026-07-12 17:42:29 WIB
Farm   : 4
Commit : #48
Status : SUCCESS
==========================================


==========================================
Time   : 2026-07-12 18:44:01 WIB
Farm   : 4
Commit : #49
Status : SUCCESS
==========================================


==========================================
Time   : 2026-07-12 19:36:54 WIB
Farm   : 4
Commit : #50
Status : SUCCESS
==========================================


==========================================
Time   : 2026-07-12 21:10:15 WIB
Farm   : 4
Commit : #51
Status : SUCCESS
==========================================


==========================================
Time   : 2026-07-12 22:10:54 WIB
Farm   : 4
Commit : #52
Status : SUCCESS
==========================================


==========================================
Time   : 2026-07-12 23:09:25 WIB
Farm   : 4
Commit : #53
Status : SUCCESS
==========================================


==========================================
Time   : 2026-07-13 00:14:57 WIB
Farm   : 4
Commit : #54
Status : SUCCESS
==========================================


==========================================
Time   : 2026-07-13 01:08:16 WIB
Farm   : 4
Commit : #55
Status : SUCCESS
==========================================


==========================================
Time   : 2026-07-13 02:21:06 WIB
Farm   : 4
Commit : #56
Status : SUCCESS
==========================================


==========================================
Time   : 2026-07-13 04:04:02 WIB
Farm   : 4
Commit : #57
Status : SUCCESS
==========================================


==========================================
Time   : 2026-07-13 04:59:41 WIB
Farm   : 4
Commit : #58
Status : SUCCESS
==========================================


==========================================
Time   : 2026-07-13 05:43:07 WIB
Farm   : 4
Commit : #59
Status : SUCCESS
==========================================


==========================================
Time   : 2026-07-13 06:35:54 WIB
Farm   : 4
Commit : #60
Status : SUCCESS
==========================================


==========================================
Time   : 2026-07-13 11:39:48 WIB
Farm   : 4
Commit : #61
Status : SUCCESS
==========================================


==========================================
Time   : 2026-07-13 14:52:24 WIB
Farm   : 4
Commit : #62
Status : SUCCESS
==========================================


==========================================
Time   : 2026-07-13 17:46:36 WIB
Farm   : 4
Commit : #63
Status : SUCCESS
==========================================


==========================================
Time   : 2026-07-13 22:48:37 WIB
Farm   : 4
Commit : #64
Status : SUCCESS
==========================================


==========================================
Time   : 2026-07-14 00:43:44 WIB
Farm   : 4
Commit : #65
Status : SUCCESS
==========================================


==========================================
Time   : 2026-07-14 02:04:12 WIB
Farm   : 4
Commit : #66
Status : SUCCESS
==========================================


==========================================
Time   : 2026-07-14 04:15:45 WIB
Farm   : 4
Commit : #67
Status : SUCCESS
==========================================


==========================================
Time   : 2026-07-14 05:10:53 WIB
Farm   : 4
Commit : #68
Status : SUCCESS
==========================================


==========================================
Time   : 2026-07-14 06:09:38 WIB
Farm   : 4
Commit : #69
Status : SUCCESS
==========================================


==========================================
Time   : 2026-07-14 07:03:55 WIB
Farm   : 4
Commit : #70
Status : SUCCESS
==========================================


==========================================
Time   : 2026-07-14 09:57:12 WIB
Farm   : 4
Commit : #71
Status : SUCCESS
==========================================


==========================================
Time   : 2026-07-14 12:23:47 WIB
Farm   : 4
Commit : #72
Status : SUCCESS
==========================================


==========================================
Time   : 2026-07-14 14:23:39 WIB
Farm   : 4
Commit : #73
Status : SUCCESS
==========================================


==========================================
Time   : 2026-07-14 16:22:37 WIB
Farm   : 4
Commit : #74
Status : SUCCESS
==========================================


==========================================
Time   : 2026-07-14 17:58:50 WIB
Farm   : 4
Commit : #75
Status : SUCCESS
==========================================


==========================================
Time   : 2026-07-14 19:07:41 WIB
Farm   : 4
Commit : #76
Status : SUCCESS
==========================================


==========================================
Time   : 2026-07-14 21:08:33 WIB
Farm   : 4
Commit : #77
Status : SUCCESS
==========================================


==========================================
Time   : 2026-07-14 22:41:34 WIB
Farm   : 4
Commit : #78
Status : SUCCESS
==========================================


==========================================
Time   : 2026-07-14 23:51:03 WIB
Farm   : 4
Commit : #79
Status : SUCCESS
==========================================


==========================================
Time   : 2026-07-15 00:50:50 WIB
Farm   : 4
Commit : #80
Status : SUCCESS
==========================================


==========================================
Time   : 2026-07-15 01:53:00 WIB
Farm   : 4
Commit : #81
Status : SUCCESS
==========================================


==========================================
Time   : 2026-07-15 03:00:39 WIB
Farm   : 4
Commit : #82
Status : SUCCESS
==========================================


==========================================
Time   : 2026-07-15 04:01:43 WIB
Farm   : 4
Commit : #83
Status : SUCCESS
==========================================


==========================================
Time   : 2026-07-15 05:00:06 WIB
Farm   : 4
Commit : #84
Status : SUCCESS
==========================================


==========================================
Time   : 2026-07-15 05:55:17 WIB
Farm   : 4
Commit : #85
Status : SUCCESS
==========================================


==========================================
Time   : 2026-07-15 06:39:22 WIB
Farm   : 4
Commit : #86
Status : SUCCESS
==========================================


==========================================
Time   : 2026-07-15 07:58:30 WIB
Farm   : 4
Commit : #87
Status : SUCCESS
==========================================


==========================================
Time   : 2026-07-15 10:53:23 WIB
Farm   : 4
Commit : #88
Status : SUCCESS
==========================================


==========================================
Time   : 2026-07-15 13:03:03 WIB
Farm   : 4
Commit : #89
Status : SUCCESS
==========================================


==========================================
Time   : 2026-07-15 15:28:25 WIB
Farm   : 4
Commit : #90
Status : SUCCESS
==========================================


==========================================
Time   : 2026-07-15 17:18:59 WIB
Farm   : 4
Commit : #91
Status : SUCCESS
==========================================


==========================================
Time   : 2026-07-15 18:53:28 WIB
Farm   : 4
Commit : #92
Status : SUCCESS
==========================================


==========================================
Time   : 2026-07-15 20:00:30 WIB
Farm   : 4
Commit : #93
Status : SUCCESS
==========================================


==========================================
Time   : 2026-07-15 21:51:15 WIB
Farm   : 4
Commit : #94
Status : SUCCESS
==========================================


==========================================
Time   : 2026-07-15 23:11:20 WIB
Farm   : 4
Commit : #95
Status : SUCCESS
==========================================


==========================================
Time   : 2026-07-16 03:45:05 WIB
Farm   : 4
Commit : #96
Status : SUCCESS
==========================================


==========================================
Time   : 2026-07-16 04:39:42 WIB
Farm   : 4
Commit : #97
Status : SUCCESS
==========================================


==========================================
Time   : 2026-07-16 08:02:43 WIB
Farm   : 4
Commit : #98
Status : SUCCESS
==========================================


==========================================
Time   : 2026-07-16 11:09:21 WIB
Farm   : 4
Commit : #99
Status : SUCCESS
==========================================


==========================================
Time   : 2026-07-16 13:28:51 WIB
Farm   : 4
Commit : #100
Status : SUCCESS
==========================================


==========================================
Time   : 2026-07-16 15:41:30 WIB
Farm   : 4
Commit : #101
Status : SUCCESS
==========================================


==========================================
Time   : 2026-07-16 17:32:39 WIB
Farm   : 4
Commit : #102
Status : SUCCESS
==========================================


==========================================
Time   : 2026-07-16 19:03:09 WIB
Farm   : 4
Commit : #103
Status : SUCCESS
==========================================


==========================================
Time   : 2026-07-16 21:11:03 WIB
Farm   : 4
Commit : #104
Status : SUCCESS
==========================================


==========================================
Time   : 2026-07-16 22:45:43 WIB
Farm   : 4
Commit : #105
Status : SUCCESS
==========================================


==========================================
Time   : 2026-07-16 23:55:20 WIB
Farm   : 4
Commit : #106
Status : SUCCESS
==========================================


==========================================
Time   : 2026-07-17 00:57:58 WIB
Farm   : 4
Commit : #107
Status : SUCCESS
==========================================


==========================================
Time   : 2026-07-17 01:59:04 WIB
Farm   : 4
Commit : #108
Status : SUCCESS
==========================================


==========================================
Time   : 2026-07-17 02:59:30 WIB
Farm   : 4
Commit : #109
Status : SUCCESS
==========================================


==========================================
Time   : 2026-07-17 03:56:20 WIB
Farm   : 4
Commit : #110
Status : SUCCESS
==========================================


==========================================
Time   : 2026-07-17 04:52:07 WIB
Farm   : 4
Commit : #111
Status : SUCCESS
==========================================


==========================================
Time   : 2026-07-17 05:42:58 WIB
Farm   : 4
Commit : #112
Status : SUCCESS
==========================================


==========================================
Time   : 2026-07-17 06:37:36 WIB
Farm   : 4
Commit : #113
Status : SUCCESS
==========================================


==========================================
Time   : 2026-07-17 08:07:28 WIB
Farm   : 4
Commit : #114
Status : SUCCESS
==========================================


==========================================
Time   : 2026-07-17 11:18:49 WIB
Farm   : 4
Commit : #115
Status : SUCCESS
==========================================


==========================================
Time   : 2026-07-17 13:29:32 WIB
Farm   : 4
Commit : #116
Status : SUCCESS
==========================================


==========================================
Time   : 2026-07-17 15:34:23 WIB
Farm   : 4
Commit : #117
Status : SUCCESS
==========================================


==========================================
Time   : 2026-07-17 17:20:42 WIB
Farm   : 4
Commit : #118
Status : SUCCESS
==========================================


==========================================
Time   : 2026-07-17 18:45:47 WIB
Farm   : 4
Commit : #119
Status : SUCCESS
==========================================


==========================================
Time   : 2026-07-17 22:45:01 WIB
Farm   : 4
Commit : #120
Status : SUCCESS
==========================================


==========================================
Time   : 2026-07-17 23:47:14 WIB
Farm   : 4
Commit : #121
Status : SUCCESS
==========================================


==========================================
Time   : 2026-07-18 00:48:20 WIB
Farm   : 4
Commit : #122
Status : SUCCESS
==========================================


==========================================
Time   : 2026-07-18 01:43:37 WIB
Farm   : 4
Commit : #123
Status : SUCCESS
==========================================


==========================================
Time   : 2026-07-18 02:45:26 WIB
Farm   : 4
Commit : #124
Status : SUCCESS
==========================================


==========================================
Time   : 2026-07-18 03:33:24 WIB
Farm   : 4
Commit : #125
Status : SUCCESS
==========================================


==========================================
Time   : 2026-07-18 04:24:38 WIB
Farm   : 4
Commit : #126
Status : SUCCESS
==========================================


==========================================
Time   : 2026-07-18 05:11:59 WIB
Farm   : 4
Commit : #127
Status : SUCCESS
==========================================


==========================================
Time   : 2026-07-18 06:04:33 WIB
Farm   : 4
Commit : #128
Status : SUCCESS
==========================================


==========================================
Time   : 2026-07-18 06:59:42 WIB
Farm   : 4
Commit : #129
Status : SUCCESS
==========================================


==========================================
Time   : 2026-07-18 09:12:23 WIB
Farm   : 4
Commit : #130
Status : SUCCESS
==========================================


==========================================
Time   : 2026-07-18 12:04:32 WIB
Farm   : 4
Commit : #131
Status : SUCCESS
==========================================


==========================================
Time   : 2026-07-18 14:04:00 WIB
Farm   : 4
Commit : #132
Status : SUCCESS
==========================================


==========================================
Time   : 2026-07-18 15:55:49 WIB
Farm   : 4
Commit : #133
Status : SUCCESS
==========================================


==========================================
Time   : 2026-07-18 17:06:43 WIB
Farm   : 4
Commit : #134
Status : SUCCESS
==========================================


==========================================
Time   : 2026-07-18 18:13:26 WIB
Farm   : 4
Commit : #135
Status : SUCCESS
==========================================


==========================================
Time   : 2026-07-18 19:03:30 WIB
Farm   : 4
Commit : #136
Status : SUCCESS
==========================================


==========================================
Time   : 2026-07-18 20:39:43 WIB
Farm   : 4
Commit : #137
Status : SUCCESS
==========================================


==========================================
Time   : 2026-07-18 21:39:11 WIB
Farm   : 4
Commit : #138
Status : SUCCESS
==========================================


==========================================
Time   : 2026-07-18 22:34:23 WIB
Farm   : 4
Commit : #139
Status : SUCCESS
==========================================


==========================================
Time   : 2026-07-19 00:29:23 WIB
Farm   : 4
Commit : #140
Status : SUCCESS
==========================================


==========================================
Time   : 2026-07-19 01:26:51 WIB
Farm   : 4
Commit : #141
Status : SUCCESS
==========================================


==========================================
Time   : 2026-07-19 02:39:08 WIB
Farm   : 4
Commit : #142
Status : SUCCESS
==========================================


==========================================
Time   : 2026-07-19 04:11:33 WIB
Farm   : 4
Commit : #143
Status : SUCCESS
==========================================


==========================================
Time   : 2026-07-19 05:57:28 WIB
Farm   : 4
Commit : #144
Status : SUCCESS
==========================================


==========================================
Time   : 2026-07-19 06:45:33 WIB
Farm   : 4
Commit : #145
Status : SUCCESS
==========================================


==========================================
Time   : 2026-07-19 08:11:42 WIB
Farm   : 4
Commit : #146
Status : SUCCESS
==========================================


==========================================
Time   : 2026-07-19 11:32:06 WIB
Farm   : 4
Commit : #147
Status : SUCCESS
==========================================


==========================================
Time   : 2026-07-19 14:06:32 WIB
Farm   : 4
Commit : #148
Status : SUCCESS
==========================================


==========================================
Time   : 2026-07-19 16:11:13 WIB
Farm   : 4
Commit : #149
Status : SUCCESS
==========================================


==========================================
Time   : 2026-07-19 17:42:45 WIB
Farm   : 4
Commit : #150
Status : SUCCESS
==========================================


==========================================
Time   : 2026-07-19 18:41:24 WIB
Farm   : 4
Commit : #151
Status : SUCCESS
==========================================


==========================================
Time   : 2026-07-19 19:34:55 WIB
Farm   : 4
Commit : #152
Status : SUCCESS
==========================================


==========================================
Time   : 2026-07-19 22:08:00 WIB
Farm   : 4
Commit : #153
Status : SUCCESS
==========================================


==========================================
Time   : 2026-07-19 23:05:47 WIB
Farm   : 4
Commit : #154
Status : SUCCESS
==========================================


==========================================
Time   : 2026-07-20 00:10:33 WIB
Farm   : 4
Commit : #155
Status : SUCCESS
==========================================


==========================================
Time   : 2026-07-20 01:06:54 WIB
Farm   : 4
Commit : #156
Status : SUCCESS
==========================================


==========================================
Time   : 2026-07-20 02:19:51 WIB
Farm   : 4
Commit : #157
Status : SUCCESS
==========================================


==========================================
Time   : 2026-07-20 03:13:17 WIB
Farm   : 4
Commit : #158
Status : SUCCESS
==========================================


==========================================
Time   : 2026-07-20 04:06:53 WIB
Farm   : 4
Commit : #159
Status : SUCCESS
==========================================


==========================================
Time   : 2026-07-20 05:02:08 WIB
Farm   : 4
Commit : #160
Status : SUCCESS
==========================================


==========================================
Time   : 2026-07-20 05:57:41 WIB
Farm   : 4
Commit : #161
Status : SUCCESS
==========================================


==========================================
Time   : 2026-07-20 06:50:17 WIB
Farm   : 4
Commit : #162
Status : SUCCESS
==========================================


==========================================
Time   : 2026-07-20 08:15:40 WIB
Farm   : 4
Commit : #163
Status : SUCCESS
==========================================


==========================================
Time   : 2026-07-20 14:48:03 WIB
Farm   : 4
Commit : #164
Status : SUCCESS
==========================================


==========================================
Time   : 2026-07-20 17:32:21 WIB
Farm   : 4
Commit : #165
Status : SUCCESS
==========================================


==========================================
Time   : 2026-07-20 19:34:39 WIB
Farm   : 4
Commit : #166
Status : SUCCESS
==========================================


==========================================
Time   : 2026-07-20 21:42:56 WIB
Farm   : 4
Commit : #167
Status : SUCCESS
==========================================


==========================================
Time   : 2026-07-20 23:13:24 WIB
Farm   : 4
Commit : #168
Status : SUCCESS
==========================================


==========================================
Time   : 2026-07-21 04:08:41 WIB
Farm   : 4
Commit : #169
Status : SUCCESS
==========================================


==========================================
Time   : 2026-07-21 05:10:38 WIB
Farm   : 4
Commit : #170
Status : SUCCESS
==========================================


==========================================
Time   : 2026-07-21 06:13:05 WIB
Farm   : 4
Commit : #171
Status : SUCCESS
==========================================


==========================================
Time   : 2026-07-21 07:08:54 WIB
Farm   : 4
Commit : #172
Status : SUCCESS
==========================================


==========================================
Time   : 2026-07-21 10:38:28 WIB
Farm   : 4
Commit : #173
Status : SUCCESS
==========================================


==========================================
Time   : 2026-07-21 13:15:50 WIB
Farm   : 4
Commit : #174
Status : SUCCESS
==========================================


==========================================
Time   : 2026-07-21 15:45:00 WIB
Farm   : 4
Commit : #175
Status : SUCCESS
==========================================


==========================================
Time   : 2026-07-21 17:49:47 WIB
Farm   : 4
Commit : #176
Status : SUCCESS
==========================================


==========================================
Time   : 2026-07-21 19:13:05 WIB
Farm   : 4
Commit : #177
Status : SUCCESS
==========================================


==========================================
Time   : 2026-07-21 21:20:52 WIB
Farm   : 4
Commit : #178
Status : SUCCESS
==========================================


==========================================
Time   : 2026-07-21 22:57:06 WIB
Farm   : 4
Commit : #179
Status : SUCCESS
==========================================


==========================================
Time   : 2026-07-22 00:05:47 WIB
Farm   : 4
Commit : #180
Status : SUCCESS
==========================================


==========================================
Time   : 2026-07-22 01:20:57 WIB
Farm   : 4
Commit : #181
Status : SUCCESS
==========================================


==========================================
Time   : 2026-07-22 02:55:56 WIB
Farm   : 4
Commit : #182
Status : SUCCESS
==========================================


==========================================
Time   : 2026-07-22 03:56:51 WIB
Farm   : 4
Commit : #183
Status : SUCCESS
==========================================


==========================================
Time   : 2026-07-22 04:55:13 WIB
Farm   : 4
Commit : #184
Status : SUCCESS
==========================================


==========================================
Time   : 2026-07-22 05:42:43 WIB
Farm   : 4
Commit : #185
Status : SUCCESS
==========================================


==========================================
Time   : 2026-07-22 06:38:33 WIB
Farm   : 4
Commit : #186
Status : SUCCESS
==========================================


==========================================
Time   : 2026-07-22 08:03:53 WIB
Farm   : 4
Commit : #187
Status : SUCCESS
==========================================


==========================================
Time   : 2026-07-22 11:23:19 WIB
Farm   : 4
Commit : #188
Status : SUCCESS
==========================================


==========================================
Time   : 2026-07-22 13:46:05 WIB
Farm   : 4
Commit : #189
Status : SUCCESS
==========================================


==========================================
Time   : 2026-07-22 18:20:36 WIB
Farm   : 4
Commit : #190
Status : SUCCESS
==========================================


==========================================
Time   : 2026-07-22 19:49:51 WIB
Farm   : 4
Commit : #191
Status : SUCCESS
==========================================


==========================================
Time   : 2026-07-22 21:49:12 WIB
Farm   : 4
Commit : #192
Status : SUCCESS
==========================================


==========================================
Time   : 2026-07-22 23:09:38 WIB
Farm   : 4
Commit : #193
Status : SUCCESS
==========================================


==========================================
Time   : 2026-07-23 00:39:50 WIB
Farm   : 4
Commit : #194
Status : SUCCESS
==========================================


==========================================
Time   : 2026-07-23 01:45:40 WIB
Farm   : 4
Commit : #195
Status : SUCCESS
==========================================


==========================================
Time   : 2026-07-23 02:59:20 WIB
Farm   : 4
Commit : #196
Status : SUCCESS
==========================================


==========================================
Time   : 2026-07-23 04:00:37 WIB
Farm   : 4
Commit : #197
Status : SUCCESS
==========================================


==========================================
Time   : 2026-07-23 06:07:36 WIB
Farm   : 4
Commit : #198
Status : SUCCESS
==========================================


==========================================
Time   : 2026-07-23 07:11:23 WIB
Farm   : 4
Commit : #199
Status : SUCCESS
==========================================


==========================================
Time   : 2026-07-23 10:40:03 WIB
Farm   : 4
Commit : #200
Status : SUCCESS
==========================================


==========================================
Time   : 2026-07-23 15:47:23 WIB
Farm   : 4
Commit : #201
Status : SUCCESS
==========================================


==========================================
Time   : 2026-07-23 17:52:58 WIB
Farm   : 4
Commit : #202
Status : SUCCESS
==========================================


==========================================
Time   : 2026-07-23 19:16:56 WIB
Farm   : 4
Commit : #203
Status : SUCCESS
==========================================


==========================================
Time   : 2026-07-23 21:31:54 WIB
Farm   : 4
Commit : #204
Status : SUCCESS
==========================================


==========================================
Time   : 2026-07-23 23:10:48 WIB
Farm   : 4
Commit : #205
Status : SUCCESS
==========================================


==========================================
Time   : 2026-07-24 00:43:06 WIB
Farm   : 4
Commit : #206
Status : SUCCESS
==========================================


==========================================
Time   : 2026-07-24 01:49:14 WIB
Farm   : 4
Commit : #207
Status : SUCCESS
==========================================


==========================================
Time   : 2026-07-24 03:03:25 WIB
Farm   : 4
Commit : #208
Status : SUCCESS
==========================================


==========================================
Time   : 2026-07-24 04:10:29 WIB
Farm   : 4
Commit : #209
Status : SUCCESS
==========================================


==========================================
Time   : 2026-07-24 05:11:54 WIB
Farm   : 4
Commit : #210
Status : SUCCESS
==========================================


==========================================
Time   : 2026-07-24 07:09:33 WIB
Farm   : 4
Commit : #211
Status : SUCCESS
==========================================


==========================================
Time   : 2026-07-24 10:37:40 WIB
Farm   : 4
Commit : #212
Status : SUCCESS
==========================================


==========================================
Time   : 2026-07-24 13:11:34 WIB
Farm   : 4
Commit : #213
Status : SUCCESS
==========================================


==========================================
Time   : 2026-07-24 15:41:38 WIB
Farm   : 4
Commit : #214
Status : SUCCESS
==========================================


==========================================
Time   : 2026-07-24 17:38:18 WIB
Farm   : 4
Commit : #215
Status : SUCCESS
==========================================


==========================================
Time   : 2026-07-24 19:05:43 WIB
Farm   : 4
Commit : #216
Status : SUCCESS
==========================================


==========================================
Time   : 2026-07-24 21:04:31 WIB
Farm   : 4
Commit : #217
Status : SUCCESS
==========================================


==========================================
Time   : 2026-07-24 22:37:50 WIB
Farm   : 4
Commit : #218
Status : SUCCESS
==========================================


==========================================
Time   : 2026-07-25 00:09:38 WIB
Farm   : 4
Commit : #219
Status : SUCCESS
==========================================


==========================================
Time   : 2026-07-25 01:43:59 WIB
Farm   : 4
Commit : #220
Status : SUCCESS
==========================================


==========================================
Time   : 2026-07-25 03:00:58 WIB
Farm   : 4
Commit : #221
Status : SUCCESS
==========================================


==========================================
Time   : 2026-07-25 04:06:59 WIB
Farm   : 4
Commit : #222
Status : SUCCESS
==========================================


==========================================
Time   : 2026-07-25 05:14:24 WIB
Farm   : 4
Commit : #223
Status : SUCCESS
==========================================


==========================================
Time   : 2026-07-25 06:17:14 WIB
Farm   : 4
Commit : #224
Status : SUCCESS
==========================================


==========================================
Time   : 2026-07-25 07:15:08 WIB
Farm   : 4
Commit : #225
Status : SUCCESS
==========================================


==========================================
Time   : 2026-07-25 10:37:33 WIB
Farm   : 4
Commit : #226
Status : SUCCESS
==========================================


==========================================
Time   : 2026-07-25 13:03:12 WIB
Farm   : 4
Commit : #227
Status : SUCCESS
==========================================


==========================================
Time   : 2026-07-25 15:17:24 WIB
Farm   : 4
Commit : #228
Status : SUCCESS
==========================================


==========================================
Time   : 2026-07-25 17:02:21 WIB
Farm   : 4
Commit : #229
Status : SUCCESS
==========================================


==========================================
Time   : 2026-07-25 18:12:18 WIB
Farm   : 4
Commit : #230
Status : SUCCESS
==========================================


==========================================
Time   : 2026-07-25 19:09:52 WIB
Farm   : 4
Commit : #231
Status : SUCCESS
==========================================


==========================================
Time   : 2026-07-25 20:58:24 WIB
Farm   : 4
Commit : #232
Status : SUCCESS
==========================================


==========================================
Time   : 2026-07-25 21:56:42 WIB
Farm   : 4
Commit : #233
Status : SUCCESS
==========================================


==========================================
Time   : 2026-07-25 22:55:56 WIB
Farm   : 4
Commit : #234
Status : SUCCESS
==========================================


==========================================
Time   : 2026-07-25 23:41:51 WIB
Farm   : 4
Commit : #235
Status : SUCCESS
==========================================


==========================================
Time   : 2026-07-26 00:39:11 WIB
Farm   : 4
Commit : #236
Status : SUCCESS
==========================================


==========================================
Time   : 2026-07-26 03:33:39 WIB
Farm   : 4
Commit : #237
Status : SUCCESS
==========================================


==========================================
Time   : 2026-07-26 04:27:36 WIB
Farm   : 4
Commit : #238
Status : SUCCESS
==========================================


==========================================
Time   : 2026-07-26 08:03:31 WIB
Farm   : 4
Commit : #239
Status : SUCCESS
==========================================


==========================================
Time   : 2026-07-26 11:32:59 WIB
Farm   : 4
Commit : #240
Status : SUCCESS
==========================================


==========================================
Time   : 2026-07-26 14:12:56 WIB
Farm   : 4
Commit : #241
Status : SUCCESS
==========================================


==========================================
Time   : 2026-07-26 16:22:55 WIB
Farm   : 4
Commit : #242
Status : SUCCESS
==========================================


==========================================
Time   : 2026-07-26 18:52:42 WIB
Farm   : 4
Commit : #243
Status : SUCCESS
==========================================


==========================================
Time   : 2026-07-26 19:48:13 WIB
Farm   : 4
Commit : #244
Status : SUCCESS
==========================================


==========================================
Time   : 2026-07-26 23:30:01 WIB
Farm   : 4
Commit : #245
Status : SUCCESS
==========================================


==========================================
Time   : 2026-07-27 00:33:28 WIB
Farm   : 4
Commit : #246
Status : SUCCESS
==========================================


==========================================
Time   : 2026-07-27 01:35:10 WIB
Farm   : 4
Commit : #247
Status : SUCCESS
==========================================


==========================================
Time   : 2026-07-27 02:46:28 WIB
Farm   : 4
Commit : #248
Status : SUCCESS
==========================================


==========================================
Time   : 2026-07-27 03:38:51 WIB
Farm   : 4
Commit : #249
Status : SUCCESS
==========================================


==========================================
Time   : 2026-07-27 05:32:27 WIB
Farm   : 4
Commit : #250
Status : SUCCESS
==========================================


==========================================
Time   : 2026-07-27 06:31:15 WIB
Farm   : 4
Commit : #251
Status : SUCCESS
==========================================


==========================================
Time   : 2026-07-27 08:09:36 WIB
Farm   : 4
Commit : #252
Status : SUCCESS
==========================================


==========================================
Time   : 2026-07-27 11:49:30 WIB
Farm   : 4
Commit : #253
Status : SUCCESS
==========================================


==========================================
Time   : 2026-07-27 15:16:27 WIB
Farm   : 4
Commit : #254
Status : SUCCESS
==========================================


==========================================
Time   : 2026-07-27 18:42:34 WIB
Farm   : 4
Commit : #255
Status : SUCCESS
==========================================


==========================================
Time   : 2026-07-27 20:56:55 WIB
Farm   : 4
Commit : #256
Status : SUCCESS
==========================================


==========================================
Time   : 2026-07-27 23:09:12 WIB
Farm   : 4
Commit : #257
Status : SUCCESS
==========================================


==========================================
Time   : 2026-07-28 00:52:09 WIB
Farm   : 4
Commit : #258
Status : SUCCESS
==========================================


==========================================
Time   : 2026-07-28 02:04:52 WIB
Farm   : 4
Commit : #259
Status : SUCCESS
==========================================


==========================================
Time   : 2026-07-28 03:27:27 WIB
Farm   : 4
Commit : #260
Status : SUCCESS
==========================================


==========================================
Time   : 2026-07-28 04:36:31 WIB
Farm   : 4
Commit : #261
Status : SUCCESS
==========================================


==========================================
Time   : 2026-07-28 05:37:41 WIB
Farm   : 4
Commit : #262
Status : SUCCESS
==========================================


==========================================
Time   : 2026-07-28 06:41:08 WIB
Farm   : 4
Commit : #263
Status : SUCCESS
==========================================


==========================================
Time   : 2026-07-28 08:01:36 WIB
Farm   : 4
Commit : #264
Status : SUCCESS
==========================================


==========================================
Time   : 2026-07-28 11:13:18 WIB
Farm   : 4
Commit : #265
Status : SUCCESS
==========================================


==========================================
Time   : 2026-07-28 13:40:15 WIB
Farm   : 4
Commit : #266
Status : SUCCESS
==========================================


==========================================
Time   : 2026-07-28 16:21:52 WIB
Farm   : 4
Commit : #267
Status : SUCCESS
==========================================


==========================================
Time   : 2026-07-28 18:32:27 WIB
Farm   : 4
Commit : #268
Status : SUCCESS
==========================================


==========================================
Time   : 2026-07-28 20:10:51 WIB
Farm   : 4
Commit : #269
Status : SUCCESS
==========================================


==========================================
Time   : 2026-07-29 00:00:10 WIB
Farm   : 4
Commit : #270
Status : SUCCESS
==========================================


==========================================
Time   : 2026-07-29 01:11:06 WIB
Farm   : 4
Commit : #271
Status : SUCCESS
==========================================


==========================================
Time   : 2026-07-29 02:48:20 WIB
Farm   : 4
Commit : #272
Status : SUCCESS
==========================================


==========================================
Time   : 2026-07-29 03:50:01 WIB
Farm   : 4
Commit : #273
Status : SUCCESS
==========================================


==========================================
Time   : 2026-07-29 04:48:41 WIB
Farm   : 4
Commit : #274
Status : SUCCESS
==========================================


==========================================
Time   : 2026-07-29 05:44:12 WIB
Farm   : 4
Commit : #275
Status : SUCCESS
==========================================


==========================================
Time   : 2026-07-29 08:06:49 WIB
Farm   : 4
Commit : #276
Status : SUCCESS
==========================================


==========================================
Time   : 2026-07-29 11:22:09 WIB
Farm   : 4
Commit : #277
Status : SUCCESS
==========================================


==========================================
Time   : 2026-07-29 14:07:52 WIB
Farm   : 4
Commit : #278
Status : SUCCESS
==========================================


==========================================
Time   : 2026-07-29 16:46:51 WIB
Farm   : 4
Commit : #279
Status : SUCCESS
==========================================


==========================================
Time   : 2026-07-29 18:50:18 WIB
Farm   : 4
Commit : #280
Status : SUCCESS
==========================================


==========================================
Time   : 2026-07-29 20:26:54 WIB
Farm   : 4
Commit : #281
Status : SUCCESS
==========================================


==========================================
Time   : 2026-07-29 23:44:02 WIB
Farm   : 4
Commit : #282
Status : SUCCESS
==========================================


==========================================
Time   : 2026-07-30 00:54:35 WIB
Farm   : 4
Commit : #283
Status : SUCCESS
==========================================


==========================================
Time   : 2026-07-30 01:45:10 WIB
Farm   : 4
Commit : #284
Status : SUCCESS
==========================================


==========================================
Time   : 2026-07-30 03:58:56 WIB
Farm   : 4
Commit : #285
Status : SUCCESS
==========================================


==========================================
Time   : 2026-07-30 04:52:56 WIB
Farm   : 4
Commit : #286
Status : SUCCESS
==========================================


==========================================
Time   : 2026-07-30 05:44:39 WIB
Farm   : 4
Commit : #287
Status : SUCCESS
==========================================


==========================================
Time   : 2026-07-30 06:41:24 WIB
Farm   : 4
Commit : #288
Status : SUCCESS
==========================================


==========================================
Time   : 2026-07-30 13:17:13 WIB
Farm   : 4
Commit : #289
Status : SUCCESS
==========================================


==========================================
Time   : 2026-07-30 16:03:43 WIB
Farm   : 4
Commit : #290
Status : SUCCESS
==========================================


==========================================
Time   : 2026-07-30 18:18:24 WIB
Farm   : 4
Commit : #291
Status : SUCCESS
==========================================


==========================================
Time   : 2026-07-30 19:57:00 WIB
Farm   : 4
Commit : #292
Status : SUCCESS
==========================================


==========================================
Time   : 2026-07-30 21:59:17 WIB
Farm   : 4
Commit : #293
Status : SUCCESS
==========================================


==========================================
Time   : 2026-07-30 23:22:13 WIB
Farm   : 4
Commit : #294
Status : SUCCESS
==========================================


==========================================
Time   : 2026-07-31 00:55:06 WIB
Farm   : 4
Commit : #295
Status : SUCCESS
==========================================


==========================================
Time   : 2026-07-31 02:04:51 WIB
Farm   : 4
Commit : #296
Status : SUCCESS
==========================================


==========================================
Time   : 2026-07-31 05:40:39 WIB
Farm   : 4
Commit : #297
Status : SUCCESS
==========================================


==========================================
Time   : 2026-07-31 06:38:53 WIB
Farm   : 4
Commit : #298
Status : SUCCESS
==========================================


==========================================
Time   : 2026-07-31 11:35:00 WIB
Farm   : 4
Commit : #299
Status : SUCCESS
==========================================


==========================================
Time   : 2026-07-31 14:26:32 WIB
Farm   : 4
Commit : #300
Status : SUCCESS
==========================================


==========================================
Time   : 2026-07-31 17:03:35 WIB
Farm   : 4
Commit : #301
Status : SUCCESS
==========================================


==========================================
Time   : 2026-07-31 19:05:01 WIB
Farm   : 4
Commit : #302
Status : SUCCESS
==========================================


==========================================
Time   : 2026-07-31 21:28:58 WIB
Farm   : 4
Commit : #303
Status : SUCCESS
==========================================


==========================================
Time   : 2026-07-31 23:15:59 WIB
Farm   : 4
Commit : #304
Status : SUCCESS
==========================================


==========================================
Time   : 2026-08-01 00:54:24 WIB
Farm   : 4
Commit : #305
Status : SUCCESS
==========================================


==========================================
Time   : 2026-08-01 01:59:55 WIB
Farm   : 4
Commit : #306
Status : SUCCESS
==========================================


==========================================
Time   : 2026-08-01 03:20:47 WIB
Farm   : 4
Commit : #307
Status : SUCCESS
==========================================


==========================================
Time   : 2026-08-01 04:33:48 WIB
Farm   : 4
Commit : #308
Status : SUCCESS
==========================================


==========================================
Time   : 2026-08-01 05:34:44 WIB
Farm   : 4
Commit : #309
Status : SUCCESS
==========================================


==========================================
Time   : 2026-08-01 06:33:43 WIB
Farm   : 4
Commit : #310
Status : SUCCESS
==========================================


==========================================
Time   : 2026-08-01 08:06:58 WIB
Farm   : 4
Commit : #311
Status : SUCCESS
==========================================


==========================================
Time   : 2026-08-01 11:29:15 WIB
Farm   : 4
Commit : #312
Status : SUCCESS
==========================================


==========================================
Time   : 2026-08-01 14:01:21 WIB
Farm   : 4
Commit : #313
Status : SUCCESS
==========================================


==========================================
Time   : 2026-08-01 16:07:45 WIB
Farm   : 4
Commit : #314
Status : SUCCESS
==========================================


==========================================
Time   : 2026-08-01 17:48:06 WIB
Farm   : 4
Commit : #315
Status : SUCCESS
==========================================


==========================================
Time   : 2026-08-01 18:48:07 WIB
Farm   : 4
Commit : #316
Status : SUCCESS
==========================================


==========================================
Time   : 2026-08-01 19:40:33 WIB
Farm   : 4
Commit : #317
Status : SUCCESS
==========================================


==========================================
Time   : 2026-08-01 21:10:31 WIB
Farm   : 4
Commit : #318
Status : SUCCESS
==========================================


==========================================
Time   : 2026-08-01 22:14:58 WIB
Farm   : 4
Commit : #319
Status : SUCCESS
==========================================


==========================================
Time   : 2026-08-01 23:13:19 WIB
Farm   : 4
Commit : #320
Status : SUCCESS
==========================================


==========================================
Time   : 2026-08-02 00:12:57 WIB
Farm   : 4
Commit : #321
Status : SUCCESS
==========================================


==========================================
Time   : 2026-08-02 01:10:51 WIB
Farm   : 4
Commit : #322
Status : SUCCESS
==========================================


==========================================
Time   : 2026-08-02 02:25:32 WIB
Farm   : 4
Commit : #323
Status : SUCCESS
==========================================


==========================================
Time   : 2026-08-02 04:11:11 WIB
Farm   : 4
Commit : #324
Status : SUCCESS
==========================================


==========================================
Time   : 2026-08-02 05:09:05 WIB
Farm   : 4
Commit : #325
Status : SUCCESS
==========================================


==========================================
Time   : 2026-08-02 06:05:17 WIB
Farm   : 4
Commit : #326
Status : SUCCESS
==========================================


==========================================
Time   : 2026-08-02 07:05:41 WIB
Farm   : 4
Commit : #327
Status : SUCCESS
==========================================


==========================================
Time   : 2026-08-02 10:44:39 WIB
Farm   : 4
Commit : #328
Status : SUCCESS
==========================================


==========================================
Time   : 2026-08-02 13:21:30 WIB
Farm   : 4
Commit : #329
Status : SUCCESS
==========================================


==========================================
Time   : 2026-08-02 15:39:35 WIB
Farm   : 4
Commit : #330
Status : SUCCESS
==========================================


==========================================
Time   : 2026-08-02 17:18:21 WIB
Farm   : 4
Commit : #331
Status : SUCCESS
==========================================


==========================================
Time   : 2026-08-02 18:36:26 WIB
Farm   : 4
Commit : #332
Status : SUCCESS
==========================================


==========================================
Time   : 2026-08-02 19:39:20 WIB
Farm   : 4
Commit : #333
Status : SUCCESS
==========================================


==========================================
Time   : 2026-08-02 21:11:34 WIB
Farm   : 4
Commit : #334
Status : SUCCESS
==========================================


==========================================
Time   : 2026-08-02 22:17:21 WIB
Farm   : 4
Commit : #335
Status : SUCCESS
==========================================


==========================================
Time   : 2026-08-02 23:13:42 WIB
Farm   : 4
Commit : #336
Status : SUCCESS
==========================================


==========================================
Time   : 2026-08-03 00:13:56 WIB
Farm   : 4
Commit : #337
Status : SUCCESS
==========================================


==========================================
Time   : 2026-08-03 01:10:58 WIB
Farm   : 4
Commit : #338
Status : SUCCESS
==========================================


==========================================
Time   : 2026-08-03 02:31:06 WIB
Farm   : 4
Commit : #339
Status : SUCCESS
==========================================


==========================================
Time   : 2026-08-03 03:29:43 WIB
Farm   : 4
Commit : #340
Status : SUCCESS
==========================================


==========================================
Time   : 2026-08-03 04:24:34 WIB
Farm   : 4
Commit : #341
Status : SUCCESS
==========================================


==========================================
Time   : 2026-08-03 05:14:43 WIB
Farm   : 4
Commit : #342
Status : SUCCESS
==========================================


==========================================
Time   : 2026-08-03 07:10:31 WIB
Farm   : 4
Commit : #343
Status : SUCCESS
==========================================


==========================================
Time   : 2026-08-03 10:49:38 WIB
Farm   : 4
Commit : #344
Status : SUCCESS
==========================================


==========================================
Time   : 2026-08-03 13:48:32 WIB
Farm   : 4
Commit : #345
Status : SUCCESS
==========================================


==========================================
Time   : 2026-08-03 17:28:53 WIB
Farm   : 4
Commit : #346
Status : SUCCESS
==========================================


==========================================
Time   : 2026-08-03 20:24:14 WIB
Farm   : 4
Commit : #347
Status : SUCCESS
==========================================


==========================================
Time   : 2026-08-03 22:58:00 WIB
Farm   : 4
Commit : #348
Status : SUCCESS
==========================================


==========================================
Time   : 2026-08-04 00:45:35 WIB
Farm   : 4
Commit : #349
Status : SUCCESS
==========================================


==========================================
Time   : 2026-08-04 02:11:06 WIB
Farm   : 4
Commit : #350
Status : SUCCESS
==========================================


==========================================
Time   : 2026-08-04 03:38:43 WIB
Farm   : 4
Commit : #351
Status : SUCCESS
==========================================


==========================================
Time   : 2026-08-04 04:46:16 WIB
Farm   : 4
Commit : #352
Status : SUCCESS
==========================================


==========================================
Time   : 2026-08-04 05:42:36 WIB
Farm   : 4
Commit : #353
Status : SUCCESS
==========================================


==========================================
Time   : 2026-08-04 06:46:09 WIB
Farm   : 4
Commit : #354
Status : SUCCESS
==========================================


==========================================
Time   : 2026-08-04 08:06:36 WIB
Farm   : 4
Commit : #355
Status : SUCCESS
==========================================


==========================================
Time   : 2026-08-04 11:22:10 WIB
Farm   : 4
Commit : #356
Status : SUCCESS
==========================================


==========================================
Time   : 2026-08-04 18:39:08 WIB
Farm   : 4
Commit : #357
Status : SUCCESS
==========================================


==========================================
Time   : 2026-08-04 20:20:56 WIB
Farm   : 4
Commit : #358
Status : SUCCESS
==========================================


==========================================
Time   : 2026-08-04 22:40:19 WIB
Farm   : 4
Commit : #359
Status : SUCCESS
==========================================


==========================================
Time   : 2026-08-05 01:54:48 WIB
Farm   : 4
Commit : #360
Status : SUCCESS
==========================================


==========================================
Time   : 2026-08-05 03:14:59 WIB
Farm   : 4
Commit : #361
Status : SUCCESS
==========================================


==========================================
Time   : 2026-08-05 04:35:40 WIB
Farm   : 4
Commit : #362
Status : SUCCESS
==========================================


==========================================
Time   : 2026-08-05 05:39:12 WIB
Farm   : 4
Commit : #363
Status : SUCCESS
==========================================


==========================================
Time   : 2026-08-05 08:01:03 WIB
Farm   : 4
Commit : #364
Status : SUCCESS
==========================================


==========================================
Time   : 2026-08-05 11:01:57 WIB
Farm   : 4
Commit : #365
Status : SUCCESS
==========================================


==========================================
Time   : 2026-08-05 13:29:31 WIB
Farm   : 4
Commit : #366
Status : SUCCESS
==========================================


==========================================
Time   : 2026-08-05 16:19:41 WIB
Farm   : 4
Commit : #367
Status : SUCCESS
==========================================


==========================================
Time   : 2026-08-05 18:32:29 WIB
Farm   : 4
Commit : #368
Status : SUCCESS
==========================================


==========================================
Time   : 2026-08-05 20:11:29 WIB
Farm   : 4
Commit : #369
Status : SUCCESS
==========================================


==========================================
Time   : 2026-08-05 22:25:04 WIB
Farm   : 4
Commit : #370
Status : SUCCESS
==========================================


==========================================
Time   : 2026-08-05 23:56:30 WIB
Farm   : 4
Commit : #371
Status : SUCCESS
==========================================


==========================================
Time   : 2026-08-06 01:14:48 WIB
Farm   : 4
Commit : #372
Status : SUCCESS
==========================================


==========================================
Time   : 2026-08-06 02:54:33 WIB
Farm   : 4
Commit : #373
Status : SUCCESS
==========================================


==========================================
Time   : 2026-08-06 04:59:46 WIB
Farm   : 4
Commit : #374
Status : SUCCESS
==========================================


==========================================
Time   : 2026-08-06 05:56:46 WIB
Farm   : 4
Commit : #375
Status : SUCCESS
==========================================


==========================================
Time   : 2026-08-06 06:43:56 WIB
Farm   : 4
Commit : #376
Status : SUCCESS
==========================================


==========================================
Time   : 2026-08-06 08:05:28 WIB
Farm   : 4
Commit : #377
Status : SUCCESS
==========================================


==========================================
Time   : 2026-08-06 11:22:20 WIB
Farm   : 4
Commit : #378
Status : SUCCESS
==========================================


==========================================
Time   : 2026-08-06 14:07:30 WIB
Farm   : 4
Commit : #379
Status : SUCCESS
==========================================


==========================================
Time   : 2026-08-06 16:47:12 WIB
Farm   : 4
Commit : #380
Status : SUCCESS
==========================================


==========================================
Time   : 2026-08-06 18:52:40 WIB
Farm   : 4
Commit : #381
Status : SUCCESS
==========================================


==========================================
Time   : 2026-08-06 20:24:59 WIB
Farm   : 4
Commit : #382
Status : SUCCESS
==========================================


==========================================
Time   : 2026-08-06 22:35:59 WIB
Farm   : 4
Commit : #383
Status : SUCCESS
==========================================


==========================================
Time   : 2026-08-07 07:28:32 WIB
Farm   : 4
Commit : #384
Status : SUCCESS
==========================================


==========================================
Time   : 2026-08-07 10:26:19 WIB
Farm   : 4
Commit : #385
Status : SUCCESS
==========================================


==========================================
Time   : 2026-08-07 12:10:33 WIB
Farm   : 4
Commit : #386
Status : SUCCESS
==========================================


==========================================
Time   : 2026-08-07 13:16:43 WIB
Farm   : 4
Commit : #387
Status : SUCCESS
==========================================


==========================================
Time   : 2026-08-07 14:42:38 WIB
Farm   : 4
Commit : #388
Status : SUCCESS
==========================================


==========================================
Time   : 2026-08-07 15:39:08 WIB
Farm   : 4
Commit : #389
Status : SUCCESS
==========================================


==========================================
Time   : 2026-08-07 16:36:38 WIB
Farm   : 4
Commit : #390
Status : SUCCESS
==========================================


==========================================
Time   : 2026-08-07 17:30:07 WIB
Farm   : 4
Commit : #391
Status : SUCCESS
==========================================


==========================================
Time   : 2026-08-07 18:21:54 WIB
Farm   : 4
Commit : #392
Status : SUCCESS
==========================================


==========================================
Time   : 2026-08-07 19:02:48 WIB
Farm   : 4
Commit : #393
Status : SUCCESS
==========================================


==========================================
Time   : 2026-08-07 22:09:57 WIB
Farm   : 4
Commit : #394
Status : SUCCESS
==========================================


==========================================
Time   : 2026-08-07 23:07:05 WIB
Farm   : 4
Commit : #395
Status : SUCCESS
==========================================


==========================================
Time   : 2026-08-08 00:02:38 WIB
Farm   : 4
Commit : #396
Status : SUCCESS
==========================================


==========================================
Time   : 2026-08-08 00:52:40 WIB
Farm   : 4
Commit : #397
Status : SUCCESS
==========================================


==========================================
Time   : 2026-08-08 01:33:40 WIB
Farm   : 4
Commit : #398
Status : SUCCESS
==========================================


==========================================
Time   : 2026-08-08 02:34:28 WIB
Farm   : 4
Commit : #399
Status : SUCCESS
==========================================


==========================================
Time   : 2026-08-08 03:09:08 WIB
Farm   : 4
Commit : #400
Status : SUCCESS
==========================================


==========================================
Time   : 2026-08-08 05:01:38 WIB
Farm   : 4
Commit : #401
Status : SUCCESS
==========================================


==========================================
Time   : 2026-08-08 06:44:17 WIB
Farm   : 4
Commit : #402
Status : SUCCESS
==========================================


==========================================
Time   : 2026-08-08 07:07:00 WIB
Farm   : 4
Commit : #403
Status : SUCCESS
==========================================


==========================================
Time   : 2026-08-08 09:12:06 WIB
Farm   : 4
Commit : #404
Status : SUCCESS
==========================================


==========================================
Time   : 2026-08-08 10:43:28 WIB
Farm   : 4
Commit : #405
Status : SUCCESS
==========================================


==========================================
Time   : 2026-08-08 11:38:09 WIB
Farm   : 4
Commit : #406
Status : SUCCESS
==========================================


==========================================
Time   : 2026-08-08 12:23:26 WIB
Farm   : 4
Commit : #407
Status : SUCCESS
==========================================


==========================================
Time   : 2026-08-08 13:02:00 WIB
Farm   : 4
Commit : #408
Status : SUCCESS
==========================================


==========================================
Time   : 2026-08-08 13:55:02 WIB
Farm   : 4
Commit : #409
Status : SUCCESS
==========================================


==========================================
Time   : 2026-08-08 14:38:25 WIB
Farm   : 4
Commit : #410
Status : SUCCESS
==========================================


==========================================
Time   : 2026-08-08 15:11:25 WIB
Farm   : 4
Commit : #411
Status : SUCCESS
==========================================


==========================================
Time   : 2026-08-08 15:57:29 WIB
Farm   : 4
Commit : #412
Status : SUCCESS
==========================================


==========================================
Time   : 2026-08-08 18:02:19 WIB
Farm   : 4
Commit : #413
Status : SUCCESS
==========================================


==========================================
Time   : 2026-08-08 18:32:06 WIB
Farm   : 4
Commit : #414
Status : SUCCESS
==========================================


==========================================
Time   : 2026-08-08 18:55:22 WIB
Farm   : 4
Commit : #415
Status : SUCCESS
==========================================


==========================================
Time   : 2026-08-08 20:15:42 WIB
Farm   : 4
Commit : #416
Status : SUCCESS
==========================================


==========================================
Time   : 2026-08-08 21:21:39 WIB
Farm   : 4
Commit : #417
Status : SUCCESS
==========================================


==========================================
Time   : 2026-08-08 21:53:51 WIB
Farm   : 4
Commit : #418
Status : SUCCESS
==========================================


==========================================
Time   : 2026-08-08 22:15:57 WIB
Farm   : 4
Commit : #419
Status : SUCCESS
==========================================


==========================================
Time   : 2026-08-08 23:43:25 WIB
Farm   : 4
Commit : #420
Status : SUCCESS
==========================================


==========================================
Time   : 2026-08-09 00:07:35 WIB
Farm   : 4
Commit : #421
Status : SUCCESS
==========================================


==========================================
Time   : 2026-08-09 00:40:05 WIB
Farm   : 4
Commit : #422
Status : SUCCESS
==========================================


==========================================
Time   : 2026-08-09 01:01:05 WIB
Farm   : 4
Commit : #423
Status : SUCCESS
==========================================


==========================================
Time   : 2026-08-09 01:41:27 WIB
Farm   : 4
Commit : #424
Status : SUCCESS
==========================================


==========================================
Time   : 2026-08-09 02:14:52 WIB
Farm   : 4
Commit : #425
Status : SUCCESS
==========================================


==========================================
Time   : 2026-08-09 03:34:25 WIB
Farm   : 4
Commit : #426
Status : SUCCESS
==========================================


==========================================
Time   : 2026-08-09 04:02:08 WIB
Farm   : 4
Commit : #427
Status : SUCCESS
==========================================


==========================================
Time   : 2026-08-09 04:34:01 WIB
Farm   : 4
Commit : #428
Status : SUCCESS
==========================================


==========================================
Time   : 2026-08-09 04:56:46 WIB
Farm   : 4
Commit : #429
Status : SUCCESS
==========================================


==========================================
Time   : 2026-08-09 05:49:58 WIB
Farm   : 4
Commit : #430
Status : SUCCESS
==========================================


==========================================
Time   : 2026-08-09 06:11:59 WIB
Farm   : 4
Commit : #431
Status : SUCCESS
==========================================


==========================================
Time   : 2026-08-09 08:51:21 WIB
Farm   : 4
Commit : #432
Status : SUCCESS
==========================================


==========================================
Time   : 2026-08-09 10:22:01 WIB
Farm   : 4
Commit : #433
Status : SUCCESS
==========================================


==========================================
Time   : 2026-08-09 11:42:32 WIB
Farm   : 4
Commit : #434
Status : SUCCESS
==========================================


==========================================
Time   : 2026-08-09 12:32:36 WIB
Farm   : 4
Commit : #435
Status : SUCCESS
==========================================


==========================================
Time   : 2026-08-09 13:10:58 WIB
Farm   : 4
Commit : #436
Status : SUCCESS
==========================================


==========================================
Time   : 2026-08-09 15:00:18 WIB
Farm   : 4
Commit : #437
Status : SUCCESS
==========================================


==========================================
Time   : 2026-08-09 15:38:26 WIB
Farm   : 4
Commit : #438
Status : SUCCESS
==========================================


==========================================
Time   : 2026-08-09 16:21:34 WIB
Farm   : 4
Commit : #439
Status : SUCCESS
==========================================


==========================================
Time   : 2026-08-09 17:01:55 WIB
Farm   : 4
Commit : #440
Status : SUCCESS
==========================================


==========================================
Time   : 2026-08-09 17:35:03 WIB
Farm   : 4
Commit : #441
Status : SUCCESS
==========================================


==========================================
Time   : 2026-08-09 18:38:42 WIB
Farm   : 4
Commit : #442
Status : SUCCESS
==========================================


==========================================
Time   : 2026-08-09 19:41:54 WIB
Farm   : 4
Commit : #443
Status : SUCCESS
==========================================


==========================================
Time   : 2026-08-09 20:35:34 WIB
Farm   : 4
Commit : #444
Status : SUCCESS
==========================================


==========================================
Time   : 2026-08-09 21:11:40 WIB
Farm   : 4
Commit : #445
Status : SUCCESS
==========================================


==========================================
Time   : 2026-08-09 21:49:00 WIB
Farm   : 4
Commit : #446
Status : SUCCESS
==========================================


==========================================
Time   : 2026-08-09 22:46:53 WIB
Farm   : 4
Commit : #447
Status : SUCCESS
==========================================


==========================================
Time   : 2026-08-09 23:05:06 WIB
Farm   : 4
Commit : #448
Status : SUCCESS
==========================================


==========================================
Time   : 2026-08-10 00:16:28 WIB
Farm   : 4
Commit : #449
Status : SUCCESS
==========================================


==========================================
Time   : 2026-08-10 00:48:00 WIB
Farm   : 4
Commit : #450
Status : SUCCESS
==========================================


==========================================
Time   : 2026-08-10 02:02:10 WIB
Farm   : 4
Commit : #451
Status : SUCCESS
==========================================


==========================================
Time   : 2026-08-10 02:33:22 WIB
Farm   : 4
Commit : #452
Status : SUCCESS
==========================================


==========================================
Time   : 2026-08-10 03:28:00 WIB
Farm   : 4
Commit : #453
Status : SUCCESS
==========================================


==========================================
Time   : 2026-08-10 04:01:25 WIB
Farm   : 4
Commit : #454
Status : SUCCESS
==========================================


==========================================
Time   : 2026-08-10 04:35:47 WIB
Farm   : 4
Commit : #455
Status : SUCCESS
==========================================


==========================================
Time   : 2026-08-10 05:01:48 WIB
Farm   : 4
Commit : #456
Status : SUCCESS
==========================================


==========================================
Time   : 2026-08-10 05:32:39 WIB
Farm   : 4
Commit : #457
Status : SUCCESS
==========================================


==========================================
Time   : 2026-08-10 06:02:02 WIB
Farm   : 4
Commit : #458
Status : SUCCESS
==========================================


==========================================
Time   : 2026-08-10 06:32:14 WIB
Farm   : 4
Commit : #459
Status : SUCCESS
==========================================


==========================================
Time   : 2026-08-10 08:23:37 WIB
Farm   : 4
Commit : #460
Status : SUCCESS
==========================================


==========================================
Time   : 2026-08-10 10:20:33 WIB
Farm   : 4
Commit : #461
Status : SUCCESS
==========================================


==========================================
Time   : 2026-08-10 11:58:37 WIB
Farm   : 4
Commit : #462
Status : SUCCESS
==========================================


==========================================
Time   : 2026-08-10 13:09:41 WIB
Farm   : 4
Commit : #463
Status : SUCCESS
==========================================


==========================================
Time   : 2026-08-10 14:59:59 WIB
Farm   : 4
Commit : #464
Status : SUCCESS
==========================================


==========================================
Time   : 2026-08-10 16:19:22 WIB
Farm   : 4
Commit : #465
Status : SUCCESS
==========================================


==========================================
Time   : 2026-08-10 18:33:07 WIB
Farm   : 4
Commit : #466
Status : SUCCESS
==========================================


==========================================
Time   : 2026-08-10 19:11:06 WIB
Farm   : 4
Commit : #467
Status : SUCCESS
==========================================


==========================================
Time   : 2026-08-10 20:38:15 WIB
Farm   : 4
Commit : #468
Status : SUCCESS
==========================================


==========================================
Time   : 2026-08-10 21:41:51 WIB
Farm   : 4
Commit : #469
Status : SUCCESS
==========================================


==========================================
Time   : 2026-08-10 22:35:25 WIB
Farm   : 4
Commit : #470
Status : SUCCESS
==========================================


==========================================
Time   : 2026-08-10 23:25:46 WIB
Farm   : 4
Commit : #471
Status : SUCCESS
==========================================


==========================================
Time   : 2026-08-11 00:15:48 WIB
Farm   : 4
Commit : #472
Status : SUCCESS
==========================================


==========================================
Time   : 2026-08-11 01:03:40 WIB
Farm   : 4
Commit : #473
Status : SUCCESS
==========================================


==========================================
Time   : 2026-08-11 02:08:35 WIB
Farm   : 4
Commit : #474
Status : SUCCESS
==========================================


==========================================
Time   : 2026-08-11 02:58:57 WIB
Farm   : 4
Commit : #475
Status : SUCCESS
==========================================


==========================================
Time   : 2026-08-11 03:34:59 WIB
Farm   : 4
Commit : #476
Status : SUCCESS
==========================================


==========================================
Time   : 2026-08-11 04:22:09 WIB
Farm   : 4
Commit : #477
Status : SUCCESS
==========================================


==========================================
Time   : 2026-08-11 05:02:42 WIB
Farm   : 4
Commit : #478
Status : SUCCESS
==========================================


==========================================
Time   : 2026-08-11 05:42:57 WIB
Farm   : 4
Commit : #479
Status : SUCCESS
==========================================


==========================================
Time   : 2026-08-11 06:17:17 WIB
Farm   : 4
Commit : #480
Status : SUCCESS
==========================================


==========================================
Time   : 2026-08-11 06:52:45 WIB
Farm   : 4
Commit : #481
Status : SUCCESS
==========================================


==========================================
Time   : 2026-08-11 11:04:11 WIB
Farm   : 4
Commit : #482
Status : SUCCESS
==========================================


==========================================
Time   : 2026-08-11 13:04:57 WIB
Farm   : 4
Commit : #483
Status : SUCCESS
==========================================


==========================================
Time   : 2026-08-11 14:21:33 WIB
Farm   : 4
Commit : #484
Status : SUCCESS
==========================================


==========================================
Time   : 2026-08-11 15:18:25 WIB
Farm   : 4
Commit : #485
Status : SUCCESS
==========================================


==========================================
Time   : 2026-08-11 16:16:38 WIB
Farm   : 4
Commit : #486
Status : SUCCESS
==========================================


==========================================
Time   : 2026-08-11 17:11:46 WIB
Farm   : 4
Commit : #487
Status : SUCCESS
==========================================


==========================================
Time   : 2026-08-11 18:04:00 WIB
Farm   : 4
Commit : #488
Status : SUCCESS
==========================================


==========================================
Time   : 2026-08-11 18:49:58 WIB
Farm   : 4
Commit : #489
Status : SUCCESS
==========================================


==========================================
Time   : 2026-08-11 20:54:30 WIB
Farm   : 4
Commit : #490
Status : SUCCESS
==========================================


==========================================
Time   : 2026-08-11 21:48:17 WIB
Farm   : 4
Commit : #491
Status : SUCCESS
==========================================


==========================================
Time   : 2026-08-11 22:42:25 WIB
Farm   : 4
Commit : #492
Status : SUCCESS
==========================================


==========================================
Time   : 2026-08-11 23:31:47 WIB
Farm   : 4
Commit : #493
Status : SUCCESS
==========================================


==========================================
Time   : 2026-08-12 00:29:59 WIB
Farm   : 4
Commit : #494
Status : SUCCESS
==========================================


==========================================
Time   : 2026-08-12 01:24:32 WIB
Farm   : 4
Commit : #495
Status : SUCCESS
==========================================

