
==========================================
Time   : 2026-07-08 17:50:01 WIB
Farm   : 1
Commit : #1
Status : SUCCESS
==========================================


==========================================
Time   : 2026-07-08 19:10:07 WIB
Farm   : 1
Commit : #2
Status : SUCCESS
==========================================


==========================================
Time   : 2026-07-08 21:38:13 WIB
Farm   : 1
Commit : #3
Status : SUCCESS
==========================================


==========================================
Time   : 2026-07-08 23:17:22 WIB
Farm   : 1
Commit : #4
Status : SUCCESS
==========================================


==========================================
Time   : 2026-07-09 00:54:10 WIB
Farm   : 1
Commit : #5
Status : SUCCESS
==========================================


==========================================
Time   : 2026-07-09 02:01:37 WIB
Farm   : 1
Commit : #6
Status : SUCCESS
==========================================


==========================================
Time   : 2026-07-09 03:24:05 WIB
Farm   : 1
Commit : #7
Status : SUCCESS
==========================================


==========================================
Time   : 2026-07-09 04:36:52 WIB
Farm   : 1
Commit : #8
Status : SUCCESS
==========================================


==========================================
Time   : 2026-07-09 06:41:43 WIB
Farm   : 1
Commit : #9
Status : SUCCESS
==========================================


==========================================
Time   : 2026-07-09 08:14:49 WIB
Farm   : 1
Commit : #10
Status : SUCCESS
==========================================


==========================================
Time   : 2026-07-09 15:39:15 WIB
Farm   : 1
Commit : #11
Status : SUCCESS
==========================================


==========================================
Time   : 2026-07-09 18:32:06 WIB
Farm   : 1
Commit : #12
Status : SUCCESS
==========================================


==========================================
Time   : 2026-07-09 23:37:01 WIB
Farm   : 1
Commit : #13
Status : SUCCESS
==========================================


==========================================
Time   : 2026-07-10 04:43:21 WIB
Farm   : 1
Commit : #14
Status : SUCCESS
==========================================


==========================================
Time   : 2026-07-10 05:56:01 WIB
Farm   : 1
Commit : #15
Status : SUCCESS
==========================================


==========================================
Time   : 2026-07-10 07:01:21 WIB
Farm   : 1
Commit : #16
Status : SUCCESS
==========================================


==========================================
Time   : 2026-07-10 10:51:52 WIB
Farm   : 1
Commit : #17
Status : SUCCESS
==========================================


==========================================
Time   : 2026-07-10 14:24:56 WIB
Farm   : 1
Commit : #18
Status : SUCCESS
==========================================


==========================================
Time   : 2026-07-10 17:32:16 WIB
Farm   : 1
Commit : #19
Status : SUCCESS
==========================================


==========================================
Time   : 2026-07-10 19:42:01 WIB
Farm   : 1
Commit : #20
Status : SUCCESS
==========================================


==========================================
Time   : 2026-07-10 22:20:17 WIB
Farm   : 1
Commit : #21
Status : SUCCESS
==========================================


==========================================
Time   : 2026-07-11 00:12:47 WIB
Farm   : 1
Commit : #22
Status : SUCCESS
==========================================


==========================================
Time   : 2026-07-11 01:44:29 WIB
Farm   : 1
Commit : #23
Status : SUCCESS
==========================================


==========================================
Time   : 2026-07-11 03:07:34 WIB
Farm   : 1
Commit : #24
Status : SUCCESS
==========================================


==========================================
Time   : 2026-07-11 05:18:34 WIB
Farm   : 1
Commit : #25
Status : SUCCESS
==========================================


==========================================
Time   : 2026-07-11 10:42:24 WIB
Farm   : 1
Commit : #26
Status : SUCCESS
==========================================


==========================================
Time   : 2026-07-11 13:01:22 WIB
Farm   : 1
Commit : #27
Status : SUCCESS
==========================================


==========================================
Time   : 2026-07-11 15:05:41 WIB
Farm   : 1
Commit : #28
Status : SUCCESS
==========================================


==========================================
Time   : 2026-07-11 16:47:21 WIB
Farm   : 1
Commit : #29
Status : SUCCESS
==========================================


==========================================
Time   : 2026-07-11 17:47:33 WIB
Farm   : 1
Commit : #30
Status : SUCCESS
==========================================


==========================================
Time   : 2026-07-11 18:38:08 WIB
Farm   : 1
Commit : #31
Status : SUCCESS
==========================================


==========================================
Time   : 2026-07-11 19:36:44 WIB
Farm   : 1
Commit : #32
Status : SUCCESS
==========================================


==========================================
Time   : 2026-07-11 21:07:34 WIB
Farm   : 1
Commit : #33
Status : SUCCESS
==========================================


==========================================
Time   : 2026-07-11 22:10:41 WIB
Farm   : 1
Commit : #34
Status : SUCCESS
==========================================


==========================================
Time   : 2026-07-11 23:10:28 WIB
Farm   : 1
Commit : #35
Status : SUCCESS
==========================================


==========================================
Time   : 2026-07-12 01:08:01 WIB
Farm   : 1
Commit : #36
Status : SUCCESS
==========================================


==========================================
Time   : 2026-07-12 02:22:07 WIB
Farm   : 1
Commit : #37
Status : SUCCESS
==========================================


==========================================
Time   : 2026-07-12 04:07:45 WIB
Farm   : 1
Commit : #38
Status : SUCCESS
==========================================


==========================================
Time   : 2026-07-12 05:02:35 WIB
Farm   : 1
Commit : #39
Status : SUCCESS
==========================================


==========================================
Time   : 2026-07-12 05:59:29 WIB
Farm   : 1
Commit : #40
Status : SUCCESS
==========================================


==========================================
Time   : 2026-07-12 08:58:51 WIB
Farm   : 1
Commit : #41
Status : SUCCESS
==========================================


==========================================
Time   : 2026-07-12 12:28:53 WIB
Farm   : 1
Commit : #42
Status : SUCCESS
==========================================


==========================================
Time   : 2026-07-12 14:40:28 WIB
Farm   : 1
Commit : #43
Status : SUCCESS
==========================================


==========================================
Time   : 2026-07-12 16:30:41 WIB
Farm   : 1
Commit : #44
Status : SUCCESS
==========================================


==========================================
Time   : 2026-07-12 17:55:12 WIB
Farm   : 1
Commit : #45
Status : SUCCESS
==========================================


==========================================
Time   : 2026-07-12 18:51:01 WIB
Farm   : 1
Commit : #46
Status : SUCCESS
==========================================


==========================================
Time   : 2026-07-12 19:43:40 WIB
Farm   : 1
Commit : #47
Status : SUCCESS
==========================================


==========================================
Time   : 2026-07-12 21:14:03 WIB
Farm   : 1
Commit : #48
Status : SUCCESS
==========================================


==========================================
Time   : 2026-07-13 00:19:03 WIB
Farm   : 1
Commit : #49
Status : SUCCESS
==========================================


==========================================
Time   : 2026-07-13 02:30:19 WIB
Farm   : 1
Commit : #50
Status : SUCCESS
==========================================


==========================================
Time   : 2026-07-13 03:21:54 WIB
Farm   : 1
Commit : #51
Status : SUCCESS
==========================================


==========================================
Time   : 2026-07-13 04:10:22 WIB
Farm   : 1
Commit : #52
Status : SUCCESS
==========================================


==========================================
Time   : 2026-07-13 06:02:55 WIB
Farm   : 1
Commit : #53
Status : SUCCESS
==========================================


==========================================
Time   : 2026-07-13 07:03:12 WIB
Farm   : 1
Commit : #54
Status : SUCCESS
==========================================


==========================================
Time   : 2026-07-13 13:41:15 WIB
Farm   : 1
Commit : #55
Status : SUCCESS
==========================================


==========================================
Time   : 2026-07-13 16:58:31 WIB
Farm   : 1
Commit : #56
Status : SUCCESS
==========================================


==========================================
Time   : 2026-07-13 19:30:49 WIB
Farm   : 1
Commit : #57
Status : SUCCESS
==========================================


==========================================
Time   : 2026-07-13 22:22:47 WIB
Farm   : 1
Commit : #58
Status : SUCCESS
==========================================


==========================================
Time   : 2026-07-14 00:26:34 WIB
Farm   : 1
Commit : #59
Status : SUCCESS
==========================================


==========================================
Time   : 2026-07-14 01:54:37 WIB
Farm   : 1
Commit : #60
Status : SUCCESS
==========================================


==========================================
Time   : 2026-07-14 03:07:22 WIB
Farm   : 1
Commit : #61
Status : SUCCESS
==========================================


==========================================
Time   : 2026-07-14 04:10:53 WIB
Farm   : 1
Commit : #62
Status : SUCCESS
==========================================


==========================================
Time   : 2026-07-14 05:07:54 WIB
Farm   : 1
Commit : #63
Status : SUCCESS
==========================================


==========================================
Time   : 2026-07-14 06:08:57 WIB
Farm   : 1
Commit : #64
Status : SUCCESS
==========================================


==========================================
Time   : 2026-07-14 10:23:52 WIB
Farm   : 1
Commit : #65
Status : SUCCESS
==========================================


==========================================
Time   : 2026-07-14 12:43:48 WIB
Farm   : 1
Commit : #66
Status : SUCCESS
==========================================


==========================================
Time   : 2026-07-14 14:28:32 WIB
Farm   : 1
Commit : #67
Status : SUCCESS
==========================================


==========================================
Time   : 2026-07-14 16:25:09 WIB
Farm   : 1
Commit : #68
Status : SUCCESS
==========================================


==========================================
Time   : 2026-07-14 19:21:38 WIB
Farm   : 1
Commit : #69
Status : SUCCESS
==========================================


==========================================
Time   : 2026-07-14 21:18:44 WIB
Farm   : 1
Commit : #70
Status : SUCCESS
==========================================


==========================================
Time   : 2026-07-14 22:51:01 WIB
Farm   : 1
Commit : #71
Status : SUCCESS
==========================================


==========================================
Time   : 2026-07-15 00:57:19 WIB
Farm   : 1
Commit : #72
Status : SUCCESS
==========================================


==========================================
Time   : 2026-07-15 02:17:13 WIB
Farm   : 1
Commit : #73
Status : SUCCESS
==========================================


==========================================
Time   : 2026-07-15 03:33:23 WIB
Farm   : 1
Commit : #74
Status : SUCCESS
==========================================


==========================================
Time   : 2026-07-15 04:34:01 WIB
Farm   : 1
Commit : #75
Status : SUCCESS
==========================================


==========================================
Time   : 2026-07-15 05:34:53 WIB
Farm   : 1
Commit : #76
Status : SUCCESS
==========================================


==========================================
Time   : 2026-07-15 07:12:46 WIB
Farm   : 1
Commit : #77
Status : SUCCESS
==========================================


==========================================
Time   : 2026-07-15 10:35:40 WIB
Farm   : 1
Commit : #78
Status : SUCCESS
==========================================


==========================================
Time   : 2026-07-15 14:57:45 WIB
Farm   : 1
Commit : #79
Status : SUCCESS
==========================================


==========================================
Time   : 2026-07-15 17:00:59 WIB
Farm   : 1
Commit : #80
Status : SUCCESS
==========================================


==========================================
Time   : 2026-07-15 18:38:01 WIB
Farm   : 1
Commit : #81
Status : SUCCESS
==========================================


==========================================
Time   : 2026-07-15 19:58:16 WIB
Farm   : 1
Commit : #82
Status : SUCCESS
==========================================


==========================================
Time   : 2026-07-15 21:46:39 WIB
Farm   : 1
Commit : #83
Status : SUCCESS
==========================================


==========================================
Time   : 2026-07-15 23:08:50 WIB
Farm   : 1
Commit : #84
Status : SUCCESS
==========================================


==========================================
Time   : 2026-07-16 01:42:02 WIB
Farm   : 1
Commit : #85
Status : SUCCESS
==========================================


==========================================
Time   : 2026-07-16 02:51:00 WIB
Farm   : 1
Commit : #86
Status : SUCCESS
==========================================


==========================================
Time   : 2026-07-16 05:38:51 WIB
Farm   : 1
Commit : #87
Status : SUCCESS
==========================================


==========================================
Time   : 2026-07-16 08:06:07 WIB
Farm   : 1
Commit : #88
Status : SUCCESS
==========================================


==========================================
Time   : 2026-07-16 11:20:22 WIB
Farm   : 1
Commit : #89
Status : SUCCESS
==========================================


==========================================
Time   : 2026-07-16 13:35:35 WIB
Farm   : 1
Commit : #90
Status : SUCCESS
==========================================


==========================================
Time   : 2026-07-16 15:57:52 WIB
Farm   : 1
Commit : #91
Status : SUCCESS
==========================================


==========================================
Time   : 2026-07-16 17:59:09 WIB
Farm   : 1
Commit : #92
Status : SUCCESS
==========================================


==========================================
Time   : 2026-07-16 19:21:15 WIB
Farm   : 1
Commit : #93
Status : SUCCESS
==========================================


==========================================
Time   : 2026-07-16 21:29:05 WIB
Farm   : 1
Commit : #94
Status : SUCCESS
==========================================


==========================================
Time   : 2026-07-16 22:56:25 WIB
Farm   : 1
Commit : #95
Status : SUCCESS
==========================================


==========================================
Time   : 2026-07-17 00:03:34 WIB
Farm   : 1
Commit : #96
Status : SUCCESS
==========================================


==========================================
Time   : 2026-07-17 01:15:51 WIB
Farm   : 1
Commit : #97
Status : SUCCESS
==========================================


==========================================
Time   : 2026-07-17 02:34:58 WIB
Farm   : 1
Commit : #98
Status : SUCCESS
==========================================


==========================================
Time   : 2026-07-17 04:35:03 WIB
Farm   : 1
Commit : #99
Status : SUCCESS
==========================================


==========================================
Time   : 2026-07-17 06:30:59 WIB
Farm   : 1
Commit : #100
Status : SUCCESS
==========================================


==========================================
Time   : 2026-07-17 08:03:36 WIB
Farm   : 1
Commit : #101
Status : SUCCESS
==========================================


==========================================
Time   : 2026-07-17 11:16:58 WIB
Farm   : 1
Commit : #102
Status : SUCCESS
==========================================


==========================================
Time   : 2026-07-17 17:23:30 WIB
Farm   : 1
Commit : #103
Status : SUCCESS
==========================================


==========================================
Time   : 2026-07-17 19:50:03 WIB
Farm   : 1
Commit : #104
Status : SUCCESS
==========================================


==========================================
Time   : 2026-07-17 21:20:38 WIB
Farm   : 1
Commit : #105
Status : SUCCESS
==========================================


==========================================
Time   : 2026-07-17 22:48:58 WIB
Farm   : 1
Commit : #106
Status : SUCCESS
==========================================


==========================================
Time   : 2026-07-17 23:52:23 WIB
Farm   : 1
Commit : #107
Status : SUCCESS
==========================================


==========================================
Time   : 2026-07-18 00:53:24 WIB
Farm   : 1
Commit : #108
Status : SUCCESS
==========================================


==========================================
Time   : 2026-07-18 04:29:29 WIB
Farm   : 1
Commit : #109
Status : SUCCESS
==========================================


==========================================
Time   : 2026-07-18 05:23:15 WIB
Farm   : 1
Commit : #110
Status : SUCCESS
==========================================


==========================================
Time   : 2026-07-18 06:13:03 WIB
Farm   : 1
Commit : #111
Status : SUCCESS
==========================================


==========================================
Time   : 2026-07-18 07:09:55 WIB
Farm   : 1
Commit : #112
Status : SUCCESS
==========================================


==========================================
Time   : 2026-07-18 10:27:42 WIB
Farm   : 1
Commit : #113
Status : SUCCESS
==========================================


==========================================
Time   : 2026-07-18 12:41:36 WIB
Farm   : 1
Commit : #114
Status : SUCCESS
==========================================


==========================================
Time   : 2026-07-18 17:25:55 WIB
Farm   : 1
Commit : #115
Status : SUCCESS
==========================================


==========================================
Time   : 2026-07-18 18:28:14 WIB
Farm   : 1
Commit : #116
Status : SUCCESS
==========================================


==========================================
Time   : 2026-07-18 19:11:43 WIB
Farm   : 1
Commit : #117
Status : SUCCESS
==========================================


==========================================
Time   : 2026-07-18 20:48:27 WIB
Farm   : 1
Commit : #118
Status : SUCCESS
==========================================


==========================================
Time   : 2026-07-18 21:41:11 WIB
Farm   : 1
Commit : #119
Status : SUCCESS
==========================================


==========================================
Time   : 2026-07-19 01:32:10 WIB
Farm   : 1
Commit : #120
Status : SUCCESS
==========================================


==========================================
Time   : 2026-07-19 02:46:05 WIB
Farm   : 1
Commit : #121
Status : SUCCESS
==========================================


==========================================
Time   : 2026-07-19 03:29:59 WIB
Farm   : 1
Commit : #122
Status : SUCCESS
==========================================


==========================================
Time   : 2026-07-19 04:26:26 WIB
Farm   : 1
Commit : #123
Status : SUCCESS
==========================================


==========================================
Time   : 2026-07-19 06:11:13 WIB
Farm   : 1
Commit : #124
Status : SUCCESS
==========================================


==========================================
Time   : 2026-07-19 07:07:47 WIB
Farm   : 1
Commit : #125
Status : SUCCESS
==========================================


==========================================
Time   : 2026-07-19 10:47:31 WIB
Farm   : 1
Commit : #126
Status : SUCCESS
==========================================


==========================================
Time   : 2026-07-19 13:17:52 WIB
Farm   : 1
Commit : #127
Status : SUCCESS
==========================================


==========================================
Time   : 2026-07-19 15:36:16 WIB
Farm   : 1
Commit : #128
Status : SUCCESS
==========================================


==========================================
Time   : 2026-07-19 17:11:05 WIB
Farm   : 1
Commit : #129
Status : SUCCESS
==========================================


==========================================
Time   : 2026-07-19 18:21:52 WIB
Farm   : 1
Commit : #130
Status : SUCCESS
==========================================


==========================================
Time   : 2026-07-19 19:09:45 WIB
Farm   : 1
Commit : #131
Status : SUCCESS
==========================================


==========================================
Time   : 2026-07-19 21:43:50 WIB
Farm   : 1
Commit : #132
Status : SUCCESS
==========================================


==========================================
Time   : 2026-07-19 22:40:03 WIB
Farm   : 1
Commit : #133
Status : SUCCESS
==========================================


==========================================
Time   : 2026-07-19 23:33:32 WIB
Farm   : 1
Commit : #134
Status : SUCCESS
==========================================


==========================================
Time   : 2026-07-20 01:33:12 WIB
Farm   : 1
Commit : #135
Status : SUCCESS
==========================================


==========================================
Time   : 2026-07-20 02:45:09 WIB
Farm   : 1
Commit : #136
Status : SUCCESS
==========================================


==========================================
Time   : 2026-07-20 03:30:49 WIB
Farm   : 1
Commit : #137
Status : SUCCESS
==========================================


==========================================
Time   : 2026-07-20 04:26:40 WIB
Farm   : 1
Commit : #138
Status : SUCCESS
==========================================


==========================================
Time   : 2026-07-20 06:17:04 WIB
Farm   : 1
Commit : #139
Status : SUCCESS
==========================================


==========================================
Time   : 2026-07-20 11:06:21 WIB
Farm   : 1
Commit : #140
Status : SUCCESS
==========================================


==========================================
Time   : 2026-07-20 17:22:26 WIB
Farm   : 1
Commit : #141
Status : SUCCESS
==========================================


==========================================
Time   : 2026-07-20 21:39:52 WIB
Farm   : 1
Commit : #142
Status : SUCCESS
==========================================


==========================================
Time   : 2026-07-20 23:12:21 WIB
Farm   : 1
Commit : #143
Status : SUCCESS
==========================================


==========================================
Time   : 2026-07-21 06:15:55 WIB
Farm   : 1
Commit : #144
Status : SUCCESS
==========================================


==========================================
Time   : 2026-07-21 10:41:54 WIB
Farm   : 1
Commit : #145
Status : SUCCESS
==========================================


==========================================
Time   : 2026-07-21 15:46:58 WIB
Farm   : 1
Commit : #146
Status : SUCCESS
==========================================


==========================================
Time   : 2026-07-21 19:15:28 WIB
Farm   : 1
Commit : #147
Status : SUCCESS
==========================================


==========================================
Time   : 2026-07-21 21:25:22 WIB
Farm   : 1
Commit : #148
Status : SUCCESS
==========================================


==========================================
Time   : 2026-07-21 23:00:21 WIB
Farm   : 1
Commit : #149
Status : SUCCESS
==========================================


==========================================
Time   : 2026-07-22 00:22:31 WIB
Farm   : 1
Commit : #150
Status : SUCCESS
==========================================


==========================================
Time   : 2026-07-22 01:44:54 WIB
Farm   : 1
Commit : #151
Status : SUCCESS
==========================================


==========================================
Time   : 2026-07-22 03:08:04 WIB
Farm   : 1
Commit : #152
Status : SUCCESS
==========================================


==========================================
Time   : 2026-07-22 06:14:08 WIB
Farm   : 1
Commit : #153
Status : SUCCESS
==========================================


==========================================
Time   : 2026-07-22 07:08:00 WIB
Farm   : 1
Commit : #154
Status : SUCCESS
==========================================


==========================================
Time   : 2026-07-22 10:39:53 WIB
Farm   : 1
Commit : #155
Status : SUCCESS
==========================================


==========================================
Time   : 2026-07-22 13:13:18 WIB
Farm   : 1
Commit : #156
Status : SUCCESS
==========================================


==========================================
Time   : 2026-07-22 15:44:20 WIB
Farm   : 1
Commit : #157
Status : SUCCESS
==========================================


==========================================
Time   : 2026-07-22 17:53:26 WIB
Farm   : 1
Commit : #158
Status : SUCCESS
==========================================


==========================================
Time   : 2026-07-22 22:59:13 WIB
Farm   : 1
Commit : #159
Status : SUCCESS
==========================================


==========================================
Time   : 2026-07-23 00:19:38 WIB
Farm   : 1
Commit : #160
Status : SUCCESS
==========================================


==========================================
Time   : 2026-07-23 01:38:28 WIB
Farm   : 1
Commit : #161
Status : SUCCESS
==========================================


==========================================
Time   : 2026-07-23 02:55:26 WIB
Farm   : 1
Commit : #162
Status : SUCCESS
==========================================


==========================================
Time   : 2026-07-23 03:56:38 WIB
Farm   : 1
Commit : #163
Status : SUCCESS
==========================================


==========================================
Time   : 2026-07-23 05:01:01 WIB
Farm   : 1
Commit : #164
Status : SUCCESS
==========================================


==========================================
Time   : 2026-07-23 06:10:08 WIB
Farm   : 1
Commit : #165
Status : SUCCESS
==========================================


==========================================
Time   : 2026-07-23 10:44:42 WIB
Farm   : 1
Commit : #166
Status : SUCCESS
==========================================


==========================================
Time   : 2026-07-23 13:18:39 WIB
Farm   : 1
Commit : #167
Status : SUCCESS
==========================================


==========================================
Time   : 2026-07-23 17:53:53 WIB
Farm   : 1
Commit : #168
Status : SUCCESS
==========================================


==========================================
Time   : 2026-07-23 21:36:58 WIB
Farm   : 1
Commit : #169
Status : SUCCESS
==========================================


==========================================
Time   : 2026-07-24 00:45:06 WIB
Farm   : 1
Commit : #170
Status : SUCCESS
==========================================


==========================================
Time   : 2026-07-24 04:16:01 WIB
Farm   : 1
Commit : #171
Status : SUCCESS
==========================================


==========================================
Time   : 2026-07-24 06:14:21 WIB
Farm   : 1
Commit : #172
Status : SUCCESS
==========================================


==========================================
Time   : 2026-07-24 13:12:57 WIB
Farm   : 1
Commit : #173
Status : SUCCESS
==========================================


==========================================
Time   : 2026-07-24 19:08:17 WIB
Farm   : 1
Commit : #174
Status : SUCCESS
==========================================


==========================================
Time   : 2026-07-24 22:41:10 WIB
Farm   : 1
Commit : #175
Status : SUCCESS
==========================================


==========================================
Time   : 2026-07-25 04:16:04 WIB
Farm   : 1
Commit : #176
Status : SUCCESS
==========================================


==========================================
Time   : 2026-07-25 05:19:45 WIB
Farm   : 1
Commit : #177
Status : SUCCESS
==========================================


==========================================
Time   : 2026-07-25 06:29:19 WIB
Farm   : 1
Commit : #178
Status : SUCCESS
==========================================


==========================================
Time   : 2026-07-25 08:03:39 WIB
Farm   : 1
Commit : #179
Status : SUCCESS
==========================================


==========================================
Time   : 2026-07-25 11:17:25 WIB
Farm   : 1
Commit : #180
Status : SUCCESS
==========================================


==========================================
Time   : 2026-07-25 13:32:51 WIB
Farm   : 1
Commit : #181
Status : SUCCESS
==========================================


==========================================
Time   : 2026-07-25 15:32:43 WIB
Farm   : 1
Commit : #182
Status : SUCCESS
==========================================


==========================================
Time   : 2026-07-25 17:11:14 WIB
Farm   : 1
Commit : #183
Status : SUCCESS
==========================================


==========================================
Time   : 2026-07-25 21:13:00 WIB
Farm   : 1
Commit : #184
Status : SUCCESS
==========================================


==========================================
Time   : 2026-07-25 23:15:00 WIB
Farm   : 1
Commit : #185
Status : SUCCESS
==========================================


==========================================
Time   : 2026-07-26 00:17:56 WIB
Farm   : 1
Commit : #186
Status : SUCCESS
==========================================


==========================================
Time   : 2026-07-26 01:11:21 WIB
Farm   : 1
Commit : #187
Status : SUCCESS
==========================================


==========================================
Time   : 2026-07-26 02:32:26 WIB
Farm   : 1
Commit : #188
Status : SUCCESS
==========================================


==========================================
Time   : 2026-07-26 03:29:29 WIB
Farm   : 1
Commit : #189
Status : SUCCESS
==========================================


==========================================
Time   : 2026-07-26 04:25:41 WIB
Farm   : 1
Commit : #190
Status : SUCCESS
==========================================


==========================================
Time   : 2026-07-26 05:25:05 WIB
Farm   : 1
Commit : #191
Status : SUCCESS
==========================================


==========================================
Time   : 2026-07-26 06:25:36 WIB
Farm   : 1
Commit : #192
Status : SUCCESS
==========================================


==========================================
Time   : 2026-07-26 08:04:33 WIB
Farm   : 1
Commit : #193
Status : SUCCESS
==========================================


==========================================
Time   : 2026-07-26 11:36:05 WIB
Farm   : 1
Commit : #194
Status : SUCCESS
==========================================


==========================================
Time   : 2026-07-26 14:14:39 WIB
Farm   : 1
Commit : #195
Status : SUCCESS
==========================================


==========================================
Time   : 2026-07-26 16:25:09 WIB
Farm   : 1
Commit : #196
Status : SUCCESS
==========================================


==========================================
Time   : 2026-07-26 17:56:44 WIB
Farm   : 1
Commit : #197
Status : SUCCESS
==========================================


==========================================
Time   : 2026-07-26 19:00:01 WIB
Farm   : 1
Commit : #198
Status : SUCCESS
==========================================


==========================================
Time   : 2026-07-26 20:23:54 WIB
Farm   : 1
Commit : #199
Status : SUCCESS
==========================================


==========================================
Time   : 2026-07-26 22:47:35 WIB
Farm   : 1
Commit : #200
Status : SUCCESS
==========================================


==========================================
Time   : 2026-07-26 23:39:31 WIB
Farm   : 1
Commit : #201
Status : SUCCESS
==========================================


==========================================
Time   : 2026-07-27 01:42:34 WIB
Farm   : 1
Commit : #202
Status : SUCCESS
==========================================


==========================================
Time   : 2026-07-27 02:53:34 WIB
Farm   : 1
Commit : #203
Status : SUCCESS
==========================================


==========================================
Time   : 2026-07-27 04:39:41 WIB
Farm   : 1
Commit : #204
Status : SUCCESS
==========================================


==========================================
Time   : 2026-07-27 06:37:16 WIB
Farm   : 1
Commit : #205
Status : SUCCESS
==========================================


==========================================
Time   : 2026-07-27 18:45:06 WIB
Farm   : 1
Commit : #206
Status : SUCCESS
==========================================


==========================================
Time   : 2026-07-27 23:23:26 WIB
Farm   : 1
Commit : #207
Status : SUCCESS
==========================================


==========================================
Time   : 2026-07-28 00:59:56 WIB
Farm   : 1
Commit : #208
Status : SUCCESS
==========================================


==========================================
Time   : 2026-07-28 02:37:25 WIB
Farm   : 1
Commit : #209
Status : SUCCESS
==========================================


==========================================
Time   : 2026-07-28 03:52:54 WIB
Farm   : 1
Commit : #210
Status : SUCCESS
==========================================


==========================================
Time   : 2026-07-28 05:46:15 WIB
Farm   : 1
Commit : #211
Status : SUCCESS
==========================================


==========================================
Time   : 2026-07-28 06:48:19 WIB
Farm   : 1
Commit : #212
Status : SUCCESS
==========================================


==========================================
Time   : 2026-07-28 08:09:49 WIB
Farm   : 1
Commit : #213
Status : SUCCESS
==========================================


==========================================
Time   : 2026-07-28 14:06:09 WIB
Farm   : 1
Commit : #214
Status : SUCCESS
==========================================


==========================================
Time   : 2026-07-28 16:44:10 WIB
Farm   : 1
Commit : #215
Status : SUCCESS
==========================================


==========================================
Time   : 2026-07-28 18:45:30 WIB
Farm   : 1
Commit : #216
Status : SUCCESS
==========================================


==========================================
Time   : 2026-07-28 20:21:18 WIB
Farm   : 1
Commit : #217
Status : SUCCESS
==========================================


==========================================
Time   : 2026-07-29 00:06:32 WIB
Farm   : 1
Commit : #218
Status : SUCCESS
==========================================


==========================================
Time   : 2026-07-29 01:38:28 WIB
Farm   : 1
Commit : #219
Status : SUCCESS
==========================================


==========================================
Time   : 2026-07-29 03:04:57 WIB
Farm   : 1
Commit : #220
Status : SUCCESS
==========================================


==========================================
Time   : 2026-07-29 04:18:09 WIB
Farm   : 1
Commit : #221
Status : SUCCESS
==========================================


==========================================
Time   : 2026-07-29 05:19:26 WIB
Farm   : 1
Commit : #222
Status : SUCCESS
==========================================


==========================================
Time   : 2026-07-29 07:11:44 WIB
Farm   : 1
Commit : #223
Status : SUCCESS
==========================================


==========================================
Time   : 2026-07-29 10:37:40 WIB
Farm   : 1
Commit : #224
Status : SUCCESS
==========================================


==========================================
Time   : 2026-07-29 13:16:56 WIB
Farm   : 1
Commit : #225
Status : SUCCESS
==========================================


==========================================
Time   : 2026-07-29 16:13:50 WIB
Farm   : 1
Commit : #226
Status : SUCCESS
==========================================


==========================================
Time   : 2026-07-29 18:34:07 WIB
Farm   : 1
Commit : #227
Status : SUCCESS
==========================================


==========================================
Time   : 2026-07-29 20:17:30 WIB
Farm   : 1
Commit : #228
Status : SUCCESS
==========================================


==========================================
Time   : 2026-07-29 22:23:11 WIB
Farm   : 1
Commit : #229
Status : SUCCESS
==========================================


==========================================
Time   : 2026-07-30 01:58:33 WIB
Farm   : 1
Commit : #230
Status : SUCCESS
==========================================


==========================================
Time   : 2026-07-30 03:11:43 WIB
Farm   : 1
Commit : #231
Status : SUCCESS
==========================================


==========================================
Time   : 2026-07-30 04:11:20 WIB
Farm   : 1
Commit : #232
Status : SUCCESS
==========================================


==========================================
Time   : 2026-07-30 06:13:00 WIB
Farm   : 1
Commit : #233
Status : SUCCESS
==========================================


==========================================
Time   : 2026-07-30 07:11:48 WIB
Farm   : 1
Commit : #234
Status : SUCCESS
==========================================


==========================================
Time   : 2026-07-30 10:24:55 WIB
Farm   : 1
Commit : #235
Status : SUCCESS
==========================================


==========================================
Time   : 2026-07-30 17:51:16 WIB
Farm   : 1
Commit : #236
Status : SUCCESS
==========================================


==========================================
Time   : 2026-07-30 19:19:16 WIB
Farm   : 1
Commit : #237
Status : SUCCESS
==========================================


==========================================
Time   : 2026-07-31 02:03:16 WIB
Farm   : 1
Commit : #238
Status : SUCCESS
==========================================


==========================================
Time   : 2026-07-31 03:21:46 WIB
Farm   : 1
Commit : #239
Status : SUCCESS
==========================================


==========================================
Time   : 2026-07-31 04:36:19 WIB
Farm   : 1
Commit : #240
Status : SUCCESS
==========================================


==========================================
Time   : 2026-07-31 05:43:05 WIB
Farm   : 1
Commit : #241
Status : SUCCESS
==========================================


==========================================
Time   : 2026-07-31 06:42:12 WIB
Farm   : 1
Commit : #242
Status : SUCCESS
==========================================


==========================================
Time   : 2026-07-31 08:12:53 WIB
Farm   : 1
Commit : #243
Status : SUCCESS
==========================================


==========================================
Time   : 2026-07-31 11:39:53 WIB
Farm   : 1
Commit : #244
Status : SUCCESS
==========================================


==========================================
Time   : 2026-07-31 17:09:32 WIB
Farm   : 1
Commit : #245
Status : SUCCESS
==========================================


==========================================
Time   : 2026-07-31 19:14:08 WIB
Farm   : 1
Commit : #246
Status : SUCCESS
==========================================


==========================================
Time   : 2026-07-31 21:35:18 WIB
Farm   : 1
Commit : #247
Status : SUCCESS
==========================================


==========================================
Time   : 2026-08-01 00:56:27 WIB
Farm   : 1
Commit : #248
Status : SUCCESS
==========================================


==========================================
Time   : 2026-08-01 02:17:23 WIB
Farm   : 1
Commit : #249
Status : SUCCESS
==========================================


==========================================
Time   : 2026-08-01 03:37:55 WIB
Farm   : 1
Commit : #250
Status : SUCCESS
==========================================


==========================================
Time   : 2026-08-01 04:44:02 WIB
Farm   : 1
Commit : #251
Status : SUCCESS
==========================================


==========================================
Time   : 2026-08-01 05:42:14 WIB
Farm   : 1
Commit : #252
Status : SUCCESS
==========================================


==========================================
Time   : 2026-08-01 06:42:32 WIB
Farm   : 1
Commit : #253
Status : SUCCESS
==========================================


==========================================
Time   : 2026-08-01 14:07:43 WIB
Farm   : 1
Commit : #254
Status : SUCCESS
==========================================


==========================================
Time   : 2026-08-01 16:18:02 WIB
Farm   : 1
Commit : #255
Status : SUCCESS
==========================================


==========================================
Time   : 2026-08-01 17:51:31 WIB
Farm   : 1
Commit : #256
Status : SUCCESS
==========================================


==========================================
Time   : 2026-08-01 18:51:40 WIB
Farm   : 1
Commit : #257
Status : SUCCESS
==========================================


==========================================
Time   : 2026-08-01 21:14:12 WIB
Farm   : 1
Commit : #258
Status : SUCCESS
==========================================


==========================================
Time   : 2026-08-01 22:21:31 WIB
Farm   : 1
Commit : #259
Status : SUCCESS
==========================================


==========================================
Time   : 2026-08-01 23:18:47 WIB
Farm   : 1
Commit : #260
Status : SUCCESS
==========================================


==========================================
Time   : 2026-08-02 00:18:31 WIB
Farm   : 1
Commit : #261
Status : SUCCESS
==========================================


==========================================
Time   : 2026-08-02 01:15:31 WIB
Farm   : 1
Commit : #262
Status : SUCCESS
==========================================


==========================================
Time   : 2026-08-02 02:36:12 WIB
Farm   : 1
Commit : #263
Status : SUCCESS
==========================================


==========================================
Time   : 2026-08-02 03:30:20 WIB
Farm   : 1
Commit : #264
Status : SUCCESS
==========================================


==========================================
Time   : 2026-08-02 04:25:45 WIB
Farm   : 1
Commit : #265
Status : SUCCESS
==========================================


==========================================
Time   : 2026-08-02 05:25:30 WIB
Farm   : 1
Commit : #266
Status : SUCCESS
==========================================


==========================================
Time   : 2026-08-02 06:26:58 WIB
Farm   : 1
Commit : #267
Status : SUCCESS
==========================================


==========================================
Time   : 2026-08-02 08:06:30 WIB
Farm   : 1
Commit : #268
Status : SUCCESS
==========================================


==========================================
Time   : 2026-08-02 11:31:58 WIB
Farm   : 1
Commit : #269
Status : SUCCESS
==========================================


==========================================
Time   : 2026-08-02 14:10:03 WIB
Farm   : 1
Commit : #270
Status : SUCCESS
==========================================


==========================================
Time   : 2026-08-02 16:18:37 WIB
Farm   : 1
Commit : #271
Status : SUCCESS
==========================================


==========================================
Time   : 2026-08-02 17:53:19 WIB
Farm   : 1
Commit : #272
Status : SUCCESS
==========================================


==========================================
Time   : 2026-08-02 18:49:28 WIB
Farm   : 1
Commit : #273
Status : SUCCESS
==========================================


==========================================
Time   : 2026-08-02 21:15:40 WIB
Farm   : 1
Commit : #274
Status : SUCCESS
==========================================


==========================================
Time   : 2026-08-02 23:29:15 WIB
Farm   : 1
Commit : #275
Status : SUCCESS
==========================================


==========================================
Time   : 2026-08-03 00:33:29 WIB
Farm   : 1
Commit : #276
Status : SUCCESS
==========================================


==========================================
Time   : 2026-08-03 02:46:46 WIB
Farm   : 1
Commit : #277
Status : SUCCESS
==========================================


==========================================
Time   : 2026-08-03 03:38:15 WIB
Farm   : 1
Commit : #278
Status : SUCCESS
==========================================


==========================================
Time   : 2026-08-03 04:31:30 WIB
Farm   : 1
Commit : #279
Status : SUCCESS
==========================================


==========================================
Time   : 2026-08-03 05:30:01 WIB
Farm   : 1
Commit : #280
Status : SUCCESS
==========================================


==========================================
Time   : 2026-08-03 06:30:43 WIB
Farm   : 1
Commit : #281
Status : SUCCESS
==========================================


==========================================
Time   : 2026-08-03 08:08:07 WIB
Farm   : 1
Commit : #282
Status : SUCCESS
==========================================


==========================================
Time   : 2026-08-03 11:43:07 WIB
Farm   : 1
Commit : #283
Status : SUCCESS
==========================================


==========================================
Time   : 2026-08-03 18:36:43 WIB
Farm   : 1
Commit : #284
Status : SUCCESS
==========================================


==========================================
Time   : 2026-08-03 23:29:24 WIB
Farm   : 1
Commit : #285
Status : SUCCESS
==========================================


==========================================
Time   : 2026-08-04 01:18:37 WIB
Farm   : 1
Commit : #286
Status : SUCCESS
==========================================


==========================================
Time   : 2026-08-04 03:01:46 WIB
Farm   : 1
Commit : #287
Status : SUCCESS
==========================================


==========================================
Time   : 2026-08-04 04:14:35 WIB
Farm   : 1
Commit : #288
Status : SUCCESS
==========================================


==========================================
Time   : 2026-08-04 05:18:12 WIB
Farm   : 1
Commit : #289
Status : SUCCESS
==========================================


==========================================
Time   : 2026-08-04 06:30:13 WIB
Farm   : 1
Commit : #290
Status : SUCCESS
==========================================


==========================================
Time   : 2026-08-04 08:00:45 WIB
Farm   : 1
Commit : #291
Status : SUCCESS
==========================================


==========================================
Time   : 2026-08-04 11:18:08 WIB
Farm   : 1
Commit : #292
Status : SUCCESS
==========================================


==========================================
Time   : 2026-08-04 13:43:45 WIB
Farm   : 1
Commit : #293
Status : SUCCESS
==========================================


==========================================
Time   : 2026-08-04 16:29:43 WIB
Farm   : 1
Commit : #294
Status : SUCCESS
==========================================


==========================================
Time   : 2026-08-05 00:19:31 WIB
Farm   : 1
Commit : #295
Status : SUCCESS
==========================================


==========================================
Time   : 2026-08-05 01:58:43 WIB
Farm   : 1
Commit : #296
Status : SUCCESS
==========================================


==========================================
Time   : 2026-08-05 03:22:16 WIB
Farm   : 1
Commit : #297
Status : SUCCESS
==========================================


==========================================
Time   : 2026-08-05 04:44:00 WIB
Farm   : 1
Commit : #298
Status : SUCCESS
==========================================


==========================================
Time   : 2026-08-05 08:06:25 WIB
Farm   : 1
Commit : #299
Status : SUCCESS
==========================================


==========================================
Time   : 2026-08-05 11:22:04 WIB
Farm   : 1
Commit : #300
Status : SUCCESS
==========================================


==========================================
Time   : 2026-08-05 14:07:45 WIB
Farm   : 1
Commit : #301
Status : SUCCESS
==========================================


==========================================
Time   : 2026-08-05 16:43:49 WIB
Farm   : 1
Commit : #302
Status : SUCCESS
==========================================


==========================================
Time   : 2026-08-05 18:45:38 WIB
Farm   : 1
Commit : #303
Status : SUCCESS
==========================================


==========================================
Time   : 2026-08-05 20:24:27 WIB
Farm   : 1
Commit : #304
Status : SUCCESS
==========================================


==========================================
Time   : 2026-08-06 00:05:05 WIB
Farm   : 1
Commit : #305
Status : SUCCESS
==========================================


==========================================
Time   : 2026-08-06 01:43:36 WIB
Farm   : 1
Commit : #306
Status : SUCCESS
==========================================


==========================================
Time   : 2026-08-06 05:37:07 WIB
Farm   : 1
Commit : #307
Status : SUCCESS
==========================================


==========================================
Time   : 2026-08-06 06:34:39 WIB
Farm   : 1
Commit : #308
Status : SUCCESS
==========================================


==========================================
Time   : 2026-08-06 07:58:17 WIB
Farm   : 1
Commit : #309
Status : SUCCESS
==========================================


==========================================
Time   : 2026-08-06 11:10:53 WIB
Farm   : 1
Commit : #310
Status : SUCCESS
==========================================


==========================================
Time   : 2026-08-06 13:43:51 WIB
Farm   : 1
Commit : #311
Status : SUCCESS
==========================================


==========================================
Time   : 2026-08-06 16:30:06 WIB
Farm   : 1
Commit : #312
Status : SUCCESS
==========================================


==========================================
Time   : 2026-08-06 18:43:23 WIB
Farm   : 1
Commit : #313
Status : SUCCESS
==========================================


==========================================
Time   : 2026-08-06 20:20:09 WIB
Farm   : 1
Commit : #314
Status : SUCCESS
==========================================


==========================================
Time   : 2026-08-07 10:31:28 WIB
Farm   : 1
Commit : #315
Status : SUCCESS
==========================================


==========================================
Time   : 2026-08-07 12:15:32 WIB
Farm   : 1
Commit : #316
Status : SUCCESS
==========================================


==========================================
Time   : 2026-08-07 13:34:22 WIB
Farm   : 1
Commit : #317
Status : SUCCESS
==========================================


==========================================
Time   : 2026-08-07 14:54:08 WIB
Farm   : 1
Commit : #318
Status : SUCCESS
==========================================


==========================================
Time   : 2026-08-07 16:41:26 WIB
Farm   : 1
Commit : #319
Status : SUCCESS
==========================================


==========================================
Time   : 2026-08-07 17:32:05 WIB
Farm   : 1
Commit : #320
Status : SUCCESS
==========================================


==========================================
Time   : 2026-08-07 18:25:14 WIB
Farm   : 1
Commit : #321
Status : SUCCESS
==========================================


==========================================
Time   : 2026-08-07 19:05:12 WIB
Farm   : 1
Commit : #322
Status : SUCCESS
==========================================


==========================================
Time   : 2026-08-07 20:25:59 WIB
Farm   : 1
Commit : #323
Status : SUCCESS
==========================================


==========================================
Time   : 2026-08-07 21:30:56 WIB
Farm   : 1
Commit : #324
Status : SUCCESS
==========================================


==========================================
Time   : 2026-08-07 22:26:35 WIB
Farm   : 1
Commit : #325
Status : SUCCESS
==========================================


==========================================
Time   : 2026-08-07 23:23:45 WIB
Farm   : 1
Commit : #326
Status : SUCCESS
==========================================


==========================================
Time   : 2026-08-08 00:12:59 WIB
Farm   : 1
Commit : #327
Status : SUCCESS
==========================================


==========================================
Time   : 2026-08-08 01:02:04 WIB
Farm   : 1
Commit : #328
Status : SUCCESS
==========================================


==========================================
Time   : 2026-08-08 02:07:51 WIB
Farm   : 1
Commit : #329
Status : SUCCESS
==========================================


==========================================
Time   : 2026-08-08 03:34:29 WIB
Farm   : 1
Commit : #330
Status : SUCCESS
==========================================


==========================================
Time   : 2026-08-08 04:19:59 WIB
Farm   : 1
Commit : #331
Status : SUCCESS
==========================================


==========================================
Time   : 2026-08-08 04:59:04 WIB
Farm   : 1
Commit : #332
Status : SUCCESS
==========================================


==========================================
Time   : 2026-08-08 05:35:59 WIB
Farm   : 1
Commit : #333
Status : SUCCESS
==========================================


==========================================
Time   : 2026-08-08 06:09:58 WIB
Farm   : 1
Commit : #334
Status : SUCCESS
==========================================


==========================================
Time   : 2026-08-08 09:31:21 WIB
Farm   : 1
Commit : #335
Status : SUCCESS
==========================================


==========================================
Time   : 2026-08-08 10:52:26 WIB
Farm   : 1
Commit : #336
Status : SUCCESS
==========================================


==========================================
Time   : 2026-08-08 12:26:04 WIB
Farm   : 1
Commit : #337
Status : SUCCESS
==========================================


==========================================
Time   : 2026-08-08 13:03:47 WIB
Farm   : 1
Commit : #338
Status : SUCCESS
==========================================


==========================================
Time   : 2026-08-08 14:07:11 WIB
Farm   : 1
Commit : #339
Status : SUCCESS
==========================================


==========================================
Time   : 2026-08-08 14:57:20 WIB
Farm   : 1
Commit : #340
Status : SUCCESS
==========================================


==========================================
Time   : 2026-08-08 15:33:21 WIB
Farm   : 1
Commit : #341
Status : SUCCESS
==========================================


==========================================
Time   : 2026-08-08 16:19:28 WIB
Farm   : 1
Commit : #342
Status : SUCCESS
==========================================


==========================================
Time   : 2026-08-08 16:57:06 WIB
Farm   : 1
Commit : #343
Status : SUCCESS
==========================================


==========================================
Time   : 2026-08-08 17:30:01 WIB
Farm   : 1
Commit : #344
Status : SUCCESS
==========================================


==========================================
Time   : 2026-08-08 18:35:03 WIB
Farm   : 1
Commit : #345
Status : SUCCESS
==========================================


==========================================
Time   : 2026-08-08 18:58:12 WIB
Farm   : 1
Commit : #346
Status : SUCCESS
==========================================


==========================================
Time   : 2026-08-08 19:42:54 WIB
Farm   : 1
Commit : #347
Status : SUCCESS
==========================================


==========================================
Time   : 2026-08-08 20:33:22 WIB
Farm   : 1
Commit : #348
Status : SUCCESS
==========================================


==========================================
Time   : 2026-08-08 21:47:30 WIB
Farm   : 1
Commit : #349
Status : SUCCESS
==========================================


==========================================
Time   : 2026-08-08 22:12:03 WIB
Farm   : 1
Commit : #350
Status : SUCCESS
==========================================


==========================================
Time   : 2026-08-08 22:45:05 WIB
Farm   : 1
Commit : #351
Status : SUCCESS
==========================================


==========================================
Time   : 2026-08-08 23:03:40 WIB
Farm   : 1
Commit : #352
Status : SUCCESS
==========================================


==========================================
Time   : 2026-08-08 23:46:42 WIB
Farm   : 1
Commit : #353
Status : SUCCESS
==========================================


==========================================
Time   : 2026-08-09 00:14:23 WIB
Farm   : 1
Commit : #354
Status : SUCCESS
==========================================


==========================================
Time   : 2026-08-09 01:14:56 WIB
Farm   : 1
Commit : #355
Status : SUCCESS
==========================================


==========================================
Time   : 2026-08-09 01:59:59 WIB
Farm   : 1
Commit : #356
Status : SUCCESS
==========================================


==========================================
Time   : 2026-08-09 02:31:30 WIB
Farm   : 1
Commit : #357
Status : SUCCESS
==========================================


==========================================
Time   : 2026-08-09 02:56:00 WIB
Farm   : 1
Commit : #358
Status : SUCCESS
==========================================


==========================================
Time   : 2026-08-09 03:22:28 WIB
Farm   : 1
Commit : #359
Status : SUCCESS
==========================================


==========================================
Time   : 2026-08-09 04:17:17 WIB
Farm   : 1
Commit : #360
Status : SUCCESS
==========================================


==========================================
Time   : 2026-08-09 05:11:51 WIB
Farm   : 1
Commit : #361
Status : SUCCESS
==========================================


==========================================
Time   : 2026-08-09 05:46:33 WIB
Farm   : 1
Commit : #362
Status : SUCCESS
==========================================


==========================================
Time   : 2026-08-09 06:06:38 WIB
Farm   : 1
Commit : #363
Status : SUCCESS
==========================================


==========================================
Time   : 2026-08-09 06:41:18 WIB
Farm   : 1
Commit : #364
Status : SUCCESS
==========================================


==========================================
Time   : 2026-08-09 11:56:03 WIB
Farm   : 1
Commit : #365
Status : SUCCESS
==========================================


==========================================
Time   : 2026-08-09 14:33:00 WIB
Farm   : 1
Commit : #366
Status : SUCCESS
==========================================


==========================================
Time   : 2026-08-09 15:11:01 WIB
Farm   : 1
Commit : #367
Status : SUCCESS
==========================================


==========================================
Time   : 2026-08-09 16:01:21 WIB
Farm   : 1
Commit : #368
Status : SUCCESS
==========================================


==========================================
Time   : 2026-08-09 16:45:13 WIB
Farm   : 1
Commit : #369
Status : SUCCESS
==========================================


==========================================
Time   : 2026-08-09 17:17:48 WIB
Farm   : 1
Commit : #370
Status : SUCCESS
==========================================


==========================================
Time   : 2026-08-09 17:55:10 WIB
Farm   : 1
Commit : #371
Status : SUCCESS
==========================================


==========================================
Time   : 2026-08-09 18:20:20 WIB
Farm   : 1
Commit : #372
Status : SUCCESS
==========================================


==========================================
Time   : 2026-08-09 19:18:46 WIB
Farm   : 1
Commit : #373
Status : SUCCESS
==========================================


==========================================
Time   : 2026-08-09 20:20:26 WIB
Farm   : 1
Commit : #374
Status : SUCCESS
==========================================


==========================================
Time   : 2026-08-09 21:43:14 WIB
Farm   : 1
Commit : #375
Status : SUCCESS
==========================================


==========================================
Time   : 2026-08-09 23:13:57 WIB
Farm   : 1
Commit : #376
Status : SUCCESS
==========================================


==========================================
Time   : 2026-08-09 23:54:04 WIB
Farm   : 1
Commit : #377
Status : SUCCESS
==========================================


==========================================
Time   : 2026-08-10 00:52:45 WIB
Farm   : 1
Commit : #378
Status : SUCCESS
==========================================


==========================================
Time   : 2026-08-10 01:18:03 WIB
Farm   : 1
Commit : #379
Status : SUCCESS
==========================================


==========================================
Time   : 2026-08-10 02:05:49 WIB
Farm   : 1
Commit : #380
Status : SUCCESS
==========================================


==========================================
Time   : 2026-08-10 02:43:52 WIB
Farm   : 1
Commit : #381
Status : SUCCESS
==========================================


==========================================
Time   : 2026-08-10 03:04:50 WIB
Farm   : 1
Commit : #382
Status : SUCCESS
==========================================


==========================================
Time   : 2026-08-10 03:46:28 WIB
Farm   : 1
Commit : #383
Status : SUCCESS
==========================================


==========================================
Time   : 2026-08-10 04:48:51 WIB
Farm   : 1
Commit : #384
Status : SUCCESS
==========================================


==========================================
Time   : 2026-08-10 05:51:35 WIB
Farm   : 1
Commit : #385
Status : SUCCESS
==========================================


==========================================
Time   : 2026-08-10 06:48:23 WIB
Farm   : 1
Commit : #386
Status : SUCCESS
==========================================


==========================================
Time   : 2026-08-10 07:37:49 WIB
Farm   : 1
Commit : #387
Status : SUCCESS
==========================================


==========================================
Time   : 2026-08-10 09:56:32 WIB
Farm   : 1
Commit : #388
Status : SUCCESS
==========================================


==========================================
Time   : 2026-08-10 11:25:58 WIB
Farm   : 1
Commit : #389
Status : SUCCESS
==========================================


==========================================
Time   : 2026-08-10 12:52:02 WIB
Farm   : 1
Commit : #390
Status : SUCCESS
==========================================


==========================================
Time   : 2026-08-10 14:00:47 WIB
Farm   : 1
Commit : #391
Status : SUCCESS
==========================================


==========================================
Time   : 2026-08-10 17:02:29 WIB
Farm   : 1
Commit : #392
Status : SUCCESS
==========================================


==========================================
Time   : 2026-08-10 18:16:18 WIB
Farm   : 1
Commit : #393
Status : SUCCESS
==========================================


==========================================
Time   : 2026-08-10 19:01:01 WIB
Farm   : 1
Commit : #394
Status : SUCCESS
==========================================


==========================================
Time   : 2026-08-10 20:20:22 WIB
Farm   : 1
Commit : #395
Status : SUCCESS
==========================================


==========================================
Time   : 2026-08-10 21:34:19 WIB
Farm   : 1
Commit : #396
Status : SUCCESS
==========================================


==========================================
Time   : 2026-08-10 22:32:05 WIB
Farm   : 1
Commit : #397
Status : SUCCESS
==========================================


==========================================
Time   : 2026-08-11 01:09:08 WIB
Farm   : 1
Commit : #398
Status : SUCCESS
==========================================


==========================================
Time   : 2026-08-11 02:13:06 WIB
Farm   : 1
Commit : #399
Status : SUCCESS
==========================================


==========================================
Time   : 2026-08-11 03:51:58 WIB
Farm   : 1
Commit : #400
Status : SUCCESS
==========================================


==========================================
Time   : 2026-08-11 05:53:53 WIB
Farm   : 1
Commit : #401
Status : SUCCESS
==========================================


==========================================
Time   : 2026-08-11 06:21:59 WIB
Farm   : 1
Commit : #402
Status : SUCCESS
==========================================


==========================================
Time   : 2026-08-11 08:02:40 WIB
Farm   : 1
Commit : #403
Status : SUCCESS
==========================================

