
==========================================
Time   : 2026-07-08 17:08:18 WIB
Farm   : 9
Commit : #1
Status : SUCCESS
==========================================


==========================================
Time   : 2026-07-08 20:19:51 WIB
Farm   : 9
Commit : #2
Status : SUCCESS
==========================================


==========================================
Time   : 2026-07-09 01:25:34 WIB
Farm   : 9
Commit : #3
Status : SUCCESS
==========================================


==========================================
Time   : 2026-07-09 04:10:48 WIB
Farm   : 9
Commit : #4
Status : SUCCESS
==========================================


==========================================
Time   : 2026-07-09 06:31:15 WIB
Farm   : 9
Commit : #5
Status : SUCCESS
==========================================


==========================================
Time   : 2026-07-09 15:35:55 WIB
Farm   : 9
Commit : #6
Status : SUCCESS
==========================================


==========================================
Time   : 2026-07-09 21:07:13 WIB
Farm   : 9
Commit : #7
Status : SUCCESS
==========================================


==========================================
Time   : 2026-07-09 23:36:16 WIB
Farm   : 9
Commit : #8
Status : SUCCESS
==========================================


==========================================
Time   : 2026-07-10 01:22:19 WIB
Farm   : 9
Commit : #9
Status : SUCCESS
==========================================


==========================================
Time   : 2026-07-10 03:13:09 WIB
Farm   : 9
Commit : #10
Status : SUCCESS
==========================================


==========================================
Time   : 2026-07-10 05:55:35 WIB
Farm   : 9
Commit : #11
Status : SUCCESS
==========================================


==========================================
Time   : 2026-07-10 06:58:05 WIB
Farm   : 9
Commit : #12
Status : SUCCESS
==========================================


==========================================
Time   : 2026-07-10 09:26:01 WIB
Farm   : 9
Commit : #13
Status : SUCCESS
==========================================


==========================================
Time   : 2026-07-10 13:24:48 WIB
Farm   : 9
Commit : #14
Status : SUCCESS
==========================================


==========================================
Time   : 2026-07-10 16:58:51 WIB
Farm   : 9
Commit : #15
Status : SUCCESS
==========================================


==========================================
Time   : 2026-07-10 19:22:52 WIB
Farm   : 9
Commit : #16
Status : SUCCESS
==========================================


==========================================
Time   : 2026-07-10 22:08:21 WIB
Farm   : 9
Commit : #17
Status : SUCCESS
==========================================


==========================================
Time   : 2026-07-11 00:05:59 WIB
Farm   : 9
Commit : #18
Status : SUCCESS
==========================================


==========================================
Time   : 2026-07-11 01:40:30 WIB
Farm   : 9
Commit : #19
Status : SUCCESS
==========================================


==========================================
Time   : 2026-07-11 03:04:41 WIB
Farm   : 9
Commit : #20
Status : SUCCESS
==========================================


==========================================
Time   : 2026-07-11 04:16:30 WIB
Farm   : 9
Commit : #21
Status : SUCCESS
==========================================


==========================================
Time   : 2026-07-11 05:18:03 WIB
Farm   : 9
Commit : #22
Status : SUCCESS
==========================================


==========================================
Time   : 2026-07-11 14:58:33 WIB
Farm   : 9
Commit : #23
Status : SUCCESS
==========================================


==========================================
Time   : 2026-07-11 16:27:02 WIB
Farm   : 9
Commit : #24
Status : SUCCESS
==========================================


==========================================
Time   : 2026-07-11 17:40:37 WIB
Farm   : 9
Commit : #25
Status : SUCCESS
==========================================


==========================================
Time   : 2026-07-11 18:35:14 WIB
Farm   : 9
Commit : #26
Status : SUCCESS
==========================================


==========================================
Time   : 2026-07-11 19:33:59 WIB
Farm   : 9
Commit : #27
Status : SUCCESS
==========================================


==========================================
Time   : 2026-07-11 21:04:59 WIB
Farm   : 9
Commit : #28
Status : SUCCESS
==========================================


==========================================
Time   : 2026-07-11 22:05:42 WIB
Farm   : 9
Commit : #29
Status : SUCCESS
==========================================


==========================================
Time   : 2026-07-11 23:05:20 WIB
Farm   : 9
Commit : #30
Status : SUCCESS
==========================================


==========================================
Time   : 2026-07-12 00:09:37 WIB
Farm   : 9
Commit : #31
Status : SUCCESS
==========================================


==========================================
Time   : 2026-07-12 01:03:35 WIB
Farm   : 9
Commit : #32
Status : SUCCESS
==========================================


==========================================
Time   : 2026-07-12 02:18:32 WIB
Farm   : 9
Commit : #33
Status : SUCCESS
==========================================


==========================================
Time   : 2026-07-12 03:12:19 WIB
Farm   : 9
Commit : #34
Status : SUCCESS
==========================================


==========================================
Time   : 2026-07-12 04:03:52 WIB
Farm   : 9
Commit : #35
Status : SUCCESS
==========================================


==========================================
Time   : 2026-07-12 04:58:56 WIB
Farm   : 9
Commit : #36
Status : SUCCESS
==========================================


==========================================
Time   : 2026-07-12 05:46:18 WIB
Farm   : 9
Commit : #37
Status : SUCCESS
==========================================


==========================================
Time   : 2026-07-12 06:37:45 WIB
Farm   : 9
Commit : #38
Status : SUCCESS
==========================================


==========================================
Time   : 2026-07-12 08:11:00 WIB
Farm   : 9
Commit : #39
Status : SUCCESS
==========================================


==========================================
Time   : 2026-07-12 11:36:58 WIB
Farm   : 9
Commit : #40
Status : SUCCESS
==========================================


==========================================
Time   : 2026-07-12 14:11:21 WIB
Farm   : 9
Commit : #41
Status : SUCCESS
==========================================


==========================================
Time   : 2026-07-12 16:15:44 WIB
Farm   : 9
Commit : #42
Status : SUCCESS
==========================================


==========================================
Time   : 2026-07-12 19:38:33 WIB
Farm   : 9
Commit : #43
Status : SUCCESS
==========================================


==========================================
Time   : 2026-07-12 21:12:26 WIB
Farm   : 9
Commit : #44
Status : SUCCESS
==========================================


==========================================
Time   : 2026-07-12 22:14:14 WIB
Farm   : 9
Commit : #45
Status : SUCCESS
==========================================


==========================================
Time   : 2026-07-13 00:16:29 WIB
Farm   : 9
Commit : #46
Status : SUCCESS
==========================================


==========================================
Time   : 2026-07-13 01:10:24 WIB
Farm   : 9
Commit : #47
Status : SUCCESS
==========================================


==========================================
Time   : 2026-07-13 03:11:31 WIB
Farm   : 9
Commit : #48
Status : SUCCESS
==========================================


==========================================
Time   : 2026-07-13 04:04:50 WIB
Farm   : 9
Commit : #49
Status : SUCCESS
==========================================


==========================================
Time   : 2026-07-13 05:03:06 WIB
Farm   : 9
Commit : #50
Status : SUCCESS
==========================================


==========================================
Time   : 2026-07-13 05:56:55 WIB
Farm   : 9
Commit : #51
Status : SUCCESS
==========================================


==========================================
Time   : 2026-07-13 06:45:17 WIB
Farm   : 9
Commit : #52
Status : SUCCESS
==========================================


==========================================
Time   : 2026-07-13 08:14:49 WIB
Farm   : 9
Commit : #53
Status : SUCCESS
==========================================


==========================================
Time   : 2026-07-13 11:47:03 WIB
Farm   : 9
Commit : #54
Status : SUCCESS
==========================================


==========================================
Time   : 2026-07-13 14:56:56 WIB
Farm   : 9
Commit : #55
Status : SUCCESS
==========================================


==========================================
Time   : 2026-07-13 17:52:50 WIB
Farm   : 9
Commit : #56
Status : SUCCESS
==========================================


==========================================
Time   : 2026-07-13 20:12:18 WIB
Farm   : 9
Commit : #57
Status : SUCCESS
==========================================


==========================================
Time   : 2026-07-13 22:50:52 WIB
Farm   : 9
Commit : #58
Status : SUCCESS
==========================================


==========================================
Time   : 2026-07-14 00:46:48 WIB
Farm   : 9
Commit : #59
Status : SUCCESS
==========================================


==========================================
Time   : 2026-07-14 02:05:36 WIB
Farm   : 9
Commit : #60
Status : SUCCESS
==========================================


==========================================
Time   : 2026-07-14 03:22:12 WIB
Farm   : 9
Commit : #61
Status : SUCCESS
==========================================


==========================================
Time   : 2026-07-14 05:12:55 WIB
Farm   : 9
Commit : #62
Status : SUCCESS
==========================================


==========================================
Time   : 2026-07-14 06:12:30 WIB
Farm   : 9
Commit : #63
Status : SUCCESS
==========================================


==========================================
Time   : 2026-07-14 10:26:34 WIB
Farm   : 9
Commit : #64
Status : SUCCESS
==========================================


==========================================
Time   : 2026-07-14 12:45:50 WIB
Farm   : 9
Commit : #65
Status : SUCCESS
==========================================


==========================================
Time   : 2026-07-14 16:27:01 WIB
Farm   : 9
Commit : #66
Status : SUCCESS
==========================================


==========================================
Time   : 2026-07-14 18:02:39 WIB
Farm   : 9
Commit : #67
Status : SUCCESS
==========================================


==========================================
Time   : 2026-07-14 19:18:37 WIB
Farm   : 9
Commit : #68
Status : SUCCESS
==========================================


==========================================
Time   : 2026-07-14 21:16:42 WIB
Farm   : 9
Commit : #69
Status : SUCCESS
==========================================


==========================================
Time   : 2026-07-14 22:49:00 WIB
Farm   : 9
Commit : #70
Status : SUCCESS
==========================================


==========================================
Time   : 2026-07-14 23:55:41 WIB
Farm   : 9
Commit : #71
Status : SUCCESS
==========================================


==========================================
Time   : 2026-07-15 00:54:46 WIB
Farm   : 9
Commit : #72
Status : SUCCESS
==========================================


==========================================
Time   : 2026-07-15 01:57:36 WIB
Farm   : 9
Commit : #73
Status : SUCCESS
==========================================


==========================================
Time   : 2026-07-15 04:11:38 WIB
Farm   : 9
Commit : #74
Status : SUCCESS
==========================================


==========================================
Time   : 2026-07-15 06:10:03 WIB
Farm   : 9
Commit : #75
Status : SUCCESS
==========================================


==========================================
Time   : 2026-07-15 07:03:12 WIB
Farm   : 9
Commit : #76
Status : SUCCESS
==========================================


==========================================
Time   : 2026-07-15 10:22:03 WIB
Farm   : 9
Commit : #77
Status : SUCCESS
==========================================


==========================================
Time   : 2026-07-15 12:44:25 WIB
Farm   : 9
Commit : #78
Status : SUCCESS
==========================================


==========================================
Time   : 2026-07-15 14:33:56 WIB
Farm   : 9
Commit : #79
Status : SUCCESS
==========================================


==========================================
Time   : 2026-07-15 16:32:06 WIB
Farm   : 9
Commit : #80
Status : SUCCESS
==========================================


==========================================
Time   : 2026-07-15 18:11:26 WIB
Farm   : 9
Commit : #81
Status : SUCCESS
==========================================


==========================================
Time   : 2026-07-15 19:42:10 WIB
Farm   : 9
Commit : #82
Status : SUCCESS
==========================================


==========================================
Time   : 2026-07-15 21:26:07 WIB
Farm   : 9
Commit : #83
Status : SUCCESS
==========================================


==========================================
Time   : 2026-07-15 22:59:27 WIB
Farm   : 9
Commit : #84
Status : SUCCESS
==========================================


==========================================
Time   : 2026-07-16 00:15:23 WIB
Farm   : 9
Commit : #85
Status : SUCCESS
==========================================


==========================================
Time   : 2026-07-16 01:20:51 WIB
Farm   : 9
Commit : #86
Status : SUCCESS
==========================================


==========================================
Time   : 2026-07-16 02:40:54 WIB
Farm   : 9
Commit : #87
Status : SUCCESS
==========================================


==========================================
Time   : 2026-07-16 03:41:24 WIB
Farm   : 9
Commit : #88
Status : SUCCESS
==========================================


==========================================
Time   : 2026-07-16 04:38:12 WIB
Farm   : 9
Commit : #89
Status : SUCCESS
==========================================


==========================================
Time   : 2026-07-16 05:36:01 WIB
Farm   : 9
Commit : #90
Status : SUCCESS
==========================================


==========================================
Time   : 2026-07-16 06:35:17 WIB
Farm   : 9
Commit : #91
Status : SUCCESS
==========================================


==========================================
Time   : 2026-07-16 11:15:12 WIB
Farm   : 9
Commit : #92
Status : SUCCESS
==========================================


==========================================
Time   : 2026-07-16 13:31:51 WIB
Farm   : 9
Commit : #93
Status : SUCCESS
==========================================


==========================================
Time   : 2026-07-16 15:42:41 WIB
Farm   : 9
Commit : #94
Status : SUCCESS
==========================================


==========================================
Time   : 2026-07-16 17:34:32 WIB
Farm   : 9
Commit : #95
Status : SUCCESS
==========================================


==========================================
Time   : 2026-07-16 22:49:12 WIB
Farm   : 9
Commit : #96
Status : SUCCESS
==========================================


==========================================
Time   : 2026-07-17 00:59:34 WIB
Farm   : 9
Commit : #97
Status : SUCCESS
==========================================


==========================================
Time   : 2026-07-17 02:10:09 WIB
Farm   : 9
Commit : #98
Status : SUCCESS
==========================================


==========================================
Time   : 2026-07-17 03:10:59 WIB
Farm   : 9
Commit : #99
Status : SUCCESS
==========================================


==========================================
Time   : 2026-07-17 04:13:48 WIB
Farm   : 9
Commit : #100
Status : SUCCESS
==========================================


==========================================
Time   : 2026-07-17 05:15:02 WIB
Farm   : 9
Commit : #101
Status : SUCCESS
==========================================


==========================================
Time   : 2026-07-17 06:11:30 WIB
Farm   : 9
Commit : #102
Status : SUCCESS
==========================================


==========================================
Time   : 2026-07-17 07:11:01 WIB
Farm   : 9
Commit : #103
Status : SUCCESS
==========================================


==========================================
Time   : 2026-07-17 10:35:57 WIB
Farm   : 9
Commit : #104
Status : SUCCESS
==========================================


==========================================
Time   : 2026-07-17 13:02:08 WIB
Farm   : 9
Commit : #105
Status : SUCCESS
==========================================


==========================================
Time   : 2026-07-17 15:19:40 WIB
Farm   : 9
Commit : #106
Status : SUCCESS
==========================================


==========================================
Time   : 2026-07-17 17:14:18 WIB
Farm   : 9
Commit : #107
Status : SUCCESS
==========================================


==========================================
Time   : 2026-07-17 18:40:55 WIB
Farm   : 9
Commit : #108
Status : SUCCESS
==========================================


==========================================
Time   : 2026-07-17 19:47:59 WIB
Farm   : 9
Commit : #109
Status : SUCCESS
==========================================


==========================================
Time   : 2026-07-17 21:18:32 WIB
Farm   : 9
Commit : #110
Status : SUCCESS
==========================================


==========================================
Time   : 2026-07-17 23:48:31 WIB
Farm   : 9
Commit : #111
Status : SUCCESS
==========================================


==========================================
Time   : 2026-07-18 02:48:49 WIB
Farm   : 9
Commit : #112
Status : SUCCESS
==========================================


==========================================
Time   : 2026-07-18 04:27:49 WIB
Farm   : 9
Commit : #113
Status : SUCCESS
==========================================


==========================================
Time   : 2026-07-18 05:14:18 WIB
Farm   : 9
Commit : #114
Status : SUCCESS
==========================================


==========================================
Time   : 2026-07-18 06:07:52 WIB
Farm   : 9
Commit : #115
Status : SUCCESS
==========================================


==========================================
Time   : 2026-07-18 07:05:27 WIB
Farm   : 9
Commit : #116
Status : SUCCESS
==========================================


==========================================
Time   : 2026-07-18 14:16:34 WIB
Farm   : 9
Commit : #117
Status : SUCCESS
==========================================


==========================================
Time   : 2026-07-18 16:00:35 WIB
Farm   : 9
Commit : #118
Status : SUCCESS
==========================================


==========================================
Time   : 2026-07-18 17:21:12 WIB
Farm   : 9
Commit : #119
Status : SUCCESS
==========================================


==========================================
Time   : 2026-07-18 18:26:33 WIB
Farm   : 9
Commit : #120
Status : SUCCESS
==========================================


==========================================
Time   : 2026-07-18 20:46:44 WIB
Farm   : 9
Commit : #121
Status : SUCCESS
==========================================


==========================================
Time   : 2026-07-18 22:36:01 WIB
Farm   : 9
Commit : #122
Status : SUCCESS
==========================================


==========================================
Time   : 2026-07-18 23:32:28 WIB
Farm   : 9
Commit : #123
Status : SUCCESS
==========================================


==========================================
Time   : 2026-07-19 00:33:04 WIB
Farm   : 9
Commit : #124
Status : SUCCESS
==========================================


==========================================
Time   : 2026-07-19 02:43:07 WIB
Farm   : 9
Commit : #125
Status : SUCCESS
==========================================


==========================================
Time   : 2026-07-19 03:27:35 WIB
Farm   : 9
Commit : #126
Status : SUCCESS
==========================================


==========================================
Time   : 2026-07-19 04:13:40 WIB
Farm   : 9
Commit : #127
Status : SUCCESS
==========================================


==========================================
Time   : 2026-07-19 05:07:35 WIB
Farm   : 9
Commit : #128
Status : SUCCESS
==========================================


==========================================
Time   : 2026-07-19 06:04:18 WIB
Farm   : 9
Commit : #129
Status : SUCCESS
==========================================


==========================================
Time   : 2026-07-19 10:21:40 WIB
Farm   : 9
Commit : #130
Status : SUCCESS
==========================================


==========================================
Time   : 2026-07-19 13:11:11 WIB
Farm   : 9
Commit : #131
Status : SUCCESS
==========================================


==========================================
Time   : 2026-07-19 15:32:13 WIB
Farm   : 9
Commit : #132
Status : SUCCESS
==========================================


==========================================
Time   : 2026-07-19 17:08:43 WIB
Farm   : 9
Commit : #133
Status : SUCCESS
==========================================


==========================================
Time   : 2026-07-19 18:20:43 WIB
Farm   : 9
Commit : #134
Status : SUCCESS
==========================================


==========================================
Time   : 2026-07-19 20:49:30 WIB
Farm   : 9
Commit : #135
Status : SUCCESS
==========================================


==========================================
Time   : 2026-07-19 21:42:37 WIB
Farm   : 9
Commit : #136
Status : SUCCESS
==========================================


==========================================
Time   : 2026-07-19 22:36:21 WIB
Farm   : 9
Commit : #137
Status : SUCCESS
==========================================


==========================================
Time   : 2026-07-19 23:31:41 WIB
Farm   : 9
Commit : #138
Status : SUCCESS
==========================================


==========================================
Time   : 2026-07-20 00:33:49 WIB
Farm   : 9
Commit : #139
Status : SUCCESS
==========================================


==========================================
Time   : 2026-07-20 02:43:53 WIB
Farm   : 9
Commit : #140
Status : SUCCESS
==========================================


==========================================
Time   : 2026-07-20 03:29:19 WIB
Farm   : 9
Commit : #141
Status : SUCCESS
==========================================


==========================================
Time   : 2026-07-20 05:13:44 WIB
Farm   : 9
Commit : #142
Status : SUCCESS
==========================================


==========================================
Time   : 2026-07-20 06:10:38 WIB
Farm   : 9
Commit : #143
Status : SUCCESS
==========================================


==========================================
Time   : 2026-07-20 13:44:29 WIB
Farm   : 9
Commit : #144
Status : SUCCESS
==========================================


==========================================
Time   : 2026-07-20 16:47:18 WIB
Farm   : 9
Commit : #145
Status : SUCCESS
==========================================


==========================================
Time   : 2026-07-20 19:04:33 WIB
Farm   : 9
Commit : #146
Status : SUCCESS
==========================================


==========================================
Time   : 2026-07-20 21:28:57 WIB
Farm   : 9
Commit : #147
Status : SUCCESS
==========================================


==========================================
Time   : 2026-07-20 23:08:30 WIB
Farm   : 9
Commit : #148
Status : SUCCESS
==========================================


==========================================
Time   : 2026-07-21 01:16:42 WIB
Farm   : 9
Commit : #149
Status : SUCCESS
==========================================


==========================================
Time   : 2026-07-21 02:58:34 WIB
Farm   : 9
Commit : #150
Status : SUCCESS
==========================================


==========================================
Time   : 2026-07-21 04:05:47 WIB
Farm   : 9
Commit : #151
Status : SUCCESS
==========================================


==========================================
Time   : 2026-07-21 17:51:29 WIB
Farm   : 9
Commit : #152
Status : SUCCESS
==========================================


==========================================
Time   : 2026-07-21 19:14:27 WIB
Farm   : 9
Commit : #153
Status : SUCCESS
==========================================


==========================================
Time   : 2026-07-21 21:23:19 WIB
Farm   : 9
Commit : #154
Status : SUCCESS
==========================================


==========================================
Time   : 2026-07-22 00:10:07 WIB
Farm   : 9
Commit : #155
Status : SUCCESS
==========================================


==========================================
Time   : 2026-07-22 01:39:08 WIB
Farm   : 9
Commit : #156
Status : SUCCESS
==========================================


==========================================
Time   : 2026-07-22 03:05:58 WIB
Farm   : 9
Commit : #157
Status : SUCCESS
==========================================


==========================================
Time   : 2026-07-22 04:22:28 WIB
Farm   : 9
Commit : #158
Status : SUCCESS
==========================================


==========================================
Time   : 2026-07-22 05:15:33 WIB
Farm   : 9
Commit : #159
Status : SUCCESS
==========================================


==========================================
Time   : 2026-07-22 06:13:08 WIB
Farm   : 9
Commit : #160
Status : SUCCESS
==========================================


==========================================
Time   : 2026-07-22 07:04:56 WIB
Farm   : 9
Commit : #161
Status : SUCCESS
==========================================


==========================================
Time   : 2026-07-22 10:37:47 WIB
Farm   : 9
Commit : #162
Status : SUCCESS
==========================================


==========================================
Time   : 2026-07-22 17:51:06 WIB
Farm   : 9
Commit : #163
Status : SUCCESS
==========================================


==========================================
Time   : 2026-07-22 19:18:22 WIB
Farm   : 9
Commit : #164
Status : SUCCESS
==========================================


==========================================
Time   : 2026-07-22 21:27:20 WIB
Farm   : 9
Commit : #165
Status : SUCCESS
==========================================


==========================================
Time   : 2026-07-22 22:56:57 WIB
Farm   : 9
Commit : #166
Status : SUCCESS
==========================================


==========================================
Time   : 2026-07-23 00:08:52 WIB
Farm   : 9
Commit : #167
Status : SUCCESS
==========================================


==========================================
Time   : 2026-07-23 01:21:33 WIB
Farm   : 9
Commit : #168
Status : SUCCESS
==========================================


==========================================
Time   : 2026-07-23 02:49:07 WIB
Farm   : 9
Commit : #169
Status : SUCCESS
==========================================


==========================================
Time   : 2026-07-23 03:48:55 WIB
Farm   : 9
Commit : #170
Status : SUCCESS
==========================================


==========================================
Time   : 2026-07-23 04:55:07 WIB
Farm   : 9
Commit : #171
Status : SUCCESS
==========================================


==========================================
Time   : 2026-07-23 05:44:33 WIB
Farm   : 9
Commit : #172
Status : SUCCESS
==========================================


==========================================
Time   : 2026-07-23 06:42:01 WIB
Farm   : 9
Commit : #173
Status : SUCCESS
==========================================


==========================================
Time   : 2026-07-23 08:10:59 WIB
Farm   : 9
Commit : #174
Status : SUCCESS
==========================================


==========================================
Time   : 2026-07-23 14:07:18 WIB
Farm   : 9
Commit : #175
Status : SUCCESS
==========================================


==========================================
Time   : 2026-07-23 16:32:27 WIB
Farm   : 9
Commit : #176
Status : SUCCESS
==========================================


==========================================
Time   : 2026-07-23 18:27:44 WIB
Farm   : 9
Commit : #177
Status : SUCCESS
==========================================


==========================================
Time   : 2026-07-23 19:55:16 WIB
Farm   : 9
Commit : #178
Status : SUCCESS
==========================================


==========================================
Time   : 2026-07-23 22:01:24 WIB
Farm   : 9
Commit : #179
Status : SUCCESS
==========================================


==========================================
Time   : 2026-07-23 23:29:24 WIB
Farm   : 9
Commit : #180
Status : SUCCESS
==========================================


==========================================
Time   : 2026-07-24 00:54:51 WIB
Farm   : 9
Commit : #181
Status : SUCCESS
==========================================


==========================================
Time   : 2026-07-24 01:56:27 WIB
Farm   : 9
Commit : #182
Status : SUCCESS
==========================================


==========================================
Time   : 2026-07-24 03:08:03 WIB
Farm   : 9
Commit : #183
Status : SUCCESS
==========================================


==========================================
Time   : 2026-07-24 04:18:42 WIB
Farm   : 9
Commit : #184
Status : SUCCESS
==========================================


==========================================
Time   : 2026-07-24 05:17:50 WIB
Farm   : 9
Commit : #185
Status : SUCCESS
==========================================


==========================================
Time   : 2026-07-24 07:11:27 WIB
Farm   : 9
Commit : #186
Status : SUCCESS
==========================================


==========================================
Time   : 2026-07-24 10:41:25 WIB
Farm   : 9
Commit : #187
Status : SUCCESS
==========================================


==========================================
Time   : 2026-07-24 17:47:54 WIB
Farm   : 9
Commit : #188
Status : SUCCESS
==========================================


==========================================
Time   : 2026-07-24 21:07:09 WIB
Farm   : 9
Commit : #189
Status : SUCCESS
==========================================


==========================================
Time   : 2026-07-25 00:10:52 WIB
Farm   : 9
Commit : #190
Status : SUCCESS
==========================================


==========================================
Time   : 2026-07-25 03:04:18 WIB
Farm   : 9
Commit : #191
Status : SUCCESS
==========================================


==========================================
Time   : 2026-07-25 04:13:44 WIB
Farm   : 9
Commit : #192
Status : SUCCESS
==========================================


==========================================
Time   : 2026-07-25 05:17:33 WIB
Farm   : 9
Commit : #193
Status : SUCCESS
==========================================


==========================================
Time   : 2026-07-25 06:18:29 WIB
Farm   : 9
Commit : #194
Status : SUCCESS
==========================================


==========================================
Time   : 2026-07-25 07:19:30 WIB
Farm   : 9
Commit : #195
Status : SUCCESS
==========================================


==========================================
Time   : 2026-07-25 10:42:47 WIB
Farm   : 9
Commit : #196
Status : SUCCESS
==========================================


==========================================
Time   : 2026-07-25 13:05:50 WIB
Farm   : 9
Commit : #197
Status : SUCCESS
==========================================


==========================================
Time   : 2026-07-25 15:21:10 WIB
Farm   : 9
Commit : #198
Status : SUCCESS
==========================================


==========================================
Time   : 2026-07-25 17:03:22 WIB
Farm   : 9
Commit : #199
Status : SUCCESS
==========================================


==========================================
Time   : 2026-07-25 18:19:35 WIB
Farm   : 9
Commit : #200
Status : SUCCESS
==========================================


==========================================
Time   : 2026-07-25 19:12:57 WIB
Farm   : 9
Commit : #201
Status : SUCCESS
==========================================


==========================================
Time   : 2026-07-25 21:01:39 WIB
Farm   : 9
Commit : #202
Status : SUCCESS
==========================================


==========================================
Time   : 2026-07-25 22:06:05 WIB
Farm   : 9
Commit : #203
Status : SUCCESS
==========================================


==========================================
Time   : 2026-07-25 23:10:41 WIB
Farm   : 9
Commit : #204
Status : SUCCESS
==========================================


==========================================
Time   : 2026-07-26 00:13:51 WIB
Farm   : 9
Commit : #205
Status : SUCCESS
==========================================


==========================================
Time   : 2026-07-26 01:08:04 WIB
Farm   : 9
Commit : #206
Status : SUCCESS
==========================================


==========================================
Time   : 2026-07-26 02:24:03 WIB
Farm   : 9
Commit : #207
Status : SUCCESS
==========================================


==========================================
Time   : 2026-07-26 03:25:51 WIB
Farm   : 9
Commit : #208
Status : SUCCESS
==========================================


==========================================
Time   : 2026-07-26 04:15:19 WIB
Farm   : 9
Commit : #209
Status : SUCCESS
==========================================


==========================================
Time   : 2026-07-26 05:11:35 WIB
Farm   : 9
Commit : #210
Status : SUCCESS
==========================================


==========================================
Time   : 2026-07-26 06:08:18 WIB
Farm   : 9
Commit : #211
Status : SUCCESS
==========================================


==========================================
Time   : 2026-07-26 07:11:17 WIB
Farm   : 9
Commit : #212
Status : SUCCESS
==========================================


==========================================
Time   : 2026-07-26 10:52:32 WIB
Farm   : 9
Commit : #213
Status : SUCCESS
==========================================


==========================================
Time   : 2026-07-26 13:26:29 WIB
Farm   : 9
Commit : #214
Status : SUCCESS
==========================================


==========================================
Time   : 2026-07-26 15:44:03 WIB
Farm   : 9
Commit : #215
Status : SUCCESS
==========================================


==========================================
Time   : 2026-07-26 17:24:12 WIB
Farm   : 9
Commit : #216
Status : SUCCESS
==========================================


==========================================
Time   : 2026-07-26 18:41:15 WIB
Farm   : 9
Commit : #217
Status : SUCCESS
==========================================


==========================================
Time   : 2026-07-26 19:44:33 WIB
Farm   : 9
Commit : #218
Status : SUCCESS
==========================================


==========================================
Time   : 2026-07-26 21:16:54 WIB
Farm   : 9
Commit : #219
Status : SUCCESS
==========================================


==========================================
Time   : 2026-07-26 22:31:46 WIB
Farm   : 9
Commit : #220
Status : SUCCESS
==========================================


==========================================
Time   : 2026-07-27 04:35:54 WIB
Farm   : 9
Commit : #221
Status : SUCCESS
==========================================


==========================================
Time   : 2026-07-27 05:34:29 WIB
Farm   : 9
Commit : #222
Status : SUCCESS
==========================================


==========================================
Time   : 2026-07-27 06:33:11 WIB
Farm   : 9
Commit : #223
Status : SUCCESS
==========================================


==========================================
Time   : 2026-07-27 08:12:03 WIB
Farm   : 9
Commit : #224
Status : SUCCESS
==========================================


==========================================
Time   : 2026-07-27 11:52:34 WIB
Farm   : 9
Commit : #225
Status : SUCCESS
==========================================


==========================================
Time   : 2026-07-27 15:18:08 WIB
Farm   : 9
Commit : #226
Status : SUCCESS
==========================================


==========================================
Time   : 2026-07-27 20:59:06 WIB
Farm   : 9
Commit : #227
Status : SUCCESS
==========================================


==========================================
Time   : 2026-07-27 23:15:26 WIB
Farm   : 9
Commit : #228
Status : SUCCESS
==========================================


==========================================
Time   : 2026-07-28 00:55:44 WIB
Farm   : 9
Commit : #229
Status : SUCCESS
==========================================


==========================================
Time   : 2026-07-28 02:10:41 WIB
Farm   : 9
Commit : #230
Status : SUCCESS
==========================================


==========================================
Time   : 2026-07-28 03:42:53 WIB
Farm   : 9
Commit : #231
Status : SUCCESS
==========================================


==========================================
Time   : 2026-07-28 04:46:12 WIB
Farm   : 9
Commit : #232
Status : SUCCESS
==========================================


==========================================
Time   : 2026-07-28 05:45:10 WIB
Farm   : 9
Commit : #233
Status : SUCCESS
==========================================


==========================================
Time   : 2026-07-28 06:45:10 WIB
Farm   : 9
Commit : #234
Status : SUCCESS
==========================================


==========================================
Time   : 2026-07-28 11:20:36 WIB
Farm   : 9
Commit : #235
Status : SUCCESS
==========================================


==========================================
Time   : 2026-07-28 16:25:53 WIB
Farm   : 9
Commit : #236
Status : SUCCESS
==========================================


==========================================
Time   : 2026-07-28 22:34:56 WIB
Farm   : 9
Commit : #237
Status : SUCCESS
==========================================


==========================================
Time   : 2026-07-29 02:57:14 WIB
Farm   : 9
Commit : #238
Status : SUCCESS
==========================================


==========================================
Time   : 2026-07-29 04:01:21 WIB
Farm   : 9
Commit : #239
Status : SUCCESS
==========================================


==========================================
Time   : 2026-07-29 05:08:28 WIB
Farm   : 9
Commit : #240
Status : SUCCESS
==========================================


==========================================
Time   : 2026-07-29 06:17:48 WIB
Farm   : 9
Commit : #241
Status : SUCCESS
==========================================


==========================================
Time   : 2026-07-29 07:09:39 WIB
Farm   : 9
Commit : #242
Status : SUCCESS
==========================================


==========================================
Time   : 2026-07-29 10:34:22 WIB
Farm   : 9
Commit : #243
Status : SUCCESS
==========================================


==========================================
Time   : 2026-07-29 13:15:40 WIB
Farm   : 9
Commit : #244
Status : SUCCESS
==========================================


==========================================
Time   : 2026-07-29 16:10:29 WIB
Farm   : 9
Commit : #245
Status : SUCCESS
==========================================


==========================================
Time   : 2026-07-29 18:32:31 WIB
Farm   : 9
Commit : #246
Status : SUCCESS
==========================================


==========================================
Time   : 2026-07-29 22:20:56 WIB
Farm   : 9
Commit : #247
Status : SUCCESS
==========================================


==========================================
Time   : 2026-07-29 23:42:07 WIB
Farm   : 9
Commit : #248
Status : SUCCESS
==========================================


==========================================
Time   : 2026-07-30 00:53:43 WIB
Farm   : 9
Commit : #249
Status : SUCCESS
==========================================


==========================================
Time   : 2026-07-30 03:01:43 WIB
Farm   : 9
Commit : #250
Status : SUCCESS
==========================================


==========================================
Time   : 2026-07-30 04:03:15 WIB
Farm   : 9
Commit : #251
Status : SUCCESS
==========================================


==========================================
Time   : 2026-07-30 05:08:15 WIB
Farm   : 9
Commit : #252
Status : SUCCESS
==========================================


==========================================
Time   : 2026-07-30 06:10:32 WIB
Farm   : 9
Commit : #253
Status : SUCCESS
==========================================


==========================================
Time   : 2026-07-30 07:08:19 WIB
Farm   : 9
Commit : #254
Status : SUCCESS
==========================================


==========================================
Time   : 2026-07-30 10:21:23 WIB
Farm   : 9
Commit : #255
Status : SUCCESS
==========================================


==========================================
Time   : 2026-07-30 13:03:55 WIB
Farm   : 9
Commit : #256
Status : SUCCESS
==========================================


==========================================
Time   : 2026-07-30 15:43:10 WIB
Farm   : 9
Commit : #257
Status : SUCCESS
==========================================


==========================================
Time   : 2026-07-30 17:50:27 WIB
Farm   : 9
Commit : #258
Status : SUCCESS
==========================================


==========================================
Time   : 2026-07-30 19:17:51 WIB
Farm   : 9
Commit : #259
Status : SUCCESS
==========================================


==========================================
Time   : 2026-07-30 21:36:32 WIB
Farm   : 9
Commit : #260
Status : SUCCESS
==========================================


==========================================
Time   : 2026-07-30 23:11:49 WIB
Farm   : 9
Commit : #261
Status : SUCCESS
==========================================


==========================================
Time   : 2026-07-31 00:46:31 WIB
Farm   : 9
Commit : #262
Status : SUCCESS
==========================================


==========================================
Time   : 2026-07-31 02:01:15 WIB
Farm   : 9
Commit : #263
Status : SUCCESS
==========================================


==========================================
Time   : 2026-07-31 03:18:11 WIB
Farm   : 9
Commit : #264
Status : SUCCESS
==========================================


==========================================
Time   : 2026-07-31 04:35:38 WIB
Farm   : 9
Commit : #265
Status : SUCCESS
==========================================


==========================================
Time   : 2026-07-31 11:36:54 WIB
Farm   : 9
Commit : #266
Status : SUCCESS
==========================================


==========================================
Time   : 2026-07-31 19:09:03 WIB
Farm   : 9
Commit : #267
Status : SUCCESS
==========================================


==========================================
Time   : 2026-07-31 21:32:08 WIB
Farm   : 9
Commit : #268
Status : SUCCESS
==========================================


==========================================
Time   : 2026-07-31 23:18:55 WIB
Farm   : 9
Commit : #269
Status : SUCCESS
==========================================


==========================================
Time   : 2026-08-01 02:03:41 WIB
Farm   : 9
Commit : #270
Status : SUCCESS
==========================================


==========================================
Time   : 2026-08-01 03:26:31 WIB
Farm   : 9
Commit : #271
Status : SUCCESS
==========================================


==========================================
Time   : 2026-08-01 05:37:15 WIB
Farm   : 9
Commit : #272
Status : SUCCESS
==========================================


==========================================
Time   : 2026-08-01 06:37:03 WIB
Farm   : 9
Commit : #273
Status : SUCCESS
==========================================


==========================================
Time   : 2026-08-01 11:31:53 WIB
Farm   : 9
Commit : #274
Status : SUCCESS
==========================================


==========================================
Time   : 2026-08-01 14:05:28 WIB
Farm   : 9
Commit : #275
Status : SUCCESS
==========================================


==========================================
Time   : 2026-08-01 16:14:31 WIB
Farm   : 9
Commit : #276
Status : SUCCESS
==========================================


==========================================
Time   : 2026-08-01 18:49:50 WIB
Farm   : 9
Commit : #277
Status : SUCCESS
==========================================


==========================================
Time   : 2026-08-01 19:43:14 WIB
Farm   : 9
Commit : #278
Status : SUCCESS
==========================================


==========================================
Time   : 2026-08-01 21:12:01 WIB
Farm   : 9
Commit : #279
Status : SUCCESS
==========================================


==========================================
Time   : 2026-08-01 22:17:12 WIB
Farm   : 9
Commit : #280
Status : SUCCESS
==========================================


==========================================
Time   : 2026-08-01 23:15:07 WIB
Farm   : 9
Commit : #281
Status : SUCCESS
==========================================


==========================================
Time   : 2026-08-02 00:16:19 WIB
Farm   : 9
Commit : #282
Status : SUCCESS
==========================================


==========================================
Time   : 2026-08-02 01:12:34 WIB
Farm   : 9
Commit : #283
Status : SUCCESS
==========================================


==========================================
Time   : 2026-08-02 02:32:02 WIB
Farm   : 9
Commit : #284
Status : SUCCESS
==========================================


==========================================
Time   : 2026-08-02 03:27:53 WIB
Farm   : 9
Commit : #285
Status : SUCCESS
==========================================


==========================================
Time   : 2026-08-02 04:24:32 WIB
Farm   : 9
Commit : #286
Status : SUCCESS
==========================================


==========================================
Time   : 2026-08-02 05:16:45 WIB
Farm   : 9
Commit : #287
Status : SUCCESS
==========================================


==========================================
Time   : 2026-08-02 07:10:09 WIB
Farm   : 9
Commit : #288
Status : SUCCESS
==========================================


==========================================
Time   : 2026-08-02 10:50:29 WIB
Farm   : 9
Commit : #289
Status : SUCCESS
==========================================


==========================================
Time   : 2026-08-02 13:22:34 WIB
Farm   : 9
Commit : #290
Status : SUCCESS
==========================================


==========================================
Time   : 2026-08-02 15:41:46 WIB
Farm   : 9
Commit : #291
Status : SUCCESS
==========================================


==========================================
Time   : 2026-08-02 17:20:55 WIB
Farm   : 9
Commit : #292
Status : SUCCESS
==========================================


==========================================
Time   : 2026-08-02 18:37:04 WIB
Farm   : 9
Commit : #293
Status : SUCCESS
==========================================


==========================================
Time   : 2026-08-02 19:39:55 WIB
Farm   : 9
Commit : #294
Status : SUCCESS
==========================================


==========================================
Time   : 2026-08-02 21:13:11 WIB
Farm   : 9
Commit : #295
Status : SUCCESS
==========================================


==========================================
Time   : 2026-08-02 22:18:47 WIB
Farm   : 9
Commit : #296
Status : SUCCESS
==========================================


==========================================
Time   : 2026-08-02 23:16:33 WIB
Farm   : 9
Commit : #297
Status : SUCCESS
==========================================


==========================================
Time   : 2026-08-03 00:17:32 WIB
Farm   : 9
Commit : #298
Status : SUCCESS
==========================================


==========================================
Time   : 2026-08-03 01:12:59 WIB
Farm   : 9
Commit : #299
Status : SUCCESS
==========================================


==========================================
Time   : 2026-08-03 02:34:40 WIB
Farm   : 9
Commit : #300
Status : SUCCESS
==========================================


==========================================
Time   : 2026-08-03 03:32:29 WIB
Farm   : 9
Commit : #301
Status : SUCCESS
==========================================


==========================================
Time   : 2026-08-03 04:26:39 WIB
Farm   : 9
Commit : #302
Status : SUCCESS
==========================================


==========================================
Time   : 2026-08-03 05:25:21 WIB
Farm   : 9
Commit : #303
Status : SUCCESS
==========================================


==========================================
Time   : 2026-08-03 06:25:17 WIB
Farm   : 9
Commit : #304
Status : SUCCESS
==========================================


==========================================
Time   : 2026-08-03 08:02:38 WIB
Farm   : 9
Commit : #305
Status : SUCCESS
==========================================


==========================================
Time   : 2026-08-03 11:37:13 WIB
Farm   : 9
Commit : #306
Status : SUCCESS
==========================================


==========================================
Time   : 2026-08-03 15:00:31 WIB
Farm   : 9
Commit : #307
Status : SUCCESS
==========================================


==========================================
Time   : 2026-08-03 18:27:55 WIB
Farm   : 9
Commit : #308
Status : SUCCESS
==========================================


==========================================
Time   : 2026-08-03 20:57:36 WIB
Farm   : 9
Commit : #309
Status : SUCCESS
==========================================


==========================================
Time   : 2026-08-03 23:18:40 WIB
Farm   : 9
Commit : #310
Status : SUCCESS
==========================================


==========================================
Time   : 2026-08-04 01:10:41 WIB
Farm   : 9
Commit : #311
Status : SUCCESS
==========================================


==========================================
Time   : 2026-08-04 02:54:47 WIB
Farm   : 9
Commit : #312
Status : SUCCESS
==========================================


==========================================
Time   : 2026-08-04 05:45:05 WIB
Farm   : 9
Commit : #313
Status : SUCCESS
==========================================


==========================================
Time   : 2026-08-04 06:48:52 WIB
Farm   : 9
Commit : #314
Status : SUCCESS
==========================================


==========================================
Time   : 2026-08-04 08:10:16 WIB
Farm   : 9
Commit : #315
Status : SUCCESS
==========================================


==========================================
Time   : 2026-08-04 11:27:13 WIB
Farm   : 9
Commit : #316
Status : SUCCESS
==========================================


==========================================
Time   : 2026-08-04 14:10:18 WIB
Farm   : 9
Commit : #317
Status : SUCCESS
==========================================


==========================================
Time   : 2026-08-04 20:27:52 WIB
Farm   : 9
Commit : #318
Status : SUCCESS
==========================================


==========================================
Time   : 2026-08-04 22:45:48 WIB
Farm   : 9
Commit : #319
Status : SUCCESS
==========================================


==========================================
Time   : 2026-08-05 00:21:35 WIB
Farm   : 9
Commit : #320
Status : SUCCESS
==========================================


==========================================
Time   : 2026-08-05 03:23:40 WIB
Farm   : 9
Commit : #321
Status : SUCCESS
==========================================


==========================================
Time   : 2026-08-05 05:44:25 WIB
Farm   : 9
Commit : #322
Status : SUCCESS
==========================================


==========================================
Time   : 2026-08-05 06:42:49 WIB
Farm   : 9
Commit : #323
Status : SUCCESS
==========================================


==========================================
Time   : 2026-08-05 08:04:02 WIB
Farm   : 9
Commit : #324
Status : SUCCESS
==========================================


==========================================
Time   : 2026-08-05 13:45:47 WIB
Farm   : 9
Commit : #325
Status : SUCCESS
==========================================


==========================================
Time   : 2026-08-05 16:27:05 WIB
Farm   : 9
Commit : #326
Status : SUCCESS
==========================================


==========================================
Time   : 2026-08-05 18:36:19 WIB
Farm   : 9
Commit : #327
Status : SUCCESS
==========================================


==========================================
Time   : 2026-08-05 20:17:31 WIB
Farm   : 9
Commit : #328
Status : SUCCESS
==========================================


==========================================
Time   : 2026-08-05 22:30:45 WIB
Farm   : 9
Commit : #329
Status : SUCCESS
==========================================


==========================================
Time   : 2026-08-06 00:02:21 WIB
Farm   : 9
Commit : #330
Status : SUCCESS
==========================================


==========================================
Time   : 2026-08-06 01:40:00 WIB
Farm   : 9
Commit : #331
Status : SUCCESS
==========================================


==========================================
Time   : 2026-08-06 03:14:13 WIB
Farm   : 9
Commit : #332
Status : SUCCESS
==========================================


==========================================
Time   : 2026-08-06 04:33:11 WIB
Farm   : 9
Commit : #333
Status : SUCCESS
==========================================


==========================================
Time   : 2026-08-06 06:33:19 WIB
Farm   : 9
Commit : #334
Status : SUCCESS
==========================================


==========================================
Time   : 2026-08-06 10:57:50 WIB
Farm   : 9
Commit : #335
Status : SUCCESS
==========================================


==========================================
Time   : 2026-08-06 13:25:19 WIB
Farm   : 9
Commit : #336
Status : SUCCESS
==========================================


==========================================
Time   : 2026-08-06 16:16:48 WIB
Farm   : 9
Commit : #337
Status : SUCCESS
==========================================


==========================================
Time   : 2026-08-06 18:34:35 WIB
Farm   : 9
Commit : #338
Status : SUCCESS
==========================================


==========================================
Time   : 2026-08-06 22:28:10 WIB
Farm   : 9
Commit : #339
Status : SUCCESS
==========================================


==========================================
Time   : 2026-08-07 10:28:35 WIB
Farm   : 9
Commit : #340
Status : SUCCESS
==========================================


==========================================
Time   : 2026-08-07 12:12:50 WIB
Farm   : 9
Commit : #341
Status : SUCCESS
==========================================


==========================================
Time   : 2026-08-07 13:17:28 WIB
Farm   : 9
Commit : #342
Status : SUCCESS
==========================================


==========================================
Time   : 2026-08-07 14:44:06 WIB
Farm   : 9
Commit : #343
Status : SUCCESS
==========================================


==========================================
Time   : 2026-08-07 16:38:13 WIB
Farm   : 9
Commit : #344
Status : SUCCESS
==========================================


==========================================
Time   : 2026-08-07 18:23:25 WIB
Farm   : 9
Commit : #345
Status : SUCCESS
==========================================


==========================================
Time   : 2026-08-07 20:22:47 WIB
Farm   : 9
Commit : #346
Status : SUCCESS
==========================================


==========================================
Time   : 2026-08-07 22:24:49 WIB
Farm   : 9
Commit : #347
Status : SUCCESS
==========================================


==========================================
Time   : 2026-08-07 23:12:45 WIB
Farm   : 9
Commit : #348
Status : SUCCESS
==========================================


==========================================
Time   : 2026-08-08 00:07:19 WIB
Farm   : 9
Commit : #349
Status : SUCCESS
==========================================


==========================================
Time   : 2026-08-08 01:43:16 WIB
Farm   : 9
Commit : #350
Status : SUCCESS
==========================================


==========================================
Time   : 2026-08-08 02:38:53 WIB
Farm   : 9
Commit : #351
Status : SUCCESS
==========================================


==========================================
Time   : 2026-08-08 03:19:32 WIB
Farm   : 9
Commit : #352
Status : SUCCESS
==========================================


==========================================
Time   : 2026-08-08 04:03:41 WIB
Farm   : 9
Commit : #353
Status : SUCCESS
==========================================


==========================================
Time   : 2026-08-08 04:49:52 WIB
Farm   : 9
Commit : #354
Status : SUCCESS
==========================================


==========================================
Time   : 2026-08-08 05:20:19 WIB
Farm   : 9
Commit : #355
Status : SUCCESS
==========================================


==========================================
Time   : 2026-08-08 05:58:44 WIB
Farm   : 9
Commit : #356
Status : SUCCESS
==========================================


==========================================
Time   : 2026-08-08 06:30:35 WIB
Farm   : 9
Commit : #357
Status : SUCCESS
==========================================


==========================================
Time   : 2026-08-08 07:00:49 WIB
Farm   : 9
Commit : #358
Status : SUCCESS
==========================================


==========================================
Time   : 2026-08-08 08:46:39 WIB
Farm   : 9
Commit : #359
Status : SUCCESS
==========================================


==========================================
Time   : 2026-08-08 10:14:21 WIB
Farm   : 9
Commit : #360
Status : SUCCESS
==========================================


==========================================
Time   : 2026-08-08 11:21:01 WIB
Farm   : 9
Commit : #361
Status : SUCCESS
==========================================


==========================================
Time   : 2026-08-08 12:55:43 WIB
Farm   : 9
Commit : #362
Status : SUCCESS
==========================================


==========================================
Time   : 2026-08-08 13:34:10 WIB
Farm   : 9
Commit : #363
Status : SUCCESS
==========================================


==========================================
Time   : 2026-08-08 14:31:49 WIB
Farm   : 9
Commit : #364
Status : SUCCESS
==========================================


==========================================
Time   : 2026-08-08 15:08:01 WIB
Farm   : 9
Commit : #365
Status : SUCCESS
==========================================


==========================================
Time   : 2026-08-08 16:25:50 WIB
Farm   : 9
Commit : #366
Status : SUCCESS
==========================================


==========================================
Time   : 2026-08-08 17:39:49 WIB
Farm   : 9
Commit : #367
Status : SUCCESS
==========================================


==========================================
Time   : 2026-08-08 18:37:09 WIB
Farm   : 9
Commit : #368
Status : SUCCESS
==========================================


==========================================
Time   : 2026-08-08 19:40:04 WIB
Farm   : 9
Commit : #369
Status : SUCCESS
==========================================


==========================================
Time   : 2026-08-08 21:06:50 WIB
Farm   : 9
Commit : #370
Status : SUCCESS
==========================================


==========================================
Time   : 2026-08-08 21:44:06 WIB
Farm   : 9
Commit : #371
Status : SUCCESS
==========================================


==========================================
Time   : 2026-08-08 22:04:30 WIB
Farm   : 9
Commit : #372
Status : SUCCESS
==========================================


==========================================
Time   : 2026-08-08 22:38:33 WIB
Farm   : 9
Commit : #373
Status : SUCCESS
==========================================


==========================================
Time   : 2026-08-08 23:00:35 WIB
Farm   : 9
Commit : #374
Status : SUCCESS
==========================================


==========================================
Time   : 2026-08-08 23:37:55 WIB
Farm   : 9
Commit : #375
Status : SUCCESS
==========================================


==========================================
Time   : 2026-08-09 00:05:36 WIB
Farm   : 9
Commit : #376
Status : SUCCESS
==========================================


==========================================
Time   : 2026-08-09 01:02:32 WIB
Farm   : 9
Commit : #377
Status : SUCCESS
==========================================


==========================================
Time   : 2026-08-09 01:51:24 WIB
Farm   : 9
Commit : #378
Status : SUCCESS
==========================================


==========================================
Time   : 2026-08-09 02:18:05 WIB
Farm   : 9
Commit : #379
Status : SUCCESS
==========================================


==========================================
Time   : 2026-08-09 02:47:45 WIB
Farm   : 9
Commit : #380
Status : SUCCESS
==========================================


==========================================
Time   : 2026-08-09 03:04:39 WIB
Farm   : 9
Commit : #381
Status : SUCCESS
==========================================


==========================================
Time   : 2026-08-09 03:41:18 WIB
Farm   : 9
Commit : #382
Status : SUCCESS
==========================================


==========================================
Time   : 2026-08-09 04:39:31 WIB
Farm   : 9
Commit : #383
Status : SUCCESS
==========================================


==========================================
Time   : 2026-08-09 05:00:24 WIB
Farm   : 9
Commit : #384
Status : SUCCESS
==========================================


==========================================
Time   : 2026-08-09 05:32:24 WIB
Farm   : 9
Commit : #385
Status : SUCCESS
==========================================


==========================================
Time   : 2026-08-09 05:59:46 WIB
Farm   : 9
Commit : #386
Status : SUCCESS
==========================================


==========================================
Time   : 2026-08-09 06:30:49 WIB
Farm   : 9
Commit : #387
Status : SUCCESS
==========================================


==========================================
Time   : 2026-08-09 06:56:11 WIB
Farm   : 9
Commit : #388
Status : SUCCESS
==========================================


==========================================
Time   : 2026-08-09 07:47:47 WIB
Farm   : 9
Commit : #389
Status : SUCCESS
==========================================


==========================================
Time   : 2026-08-09 09:53:22 WIB
Farm   : 9
Commit : #390
Status : SUCCESS
==========================================


==========================================
Time   : 2026-08-09 12:15:13 WIB
Farm   : 9
Commit : #391
Status : SUCCESS
==========================================


==========================================
Time   : 2026-08-09 12:58:53 WIB
Farm   : 9
Commit : #392
Status : SUCCESS
==========================================


==========================================
Time   : 2026-08-09 13:48:03 WIB
Farm   : 9
Commit : #393
Status : SUCCESS
==========================================


==========================================
Time   : 2026-08-09 14:41:42 WIB
Farm   : 9
Commit : #394
Status : SUCCESS
==========================================


==========================================
Time   : 2026-08-09 16:52:49 WIB
Farm   : 9
Commit : #395
Status : SUCCESS
==========================================


==========================================
Time   : 2026-08-09 18:18:34 WIB
Farm   : 9
Commit : #396
Status : SUCCESS
==========================================


==========================================
Time   : 2026-08-09 18:48:24 WIB
Farm   : 9
Commit : #397
Status : SUCCESS
==========================================


==========================================
Time   : 2026-08-09 20:18:32 WIB
Farm   : 9
Commit : #398
Status : SUCCESS
==========================================


==========================================
Time   : 2026-08-09 21:01:23 WIB
Farm   : 9
Commit : #399
Status : SUCCESS
==========================================


==========================================
Time   : 2026-08-09 21:40:21 WIB
Farm   : 9
Commit : #400
Status : SUCCESS
==========================================


==========================================
Time   : 2026-08-09 22:41:01 WIB
Farm   : 9
Commit : #401
Status : SUCCESS
==========================================


==========================================
Time   : 2026-08-09 23:03:33 WIB
Farm   : 9
Commit : #402
Status : SUCCESS
==========================================


==========================================
Time   : 2026-08-09 23:46:49 WIB
Farm   : 9
Commit : #403
Status : SUCCESS
==========================================


==========================================
Time   : 2026-08-10 01:16:55 WIB
Farm   : 9
Commit : #404
Status : SUCCESS
==========================================


==========================================
Time   : 2026-08-10 02:41:46 WIB
Farm   : 9
Commit : #405
Status : SUCCESS
==========================================


==========================================
Time   : 2026-08-10 03:03:19 WIB
Farm   : 9
Commit : #406
Status : SUCCESS
==========================================


==========================================
Time   : 2026-08-10 04:12:12 WIB
Farm   : 9
Commit : #407
Status : SUCCESS
==========================================


==========================================
Time   : 2026-08-10 05:05:04 WIB
Farm   : 9
Commit : #408
Status : SUCCESS
==========================================


==========================================
Time   : 2026-08-10 05:44:22 WIB
Farm   : 9
Commit : #409
Status : SUCCESS
==========================================


==========================================
Time   : 2026-08-10 06:05:54 WIB
Farm   : 9
Commit : #410
Status : SUCCESS
==========================================


==========================================
Time   : 2026-08-10 06:41:18 WIB
Farm   : 9
Commit : #411
Status : SUCCESS
==========================================


==========================================
Time   : 2026-08-10 07:03:11 WIB
Farm   : 9
Commit : #412
Status : SUCCESS
==========================================


==========================================
Time   : 2026-08-10 09:26:44 WIB
Farm   : 9
Commit : #413
Status : SUCCESS
==========================================


==========================================
Time   : 2026-08-10 11:13:12 WIB
Farm   : 9
Commit : #414
Status : SUCCESS
==========================================


==========================================
Time   : 2026-08-10 12:43:39 WIB
Farm   : 9
Commit : #415
Status : SUCCESS
==========================================


==========================================
Time   : 2026-08-10 13:57:41 WIB
Farm   : 9
Commit : #416
Status : SUCCESS
==========================================


==========================================
Time   : 2026-08-10 15:23:44 WIB
Farm   : 9
Commit : #417
Status : SUCCESS
==========================================


==========================================
Time   : 2026-08-10 16:52:22 WIB
Farm   : 9
Commit : #418
Status : SUCCESS
==========================================


==========================================
Time   : 2026-08-10 17:53:06 WIB
Farm   : 9
Commit : #419
Status : SUCCESS
==========================================


==========================================
Time   : 2026-08-10 18:38:25 WIB
Farm   : 9
Commit : #420
Status : SUCCESS
==========================================


==========================================
Time   : 2026-08-10 19:28:05 WIB
Farm   : 9
Commit : #421
Status : SUCCESS
==========================================


==========================================
Time   : 2026-08-10 20:54:58 WIB
Farm   : 9
Commit : #422
Status : SUCCESS
==========================================


==========================================
Time   : 2026-08-10 21:48:44 WIB
Farm   : 9
Commit : #423
Status : SUCCESS
==========================================


==========================================
Time   : 2026-08-11 00:26:00 WIB
Farm   : 9
Commit : #424
Status : SUCCESS
==========================================


==========================================
Time   : 2026-08-11 01:10:55 WIB
Farm   : 9
Commit : #425
Status : SUCCESS
==========================================


==========================================
Time   : 2026-08-11 03:47:22 WIB
Farm   : 9
Commit : #426
Status : SUCCESS
==========================================


==========================================
Time   : 2026-08-11 04:28:05 WIB
Farm   : 9
Commit : #427
Status : SUCCESS
==========================================


==========================================
Time   : 2026-08-11 05:06:36 WIB
Farm   : 9
Commit : #428
Status : SUCCESS
==========================================


==========================================
Time   : 2026-08-11 05:50:54 WIB
Farm   : 9
Commit : #429
Status : SUCCESS
==========================================


==========================================
Time   : 2026-08-11 06:55:06 WIB
Farm   : 9
Commit : #430
Status : SUCCESS
==========================================


==========================================
Time   : 2026-08-11 07:41:36 WIB
Farm   : 9
Commit : #431
Status : SUCCESS
==========================================


==========================================
Time   : 2026-08-11 09:49:47 WIB
Farm   : 9
Commit : #432
Status : SUCCESS
==========================================


==========================================
Time   : 2026-08-11 11:07:55 WIB
Farm   : 9
Commit : #433
Status : SUCCESS
==========================================


==========================================
Time   : 2026-08-11 12:18:43 WIB
Farm   : 9
Commit : #434
Status : SUCCESS
==========================================


==========================================
Time   : 2026-08-11 13:07:54 WIB
Farm   : 9
Commit : #435
Status : SUCCESS
==========================================


==========================================
Time   : 2026-08-11 14:24:18 WIB
Farm   : 9
Commit : #436
Status : SUCCESS
==========================================


==========================================
Time   : 2026-08-11 15:28:19 WIB
Farm   : 9
Commit : #437
Status : SUCCESS
==========================================


==========================================
Time   : 2026-08-11 16:32:16 WIB
Farm   : 9
Commit : #438
Status : SUCCESS
==========================================


==========================================
Time   : 2026-08-11 17:26:24 WIB
Farm   : 9
Commit : #439
Status : SUCCESS
==========================================


==========================================
Time   : 2026-08-11 18:13:12 WIB
Farm   : 9
Commit : #440
Status : SUCCESS
==========================================


==========================================
Time   : 2026-08-11 18:56:19 WIB
Farm   : 9
Commit : #441
Status : SUCCESS
==========================================


==========================================
Time   : 2026-08-11 19:38:19 WIB
Farm   : 9
Commit : #442
Status : SUCCESS
==========================================


==========================================
Time   : 2026-08-11 21:04:37 WIB
Farm   : 9
Commit : #443
Status : SUCCESS
==========================================


==========================================
Time   : 2026-08-11 22:08:23 WIB
Farm   : 9
Commit : #444
Status : SUCCESS
==========================================


==========================================
Time   : 2026-08-11 23:09:39 WIB
Farm   : 9
Commit : #445
Status : SUCCESS
==========================================


==========================================
Time   : 2026-08-12 00:10:42 WIB
Farm   : 9
Commit : #446
Status : SUCCESS
==========================================


==========================================
Time   : 2026-08-12 01:06:05 WIB
Farm   : 9
Commit : #447
Status : SUCCESS
==========================================


==========================================
Time   : 2026-08-12 02:16:03 WIB
Farm   : 9
Commit : #448
Status : SUCCESS
==========================================


==========================================
Time   : 2026-08-12 03:06:14 WIB
Farm   : 9
Commit : #449
Status : SUCCESS
==========================================


==========================================
Time   : 2026-08-12 04:41:58 WIB
Farm   : 9
Commit : #450
Status : SUCCESS
==========================================


==========================================
Time   : 2026-08-12 05:24:13 WIB
Farm   : 9
Commit : #451
Status : SUCCESS
==========================================


==========================================
Time   : 2026-08-12 06:07:44 WIB
Farm   : 9
Commit : #452
Status : SUCCESS
==========================================


==========================================
Time   : 2026-08-12 07:44:53 WIB
Farm   : 9
Commit : #453
Status : SUCCESS
==========================================


==========================================
Time   : 2026-08-12 12:00:58 WIB
Farm   : 9
Commit : #454
Status : SUCCESS
==========================================


==========================================
Time   : 2026-08-12 13:13:23 WIB
Farm   : 9
Commit : #455
Status : SUCCESS
==========================================


==========================================
Time   : 2026-08-12 14:52:20 WIB
Farm   : 9
Commit : #456
Status : SUCCESS
==========================================


==========================================
Time   : 2026-08-12 15:55:08 WIB
Farm   : 9
Commit : #457
Status : SUCCESS
==========================================


==========================================
Time   : 2026-08-12 16:52:51 WIB
Farm   : 9
Commit : #458
Status : SUCCESS
==========================================


==========================================
Time   : 2026-08-12 18:31:21 WIB
Farm   : 9
Commit : #459
Status : SUCCESS
==========================================


==========================================
Time   : 2026-08-12 19:12:43 WIB
Farm   : 9
Commit : #460
Status : SUCCESS
==========================================


==========================================
Time   : 2026-08-12 20:44:57 WIB
Farm   : 9
Commit : #461
Status : SUCCESS
==========================================


==========================================
Time   : 2026-08-12 22:39:20 WIB
Farm   : 9
Commit : #462
Status : SUCCESS
==========================================


==========================================
Time   : 2026-08-13 01:28:24 WIB
Farm   : 9
Commit : #463
Status : SUCCESS
==========================================


==========================================
Time   : 2026-08-13 02:37:18 WIB
Farm   : 9
Commit : #464
Status : SUCCESS
==========================================


==========================================
Time   : 2026-08-13 04:07:03 WIB
Farm   : 9
Commit : #465
Status : SUCCESS
==========================================


==========================================
Time   : 2026-08-13 04:56:43 WIB
Farm   : 9
Commit : #466
Status : SUCCESS
==========================================


==========================================
Time   : 2026-08-13 05:33:12 WIB
Farm   : 9
Commit : #467
Status : SUCCESS
==========================================


==========================================
Time   : 2026-08-13 06:19:19 WIB
Farm   : 9
Commit : #468
Status : SUCCESS
==========================================


==========================================
Time   : 2026-08-13 07:02:33 WIB
Farm   : 9
Commit : #469
Status : SUCCESS
==========================================


==========================================
Time   : 2026-08-13 09:22:31 WIB
Farm   : 9
Commit : #470
Status : SUCCESS
==========================================


==========================================
Time   : 2026-08-13 11:24:08 WIB
Farm   : 9
Commit : #471
Status : SUCCESS
==========================================


==========================================
Time   : 2026-08-13 12:53:46 WIB
Farm   : 9
Commit : #472
Status : SUCCESS
==========================================


==========================================
Time   : 2026-08-13 14:06:11 WIB
Farm   : 9
Commit : #473
Status : SUCCESS
==========================================


==========================================
Time   : 2026-08-13 15:39:23 WIB
Farm   : 9
Commit : #474
Status : SUCCESS
==========================================


==========================================
Time   : 2026-08-13 16:46:43 WIB
Farm   : 9
Commit : #475
Status : SUCCESS
==========================================

