
==========================================
Time   : 2026-07-08 17:06:03 WIB
Farm   : 10
Commit : #1
Status : SUCCESS
==========================================


==========================================
Time   : 2026-07-08 20:49:43 WIB
Farm   : 10
Commit : #2
Status : SUCCESS
==========================================


==========================================
Time   : 2026-07-08 22:56:03 WIB
Farm   : 10
Commit : #3
Status : SUCCESS
==========================================


==========================================
Time   : 2026-07-09 00:29:10 WIB
Farm   : 10
Commit : #4
Status : SUCCESS
==========================================


==========================================
Time   : 2026-07-09 03:18:11 WIB
Farm   : 10
Commit : #5
Status : SUCCESS
==========================================


==========================================
Time   : 2026-07-09 04:35:07 WIB
Farm   : 10
Commit : #6
Status : SUCCESS
==========================================


==========================================
Time   : 2026-07-09 06:43:58 WIB
Farm   : 10
Commit : #7
Status : SUCCESS
==========================================


==========================================
Time   : 2026-07-09 08:20:18 WIB
Farm   : 10
Commit : #8
Status : SUCCESS
==========================================


==========================================
Time   : 2026-07-09 12:14:10 WIB
Farm   : 10
Commit : #9
Status : SUCCESS
==========================================


==========================================
Time   : 2026-07-09 15:47:25 WIB
Farm   : 10
Commit : #10
Status : SUCCESS
==========================================


==========================================
Time   : 2026-07-09 21:15:46 WIB
Farm   : 10
Commit : #11
Status : SUCCESS
==========================================


==========================================
Time   : 2026-07-09 23:45:48 WIB
Farm   : 10
Commit : #12
Status : SUCCESS
==========================================


==========================================
Time   : 2026-07-10 03:26:23 WIB
Farm   : 10
Commit : #13
Status : SUCCESS
==========================================


==========================================
Time   : 2026-07-10 04:56:47 WIB
Farm   : 10
Commit : #14
Status : SUCCESS
==========================================


==========================================
Time   : 2026-07-10 06:12:56 WIB
Farm   : 10
Commit : #15
Status : SUCCESS
==========================================


==========================================
Time   : 2026-07-10 07:19:27 WIB
Farm   : 10
Commit : #16
Status : SUCCESS
==========================================


==========================================
Time   : 2026-07-10 11:30:13 WIB
Farm   : 10
Commit : #17
Status : SUCCESS
==========================================


==========================================
Time   : 2026-07-10 20:20:31 WIB
Farm   : 10
Commit : #18
Status : SUCCESS
==========================================


==========================================
Time   : 2026-07-11 03:40:49 WIB
Farm   : 10
Commit : #19
Status : SUCCESS
==========================================


==========================================
Time   : 2026-07-11 05:43:01 WIB
Farm   : 10
Commit : #20
Status : SUCCESS
==========================================


==========================================
Time   : 2026-07-11 11:25:44 WIB
Farm   : 10
Commit : #21
Status : SUCCESS
==========================================


==========================================
Time   : 2026-07-11 13:35:55 WIB
Farm   : 10
Commit : #22
Status : SUCCESS
==========================================


==========================================
Time   : 2026-07-11 15:25:29 WIB
Farm   : 10
Commit : #23
Status : SUCCESS
==========================================


==========================================
Time   : 2026-07-11 18:06:59 WIB
Farm   : 10
Commit : #24
Status : SUCCESS
==========================================


==========================================
Time   : 2026-07-11 21:41:50 WIB
Farm   : 10
Commit : #25
Status : SUCCESS
==========================================


==========================================
Time   : 2026-07-11 22:37:40 WIB
Farm   : 10
Commit : #26
Status : SUCCESS
==========================================


==========================================
Time   : 2026-07-12 00:37:36 WIB
Farm   : 10
Commit : #27
Status : SUCCESS
==========================================


==========================================
Time   : 2026-07-12 01:32:17 WIB
Farm   : 10
Commit : #28
Status : SUCCESS
==========================================


==========================================
Time   : 2026-07-12 02:48:13 WIB
Farm   : 10
Commit : #29
Status : SUCCESS
==========================================


==========================================
Time   : 2026-07-12 03:34:21 WIB
Farm   : 10
Commit : #30
Status : SUCCESS
==========================================


==========================================
Time   : 2026-07-12 04:27:49 WIB
Farm   : 10
Commit : #31
Status : SUCCESS
==========================================


==========================================
Time   : 2026-07-12 05:25:13 WIB
Farm   : 10
Commit : #32
Status : SUCCESS
==========================================


==========================================
Time   : 2026-07-12 06:24:14 WIB
Farm   : 10
Commit : #33
Status : SUCCESS
==========================================


==========================================
Time   : 2026-07-12 08:01:57 WIB
Farm   : 10
Commit : #34
Status : SUCCESS
==========================================


==========================================
Time   : 2026-07-12 11:33:18 WIB
Farm   : 10
Commit : #35
Status : SUCCESS
==========================================


==========================================
Time   : 2026-07-12 14:10:14 WIB
Farm   : 10
Commit : #36
Status : SUCCESS
==========================================


==========================================
Time   : 2026-07-12 17:45:52 WIB
Farm   : 10
Commit : #37
Status : SUCCESS
==========================================


==========================================
Time   : 2026-07-12 18:46:26 WIB
Farm   : 10
Commit : #38
Status : SUCCESS
==========================================


==========================================
Time   : 2026-07-12 19:41:50 WIB
Farm   : 10
Commit : #39
Status : SUCCESS
==========================================


==========================================
Time   : 2026-07-12 21:16:16 WIB
Farm   : 10
Commit : #40
Status : SUCCESS
==========================================


==========================================
Time   : 2026-07-12 22:18:55 WIB
Farm   : 10
Commit : #41
Status : SUCCESS
==========================================


==========================================
Time   : 2026-07-12 23:16:36 WIB
Farm   : 10
Commit : #42
Status : SUCCESS
==========================================


==========================================
Time   : 2026-07-13 00:29:57 WIB
Farm   : 10
Commit : #43
Status : SUCCESS
==========================================


==========================================
Time   : 2026-07-13 01:29:54 WIB
Farm   : 10
Commit : #44
Status : SUCCESS
==========================================


==========================================
Time   : 2026-07-13 04:24:41 WIB
Farm   : 10
Commit : #45
Status : SUCCESS
==========================================


==========================================
Time   : 2026-07-13 05:16:11 WIB
Farm   : 10
Commit : #46
Status : SUCCESS
==========================================


==========================================
Time   : 2026-07-13 06:12:14 WIB
Farm   : 10
Commit : #47
Status : SUCCESS
==========================================


==========================================
Time   : 2026-07-13 07:11:56 WIB
Farm   : 10
Commit : #48
Status : SUCCESS
==========================================


==========================================
Time   : 2026-07-13 11:00:10 WIB
Farm   : 10
Commit : #49
Status : SUCCESS
==========================================


==========================================
Time   : 2026-07-13 14:32:08 WIB
Farm   : 10
Commit : #50
Status : SUCCESS
==========================================


==========================================
Time   : 2026-07-13 20:04:56 WIB
Farm   : 10
Commit : #51
Status : SUCCESS
==========================================


==========================================
Time   : 2026-07-14 02:07:12 WIB
Farm   : 10
Commit : #52
Status : SUCCESS
==========================================


==========================================
Time   : 2026-07-14 03:34:19 WIB
Farm   : 10
Commit : #53
Status : SUCCESS
==========================================


==========================================
Time   : 2026-07-14 04:31:52 WIB
Farm   : 10
Commit : #54
Status : SUCCESS
==========================================


==========================================
Time   : 2026-07-14 05:31:46 WIB
Farm   : 10
Commit : #55
Status : SUCCESS
==========================================


==========================================
Time   : 2026-07-14 06:29:20 WIB
Farm   : 10
Commit : #56
Status : SUCCESS
==========================================


==========================================
Time   : 2026-07-14 07:56:22 WIB
Farm   : 10
Commit : #57
Status : SUCCESS
==========================================


==========================================
Time   : 2026-07-14 10:56:29 WIB
Farm   : 10
Commit : #58
Status : SUCCESS
==========================================


==========================================
Time   : 2026-07-14 13:11:12 WIB
Farm   : 10
Commit : #59
Status : SUCCESS
==========================================


==========================================
Time   : 2026-07-14 15:27:44 WIB
Farm   : 10
Commit : #60
Status : SUCCESS
==========================================


==========================================
Time   : 2026-07-14 17:18:48 WIB
Farm   : 10
Commit : #61
Status : SUCCESS
==========================================


==========================================
Time   : 2026-07-14 18:50:41 WIB
Farm   : 10
Commit : #62
Status : SUCCESS
==========================================


==========================================
Time   : 2026-07-14 19:56:20 WIB
Farm   : 10
Commit : #63
Status : SUCCESS
==========================================


==========================================
Time   : 2026-07-14 21:51:35 WIB
Farm   : 10
Commit : #64
Status : SUCCESS
==========================================


==========================================
Time   : 2026-07-14 23:07:22 WIB
Farm   : 10
Commit : #65
Status : SUCCESS
==========================================


==========================================
Time   : 2026-07-15 00:32:53 WIB
Farm   : 10
Commit : #66
Status : SUCCESS
==========================================


==========================================
Time   : 2026-07-15 01:45:30 WIB
Farm   : 10
Commit : #67
Status : SUCCESS
==========================================


==========================================
Time   : 2026-07-15 02:59:10 WIB
Farm   : 10
Commit : #68
Status : SUCCESS
==========================================


==========================================
Time   : 2026-07-15 04:05:06 WIB
Farm   : 10
Commit : #69
Status : SUCCESS
==========================================


==========================================
Time   : 2026-07-15 05:10:45 WIB
Farm   : 10
Commit : #70
Status : SUCCESS
==========================================


==========================================
Time   : 2026-07-15 06:10:57 WIB
Farm   : 10
Commit : #71
Status : SUCCESS
==========================================


==========================================
Time   : 2026-07-15 07:05:00 WIB
Farm   : 10
Commit : #72
Status : SUCCESS
==========================================


==========================================
Time   : 2026-07-15 10:27:25 WIB
Farm   : 10
Commit : #73
Status : SUCCESS
==========================================


==========================================
Time   : 2026-07-15 17:04:08 WIB
Farm   : 10
Commit : #74
Status : SUCCESS
==========================================


==========================================
Time   : 2026-07-15 18:45:20 WIB
Farm   : 10
Commit : #75
Status : SUCCESS
==========================================


==========================================
Time   : 2026-07-15 19:59:33 WIB
Farm   : 10
Commit : #76
Status : SUCCESS
==========================================


==========================================
Time   : 2026-07-15 21:59:00 WIB
Farm   : 10
Commit : #77
Status : SUCCESS
==========================================


==========================================
Time   : 2026-07-15 23:39:21 WIB
Farm   : 10
Commit : #78
Status : SUCCESS
==========================================


==========================================
Time   : 2026-07-16 00:52:32 WIB
Farm   : 10
Commit : #79
Status : SUCCESS
==========================================


==========================================
Time   : 2026-07-16 01:53:02 WIB
Farm   : 10
Commit : #80
Status : SUCCESS
==========================================


==========================================
Time   : 2026-07-16 03:04:10 WIB
Farm   : 10
Commit : #81
Status : SUCCESS
==========================================


==========================================
Time   : 2026-07-16 04:11:28 WIB
Farm   : 10
Commit : #82
Status : SUCCESS
==========================================


==========================================
Time   : 2026-07-16 05:14:18 WIB
Farm   : 10
Commit : #83
Status : SUCCESS
==========================================


==========================================
Time   : 2026-07-16 06:13:14 WIB
Farm   : 10
Commit : #84
Status : SUCCESS
==========================================


==========================================
Time   : 2026-07-16 07:11:55 WIB
Farm   : 10
Commit : #85
Status : SUCCESS
==========================================


==========================================
Time   : 2026-07-16 13:03:42 WIB
Farm   : 10
Commit : #86
Status : SUCCESS
==========================================


==========================================
Time   : 2026-07-16 17:29:42 WIB
Farm   : 10
Commit : #87
Status : SUCCESS
==========================================


==========================================
Time   : 2026-07-16 19:04:51 WIB
Farm   : 10
Commit : #88
Status : SUCCESS
==========================================


==========================================
Time   : 2026-07-16 21:16:36 WIB
Farm   : 10
Commit : #89
Status : SUCCESS
==========================================


==========================================
Time   : 2026-07-16 22:50:01 WIB
Farm   : 10
Commit : #90
Status : SUCCESS
==========================================


==========================================
Time   : 2026-07-16 23:57:39 WIB
Farm   : 10
Commit : #91
Status : SUCCESS
==========================================


==========================================
Time   : 2026-07-17 01:08:40 WIB
Farm   : 10
Commit : #92
Status : SUCCESS
==========================================


==========================================
Time   : 2026-07-17 04:38:58 WIB
Farm   : 10
Commit : #93
Status : SUCCESS
==========================================


==========================================
Time   : 2026-07-17 05:36:36 WIB
Farm   : 10
Commit : #94
Status : SUCCESS
==========================================


==========================================
Time   : 2026-07-17 11:22:22 WIB
Farm   : 10
Commit : #95
Status : SUCCESS
==========================================


==========================================
Time   : 2026-07-17 13:34:45 WIB
Farm   : 10
Commit : #96
Status : SUCCESS
==========================================


==========================================
Time   : 2026-07-17 18:53:07 WIB
Farm   : 10
Commit : #97
Status : SUCCESS
==========================================


==========================================
Time   : 2026-07-17 19:59:33 WIB
Farm   : 10
Commit : #98
Status : SUCCESS
==========================================


==========================================
Time   : 2026-07-17 21:49:29 WIB
Farm   : 10
Commit : #99
Status : SUCCESS
==========================================


==========================================
Time   : 2026-07-17 23:05:01 WIB
Farm   : 10
Commit : #100
Status : SUCCESS
==========================================


==========================================
Time   : 2026-07-18 03:35:29 WIB
Farm   : 10
Commit : #101
Status : SUCCESS
==========================================


==========================================
Time   : 2026-07-18 05:25:41 WIB
Farm   : 10
Commit : #102
Status : SUCCESS
==========================================


==========================================
Time   : 2026-07-18 06:15:50 WIB
Farm   : 10
Commit : #103
Status : SUCCESS
==========================================


==========================================
Time   : 2026-07-18 07:13:10 WIB
Farm   : 10
Commit : #104
Status : SUCCESS
==========================================


==========================================
Time   : 2026-07-18 10:33:31 WIB
Farm   : 10
Commit : #105
Status : SUCCESS
==========================================


==========================================
Time   : 2026-07-18 12:50:29 WIB
Farm   : 10
Commit : #106
Status : SUCCESS
==========================================


==========================================
Time   : 2026-07-18 14:21:29 WIB
Farm   : 10
Commit : #107
Status : SUCCESS
==========================================


==========================================
Time   : 2026-07-18 16:05:46 WIB
Farm   : 10
Commit : #108
Status : SUCCESS
==========================================


==========================================
Time   : 2026-07-18 17:37:18 WIB
Farm   : 10
Commit : #109
Status : SUCCESS
==========================================


==========================================
Time   : 2026-07-18 18:36:26 WIB
Farm   : 10
Commit : #110
Status : SUCCESS
==========================================


==========================================
Time   : 2026-07-18 19:34:37 WIB
Farm   : 10
Commit : #111
Status : SUCCESS
==========================================


==========================================
Time   : 2026-07-18 21:04:32 WIB
Farm   : 10
Commit : #112
Status : SUCCESS
==========================================


==========================================
Time   : 2026-07-19 00:13:46 WIB
Farm   : 10
Commit : #113
Status : SUCCESS
==========================================


==========================================
Time   : 2026-07-19 02:30:16 WIB
Farm   : 10
Commit : #114
Status : SUCCESS
==========================================


==========================================
Time   : 2026-07-19 03:23:32 WIB
Farm   : 10
Commit : #115
Status : SUCCESS
==========================================


==========================================
Time   : 2026-07-19 06:07:17 WIB
Farm   : 10
Commit : #116
Status : SUCCESS
==========================================


==========================================
Time   : 2026-07-19 15:38:43 WIB
Farm   : 10
Commit : #117
Status : SUCCESS
==========================================


==========================================
Time   : 2026-07-19 18:33:10 WIB
Farm   : 10
Commit : #118
Status : SUCCESS
==========================================


==========================================
Time   : 2026-07-19 23:10:30 WIB
Farm   : 10
Commit : #119
Status : SUCCESS
==========================================


==========================================
Time   : 2026-07-20 01:11:38 WIB
Farm   : 10
Commit : #120
Status : SUCCESS
==========================================


==========================================
Time   : 2026-07-20 04:24:22 WIB
Farm   : 10
Commit : #121
Status : SUCCESS
==========================================


==========================================
Time   : 2026-07-20 05:23:48 WIB
Farm   : 10
Commit : #122
Status : SUCCESS
==========================================


==========================================
Time   : 2026-07-20 06:26:54 WIB
Farm   : 10
Commit : #123
Status : SUCCESS
==========================================


==========================================
Time   : 2026-07-20 08:05:16 WIB
Farm   : 10
Commit : #124
Status : SUCCESS
==========================================


==========================================
Time   : 2026-07-20 11:48:53 WIB
Farm   : 10
Commit : #125
Status : SUCCESS
==========================================


==========================================
Time   : 2026-07-20 17:35:37 WIB
Farm   : 10
Commit : #126
Status : SUCCESS
==========================================


==========================================
Time   : 2026-07-20 19:38:10 WIB
Farm   : 10
Commit : #127
Status : SUCCESS
==========================================


==========================================
Time   : 2026-07-20 21:55:12 WIB
Farm   : 10
Commit : #128
Status : SUCCESS
==========================================


==========================================
Time   : 2026-07-20 23:23:12 WIB
Farm   : 10
Commit : #129
Status : SUCCESS
==========================================


==========================================
Time   : 2026-07-21 01:27:43 WIB
Farm   : 10
Commit : #130
Status : SUCCESS
==========================================


==========================================
Time   : 2026-07-21 03:07:49 WIB
Farm   : 10
Commit : #131
Status : SUCCESS
==========================================


==========================================
Time   : 2026-07-21 04:21:09 WIB
Farm   : 10
Commit : #132
Status : SUCCESS
==========================================


==========================================
Time   : 2026-07-21 06:32:40 WIB
Farm   : 10
Commit : #133
Status : SUCCESS
==========================================


==========================================
Time   : 2026-07-21 19:54:19 WIB
Farm   : 10
Commit : #134
Status : SUCCESS
==========================================


==========================================
Time   : 2026-07-21 22:02:11 WIB
Farm   : 10
Commit : #135
Status : SUCCESS
==========================================


==========================================
Time   : 2026-07-21 23:39:08 WIB
Farm   : 10
Commit : #136
Status : SUCCESS
==========================================


==========================================
Time   : 2026-07-22 00:57:44 WIB
Farm   : 10
Commit : #137
Status : SUCCESS
==========================================


==========================================
Time   : 2026-07-22 02:35:51 WIB
Farm   : 10
Commit : #138
Status : SUCCESS
==========================================


==========================================
Time   : 2026-07-22 03:47:58 WIB
Farm   : 10
Commit : #139
Status : SUCCESS
==========================================


==========================================
Time   : 2026-07-22 04:48:35 WIB
Farm   : 10
Commit : #140
Status : SUCCESS
==========================================


==========================================
Time   : 2026-07-22 05:40:14 WIB
Farm   : 10
Commit : #141
Status : SUCCESS
==========================================


==========================================
Time   : 2026-07-22 06:41:17 WIB
Farm   : 10
Commit : #142
Status : SUCCESS
==========================================


==========================================
Time   : 2026-07-22 08:08:18 WIB
Farm   : 10
Commit : #143
Status : SUCCESS
==========================================


==========================================
Time   : 2026-07-22 11:32:50 WIB
Farm   : 10
Commit : #144
Status : SUCCESS
==========================================


==========================================
Time   : 2026-07-22 14:17:07 WIB
Farm   : 10
Commit : #145
Status : SUCCESS
==========================================


==========================================
Time   : 2026-07-22 16:43:37 WIB
Farm   : 10
Commit : #146
Status : SUCCESS
==========================================


==========================================
Time   : 2026-07-22 18:30:49 WIB
Farm   : 10
Commit : #147
Status : SUCCESS
==========================================


==========================================
Time   : 2026-07-22 23:50:19 WIB
Farm   : 10
Commit : #148
Status : SUCCESS
==========================================


==========================================
Time   : 2026-07-23 00:58:39 WIB
Farm   : 10
Commit : #149
Status : SUCCESS
==========================================


==========================================
Time   : 2026-07-23 02:26:35 WIB
Farm   : 10
Commit : #150
Status : SUCCESS
==========================================


==========================================
Time   : 2026-07-23 03:38:52 WIB
Farm   : 10
Commit : #151
Status : SUCCESS
==========================================


==========================================
Time   : 2026-07-23 04:42:27 WIB
Farm   : 10
Commit : #152
Status : SUCCESS
==========================================


==========================================
Time   : 2026-07-23 06:44:02 WIB
Farm   : 10
Commit : #153
Status : SUCCESS
==========================================


==========================================
Time   : 2026-07-23 08:15:39 WIB
Farm   : 10
Commit : #154
Status : SUCCESS
==========================================


==========================================
Time   : 2026-07-23 11:37:52 WIB
Farm   : 10
Commit : #155
Status : SUCCESS
==========================================


==========================================
Time   : 2026-07-23 14:17:37 WIB
Farm   : 10
Commit : #156
Status : SUCCESS
==========================================


==========================================
Time   : 2026-07-23 16:42:24 WIB
Farm   : 10
Commit : #157
Status : SUCCESS
==========================================


==========================================
Time   : 2026-07-23 18:33:30 WIB
Farm   : 10
Commit : #158
Status : SUCCESS
==========================================


==========================================
Time   : 2026-07-24 02:44:59 WIB
Farm   : 10
Commit : #159
Status : SUCCESS
==========================================


==========================================
Time   : 2026-07-24 05:41:49 WIB
Farm   : 10
Commit : #160
Status : SUCCESS
==========================================


==========================================
Time   : 2026-07-24 08:08:03 WIB
Farm   : 10
Commit : #161
Status : SUCCESS
==========================================


==========================================
Time   : 2026-07-24 11:31:10 WIB
Farm   : 10
Commit : #162
Status : SUCCESS
==========================================


==========================================
Time   : 2026-07-24 14:11:57 WIB
Farm   : 10
Commit : #163
Status : SUCCESS
==========================================


==========================================
Time   : 2026-07-24 18:21:13 WIB
Farm   : 10
Commit : #164
Status : SUCCESS
==========================================


==========================================
Time   : 2026-07-24 19:51:13 WIB
Farm   : 10
Commit : #165
Status : SUCCESS
==========================================


==========================================
Time   : 2026-07-24 21:30:16 WIB
Farm   : 10
Commit : #166
Status : SUCCESS
==========================================


==========================================
Time   : 2026-07-25 04:44:22 WIB
Farm   : 10
Commit : #167
Status : SUCCESS
==========================================


==========================================
Time   : 2026-07-25 06:46:34 WIB
Farm   : 10
Commit : #168
Status : SUCCESS
==========================================


==========================================
Time   : 2026-07-25 08:14:55 WIB
Farm   : 10
Commit : #169
Status : SUCCESS
==========================================


==========================================
Time   : 2026-07-25 11:31:11 WIB
Farm   : 10
Commit : #170
Status : SUCCESS
==========================================


==========================================
Time   : 2026-07-25 18:40:05 WIB
Farm   : 10
Commit : #171
Status : SUCCESS
==========================================


==========================================
Time   : 2026-07-25 22:34:33 WIB
Farm   : 10
Commit : #172
Status : SUCCESS
==========================================


==========================================
Time   : 2026-07-26 00:33:28 WIB
Farm   : 10
Commit : #173
Status : SUCCESS
==========================================


==========================================
Time   : 2026-07-26 02:48:51 WIB
Farm   : 10
Commit : #174
Status : SUCCESS
==========================================


==========================================
Time   : 2026-07-26 04:32:58 WIB
Farm   : 10
Commit : #175
Status : SUCCESS
==========================================


==========================================
Time   : 2026-07-26 06:35:53 WIB
Farm   : 10
Commit : #176
Status : SUCCESS
==========================================


==========================================
Time   : 2026-07-26 11:42:52 WIB
Farm   : 10
Commit : #177
Status : SUCCESS
==========================================


==========================================
Time   : 2026-07-26 14:22:47 WIB
Farm   : 10
Commit : #178
Status : SUCCESS
==========================================


==========================================
Time   : 2026-07-26 16:29:44 WIB
Farm   : 10
Commit : #179
Status : SUCCESS
==========================================


==========================================
Time   : 2026-07-26 19:12:51 WIB
Farm   : 10
Commit : #180
Status : SUCCESS
==========================================


==========================================
Time   : 2026-07-26 22:09:30 WIB
Farm   : 10
Commit : #181
Status : SUCCESS
==========================================


==========================================
Time   : 2026-07-27 00:18:55 WIB
Farm   : 10
Commit : #182
Status : SUCCESS
==========================================


==========================================
Time   : 2026-07-27 01:16:01 WIB
Farm   : 10
Commit : #183
Status : SUCCESS
==========================================


==========================================
Time   : 2026-07-27 03:35:59 WIB
Farm   : 10
Commit : #184
Status : SUCCESS
==========================================


==========================================
Time   : 2026-07-27 05:37:50 WIB
Farm   : 10
Commit : #185
Status : SUCCESS
==========================================


==========================================
Time   : 2026-07-27 06:39:06 WIB
Farm   : 10
Commit : #186
Status : SUCCESS
==========================================


==========================================
Time   : 2026-07-27 08:16:49 WIB
Farm   : 10
Commit : #187
Status : SUCCESS
==========================================


==========================================
Time   : 2026-07-27 15:31:41 WIB
Farm   : 10
Commit : #188
Status : SUCCESS
==========================================


==========================================
Time   : 2026-07-27 21:21:34 WIB
Farm   : 10
Commit : #189
Status : SUCCESS
==========================================


==========================================
Time   : 2026-07-28 04:08:25 WIB
Farm   : 10
Commit : #190
Status : SUCCESS
==========================================


==========================================
Time   : 2026-07-28 07:59:05 WIB
Farm   : 10
Commit : #191
Status : SUCCESS
==========================================


==========================================
Time   : 2026-07-28 11:16:45 WIB
Farm   : 10
Commit : #192
Status : SUCCESS
==========================================


==========================================
Time   : 2026-07-28 13:44:26 WIB
Farm   : 10
Commit : #193
Status : SUCCESS
==========================================


==========================================
Time   : 2026-07-28 16:29:17 WIB
Farm   : 10
Commit : #194
Status : SUCCESS
==========================================


==========================================
Time   : 2026-07-28 18:37:04 WIB
Farm   : 10
Commit : #195
Status : SUCCESS
==========================================


==========================================
Time   : 2026-07-28 22:39:39 WIB
Farm   : 10
Commit : #196
Status : SUCCESS
==========================================


==========================================
Time   : 2026-07-29 00:08:11 WIB
Farm   : 10
Commit : #197
Status : SUCCESS
==========================================


==========================================
Time   : 2026-07-29 01:42:13 WIB
Farm   : 10
Commit : #198
Status : SUCCESS
==========================================


==========================================
Time   : 2026-07-29 03:08:01 WIB
Farm   : 10
Commit : #199
Status : SUCCESS
==========================================


==========================================
Time   : 2026-07-29 11:22:59 WIB
Farm   : 10
Commit : #200
Status : SUCCESS
==========================================


==========================================
Time   : 2026-07-29 14:15:31 WIB
Farm   : 10
Commit : #201
Status : SUCCESS
==========================================


==========================================
Time   : 2026-07-29 16:59:14 WIB
Farm   : 10
Commit : #202
Status : SUCCESS
==========================================


==========================================
Time   : 2026-07-29 23:04:34 WIB
Farm   : 10
Commit : #203
Status : SUCCESS
==========================================


==========================================
Time   : 2026-07-30 00:25:10 WIB
Farm   : 10
Commit : #204
Status : SUCCESS
==========================================


==========================================
Time   : 2026-07-30 01:32:53 WIB
Farm   : 10
Commit : #205
Status : SUCCESS
==========================================


==========================================
Time   : 2026-07-30 02:54:52 WIB
Farm   : 10
Commit : #206
Status : SUCCESS
==========================================


==========================================
Time   : 2026-07-30 03:52:29 WIB
Farm   : 10
Commit : #207
Status : SUCCESS
==========================================


==========================================
Time   : 2026-07-30 04:44:38 WIB
Farm   : 10
Commit : #208
Status : SUCCESS
==========================================


==========================================
Time   : 2026-07-30 05:41:35 WIB
Farm   : 10
Commit : #209
Status : SUCCESS
==========================================


==========================================
Time   : 2026-07-30 06:43:30 WIB
Farm   : 10
Commit : #210
Status : SUCCESS
==========================================


==========================================
Time   : 2026-07-30 08:03:31 WIB
Farm   : 10
Commit : #211
Status : SUCCESS
==========================================


==========================================
Time   : 2026-07-30 16:19:09 WIB
Farm   : 10
Commit : #212
Status : SUCCESS
==========================================


==========================================
Time   : 2026-07-30 22:21:49 WIB
Farm   : 10
Commit : #213
Status : SUCCESS
==========================================


==========================================
Time   : 2026-07-31 02:55:48 WIB
Farm   : 10
Commit : #214
Status : SUCCESS
==========================================


==========================================
Time   : 2026-07-31 04:05:24 WIB
Farm   : 10
Commit : #215
Status : SUCCESS
==========================================


==========================================
Time   : 2026-07-31 05:16:37 WIB
Farm   : 10
Commit : #216
Status : SUCCESS
==========================================


==========================================
Time   : 2026-07-31 06:29:25 WIB
Farm   : 10
Commit : #217
Status : SUCCESS
==========================================


==========================================
Time   : 2026-07-31 08:08:26 WIB
Farm   : 10
Commit : #218
Status : SUCCESS
==========================================


==========================================
Time   : 2026-07-31 14:31:51 WIB
Farm   : 10
Commit : #219
Status : SUCCESS
==========================================


==========================================
Time   : 2026-07-31 19:16:14 WIB
Farm   : 10
Commit : #220
Status : SUCCESS
==========================================


==========================================
Time   : 2026-07-31 21:39:51 WIB
Farm   : 10
Commit : #221
Status : SUCCESS
==========================================


==========================================
Time   : 2026-07-31 23:23:44 WIB
Farm   : 10
Commit : #222
Status : SUCCESS
==========================================


==========================================
Time   : 2026-08-01 02:47:13 WIB
Farm   : 10
Commit : #223
Status : SUCCESS
==========================================


==========================================
Time   : 2026-08-01 11:43:31 WIB
Farm   : 10
Commit : #224
Status : SUCCESS
==========================================


==========================================
Time   : 2026-08-01 17:58:42 WIB
Farm   : 10
Commit : #225
Status : SUCCESS
==========================================


==========================================
Time   : 2026-08-01 19:03:46 WIB
Farm   : 10
Commit : #226
Status : SUCCESS
==========================================


==========================================
Time   : 2026-08-01 20:47:52 WIB
Farm   : 10
Commit : #227
Status : SUCCESS
==========================================


==========================================
Time   : 2026-08-01 21:48:44 WIB
Farm   : 10
Commit : #228
Status : SUCCESS
==========================================


==========================================
Time   : 2026-08-01 22:46:31 WIB
Farm   : 10
Commit : #229
Status : SUCCESS
==========================================


==========================================
Time   : 2026-08-01 23:42:15 WIB
Farm   : 10
Commit : #230
Status : SUCCESS
==========================================


==========================================
Time   : 2026-08-02 00:43:13 WIB
Farm   : 10
Commit : #231
Status : SUCCESS
==========================================


==========================================
Time   : 2026-08-02 03:53:16 WIB
Farm   : 10
Commit : #232
Status : SUCCESS
==========================================


==========================================
Time   : 2026-08-02 04:43:36 WIB
Farm   : 10
Commit : #233
Status : SUCCESS
==========================================


==========================================
Time   : 2026-08-02 05:40:57 WIB
Farm   : 10
Commit : #234
Status : SUCCESS
==========================================


==========================================
Time   : 2026-08-02 06:42:12 WIB
Farm   : 10
Commit : #235
Status : SUCCESS
==========================================


==========================================
Time   : 2026-08-02 08:18:02 WIB
Farm   : 10
Commit : #236
Status : SUCCESS
==========================================


==========================================
Time   : 2026-08-02 11:43:09 WIB
Farm   : 10
Commit : #237
Status : SUCCESS
==========================================


==========================================
Time   : 2026-08-02 16:28:02 WIB
Farm   : 10
Commit : #238
Status : SUCCESS
==========================================


==========================================
Time   : 2026-08-02 19:09:55 WIB
Farm   : 10
Commit : #239
Status : SUCCESS
==========================================


==========================================
Time   : 2026-08-02 20:54:11 WIB
Farm   : 10
Commit : #240
Status : SUCCESS
==========================================


==========================================
Time   : 2026-08-02 21:54:17 WIB
Farm   : 10
Commit : #241
Status : SUCCESS
==========================================


==========================================
Time   : 2026-08-02 22:57:26 WIB
Farm   : 10
Commit : #242
Status : SUCCESS
==========================================


==========================================
Time   : 2026-08-02 23:59:55 WIB
Farm   : 10
Commit : #243
Status : SUCCESS
==========================================


==========================================
Time   : 2026-08-03 01:06:13 WIB
Farm   : 10
Commit : #244
Status : SUCCESS
==========================================


==========================================
Time   : 2026-08-03 02:24:55 WIB
Farm   : 10
Commit : #245
Status : SUCCESS
==========================================


==========================================
Time   : 2026-08-03 03:27:50 WIB
Farm   : 10
Commit : #246
Status : SUCCESS
==========================================


==========================================
Time   : 2026-08-03 05:27:35 WIB
Farm   : 10
Commit : #247
Status : SUCCESS
==========================================


==========================================
Time   : 2026-08-03 11:46:01 WIB
Farm   : 10
Commit : #248
Status : SUCCESS
==========================================


==========================================
Time   : 2026-08-03 15:14:27 WIB
Farm   : 10
Commit : #249
Status : SUCCESS
==========================================


==========================================
Time   : 2026-08-03 18:47:00 WIB
Farm   : 10
Commit : #250
Status : SUCCESS
==========================================


==========================================
Time   : 2026-08-03 23:37:16 WIB
Farm   : 10
Commit : #251
Status : SUCCESS
==========================================


==========================================
Time   : 2026-08-04 01:25:12 WIB
Farm   : 10
Commit : #252
Status : SUCCESS
==========================================


==========================================
Time   : 2026-08-04 03:09:59 WIB
Farm   : 10
Commit : #253
Status : SUCCESS
==========================================


==========================================
Time   : 2026-08-04 04:21:11 WIB
Farm   : 10
Commit : #254
Status : SUCCESS
==========================================


==========================================
Time   : 2026-08-04 05:32:29 WIB
Farm   : 10
Commit : #255
Status : SUCCESS
==========================================


==========================================
Time   : 2026-08-04 06:40:59 WIB
Farm   : 10
Commit : #256
Status : SUCCESS
==========================================


==========================================
Time   : 2026-08-04 14:15:15 WIB
Farm   : 10
Commit : #257
Status : SUCCESS
==========================================


==========================================
Time   : 2026-08-04 17:01:34 WIB
Farm   : 10
Commit : #258
Status : SUCCESS
==========================================


==========================================
Time   : 2026-08-04 19:09:47 WIB
Farm   : 10
Commit : #259
Status : SUCCESS
==========================================


==========================================
Time   : 2026-08-04 21:39:05 WIB
Farm   : 10
Commit : #260
Status : SUCCESS
==========================================


==========================================
Time   : 2026-08-04 23:31:27 WIB
Farm   : 10
Commit : #261
Status : SUCCESS
==========================================


==========================================
Time   : 2026-08-05 01:14:26 WIB
Farm   : 10
Commit : #262
Status : SUCCESS
==========================================


==========================================
Time   : 2026-08-05 02:58:09 WIB
Farm   : 10
Commit : #263
Status : SUCCESS
==========================================


==========================================
Time   : 2026-08-05 04:16:18 WIB
Farm   : 10
Commit : #264
Status : SUCCESS
==========================================


==========================================
Time   : 2026-08-05 05:31:49 WIB
Farm   : 10
Commit : #265
Status : SUCCESS
==========================================


==========================================
Time   : 2026-08-05 06:35:26 WIB
Farm   : 10
Commit : #266
Status : SUCCESS
==========================================


==========================================
Time   : 2026-08-05 11:18:50 WIB
Farm   : 10
Commit : #267
Status : SUCCESS
==========================================


==========================================
Time   : 2026-08-05 13:47:31 WIB
Farm   : 10
Commit : #268
Status : SUCCESS
==========================================


==========================================
Time   : 2026-08-05 16:27:46 WIB
Farm   : 10
Commit : #269
Status : SUCCESS
==========================================


==========================================
Time   : 2026-08-05 18:37:47 WIB
Farm   : 10
Commit : #270
Status : SUCCESS
==========================================


==========================================
Time   : 2026-08-05 20:20:26 WIB
Farm   : 10
Commit : #271
Status : SUCCESS
==========================================


==========================================
Time   : 2026-08-05 22:34:49 WIB
Farm   : 10
Commit : #272
Status : SUCCESS
==========================================


==========================================
Time   : 2026-08-06 00:06:34 WIB
Farm   : 10
Commit : #273
Status : SUCCESS
==========================================


==========================================
Time   : 2026-08-06 01:46:23 WIB
Farm   : 10
Commit : #274
Status : SUCCESS
==========================================


==========================================
Time   : 2026-08-06 03:17:42 WIB
Farm   : 10
Commit : #275
Status : SUCCESS
==========================================


==========================================
Time   : 2026-08-06 04:37:29 WIB
Farm   : 10
Commit : #276
Status : SUCCESS
==========================================


==========================================
Time   : 2026-08-06 05:41:45 WIB
Farm   : 10
Commit : #277
Status : SUCCESS
==========================================


==========================================
Time   : 2026-08-06 06:39:26 WIB
Farm   : 10
Commit : #278
Status : SUCCESS
==========================================


==========================================
Time   : 2026-08-06 08:03:45 WIB
Farm   : 10
Commit : #279
Status : SUCCESS
==========================================


==========================================
Time   : 2026-08-06 11:23:59 WIB
Farm   : 10
Commit : #280
Status : SUCCESS
==========================================


==========================================
Time   : 2026-08-06 14:13:15 WIB
Farm   : 10
Commit : #281
Status : SUCCESS
==========================================


==========================================
Time   : 2026-08-06 17:00:45 WIB
Farm   : 10
Commit : #282
Status : SUCCESS
==========================================


==========================================
Time   : 2026-08-06 19:09:33 WIB
Farm   : 10
Commit : #283
Status : SUCCESS
==========================================


==========================================
Time   : 2026-08-06 21:34:11 WIB
Farm   : 10
Commit : #284
Status : SUCCESS
==========================================


==========================================
Time   : 2026-08-07 07:12:12 WIB
Farm   : 10
Commit : #285
Status : SUCCESS
==========================================


==========================================
Time   : 2026-08-07 10:15:46 WIB
Farm   : 10
Commit : #286
Status : SUCCESS
==========================================


==========================================
Time   : 2026-08-07 12:07:21 WIB
Farm   : 10
Commit : #287
Status : SUCCESS
==========================================


==========================================
Time   : 2026-08-07 14:47:18 WIB
Farm   : 10
Commit : #288
Status : SUCCESS
==========================================


==========================================
Time   : 2026-08-07 15:42:43 WIB
Farm   : 10
Commit : #289
Status : SUCCESS
==========================================


==========================================
Time   : 2026-08-07 17:33:26 WIB
Farm   : 10
Commit : #290
Status : SUCCESS
==========================================


==========================================
Time   : 2026-08-07 19:10:07 WIB
Farm   : 10
Commit : #291
Status : SUCCESS
==========================================


==========================================
Time   : 2026-08-07 23:29:45 WIB
Farm   : 10
Commit : #292
Status : SUCCESS
==========================================


==========================================
Time   : 2026-08-08 00:24:48 WIB
Farm   : 10
Commit : #293
Status : SUCCESS
==========================================


==========================================
Time   : 2026-08-08 01:09:21 WIB
Farm   : 10
Commit : #294
Status : SUCCESS
==========================================


==========================================
Time   : 2026-08-08 02:15:13 WIB
Farm   : 10
Commit : #295
Status : SUCCESS
==========================================


==========================================
Time   : 2026-08-08 03:01:22 WIB
Farm   : 10
Commit : #296
Status : SUCCESS
==========================================


==========================================
Time   : 2026-08-08 03:53:25 WIB
Farm   : 10
Commit : #297
Status : SUCCESS
==========================================


==========================================
Time   : 2026-08-08 04:28:17 WIB
Farm   : 10
Commit : #298
Status : SUCCESS
==========================================


==========================================
Time   : 2026-08-08 05:07:14 WIB
Farm   : 10
Commit : #299
Status : SUCCESS
==========================================


==========================================
Time   : 2026-08-08 05:51:55 WIB
Farm   : 10
Commit : #300
Status : SUCCESS
==========================================


==========================================
Time   : 2026-08-08 06:23:58 WIB
Farm   : 10
Commit : #301
Status : SUCCESS
==========================================


==========================================
Time   : 2026-08-08 06:56:19 WIB
Farm   : 10
Commit : #302
Status : SUCCESS
==========================================


==========================================
Time   : 2026-08-08 08:18:45 WIB
Farm   : 10
Commit : #303
Status : SUCCESS
==========================================


==========================================
Time   : 2026-08-08 10:03:08 WIB
Farm   : 10
Commit : #304
Status : SUCCESS
==========================================


==========================================
Time   : 2026-08-08 11:18:39 WIB
Farm   : 10
Commit : #305
Status : SUCCESS
==========================================


==========================================
Time   : 2026-08-08 12:11:40 WIB
Farm   : 10
Commit : #306
Status : SUCCESS
==========================================


==========================================
Time   : 2026-08-08 12:56:59 WIB
Farm   : 10
Commit : #307
Status : SUCCESS
==========================================


==========================================
Time   : 2026-08-08 14:43:44 WIB
Farm   : 10
Commit : #308
Status : SUCCESS
==========================================


==========================================
Time   : 2026-08-08 15:23:07 WIB
Farm   : 10
Commit : #309
Status : SUCCESS
==========================================


==========================================
Time   : 2026-08-08 16:08:05 WIB
Farm   : 10
Commit : #310
Status : SUCCESS
==========================================


==========================================
Time   : 2026-08-08 17:19:23 WIB
Farm   : 10
Commit : #311
Status : SUCCESS
==========================================


==========================================
Time   : 2026-08-08 17:56:01 WIB
Farm   : 10
Commit : #312
Status : SUCCESS
==========================================


==========================================
Time   : 2026-08-08 18:25:37 WIB
Farm   : 10
Commit : #313
Status : SUCCESS
==========================================


==========================================
Time   : 2026-08-08 18:53:35 WIB
Farm   : 10
Commit : #314
Status : SUCCESS
==========================================


==========================================
Time   : 2026-08-08 19:30:12 WIB
Farm   : 10
Commit : #315
Status : SUCCESS
==========================================


==========================================
Time   : 2026-08-08 20:30:36 WIB
Farm   : 10
Commit : #316
Status : SUCCESS
==========================================


==========================================
Time   : 2026-08-08 21:08:04 WIB
Farm   : 10
Commit : #317
Status : SUCCESS
==========================================


==========================================
Time   : 2026-08-08 22:13:40 WIB
Farm   : 10
Commit : #318
Status : SUCCESS
==========================================


==========================================
Time   : 2026-08-09 00:25:27 WIB
Farm   : 10
Commit : #319
Status : SUCCESS
==========================================


==========================================
Time   : 2026-08-09 01:33:20 WIB
Farm   : 10
Commit : #320
Status : SUCCESS
==========================================


==========================================
Time   : 2026-08-09 02:43:44 WIB
Farm   : 10
Commit : #321
Status : SUCCESS
==========================================


==========================================
Time   : 2026-08-09 03:44:49 WIB
Farm   : 10
Commit : #322
Status : SUCCESS
==========================================


==========================================
Time   : 2026-08-09 04:14:50 WIB
Farm   : 10
Commit : #323
Status : SUCCESS
==========================================


==========================================
Time   : 2026-08-09 04:48:08 WIB
Farm   : 10
Commit : #324
Status : SUCCESS
==========================================


==========================================
Time   : 2026-08-09 05:47:31 WIB
Farm   : 10
Commit : #325
Status : SUCCESS
==========================================


==========================================
Time   : 2026-08-09 06:14:03 WIB
Farm   : 10
Commit : #326
Status : SUCCESS
==========================================


==========================================
Time   : 2026-08-09 06:47:53 WIB
Farm   : 10
Commit : #327
Status : SUCCESS
==========================================


==========================================
Time   : 2026-08-09 07:37:07 WIB
Farm   : 10
Commit : #328
Status : SUCCESS
==========================================


==========================================
Time   : 2026-08-09 09:39:38 WIB
Farm   : 10
Commit : #329
Status : SUCCESS
==========================================


==========================================
Time   : 2026-08-09 11:05:21 WIB
Farm   : 10
Commit : #330
Status : SUCCESS
==========================================


==========================================
Time   : 2026-08-09 13:00:52 WIB
Farm   : 10
Commit : #331
Status : SUCCESS
==========================================


==========================================
Time   : 2026-08-09 14:09:52 WIB
Farm   : 10
Commit : #332
Status : SUCCESS
==========================================


==========================================
Time   : 2026-08-09 15:56:05 WIB
Farm   : 10
Commit : #333
Status : SUCCESS
==========================================


==========================================
Time   : 2026-08-09 16:34:42 WIB
Farm   : 10
Commit : #334
Status : SUCCESS
==========================================


==========================================
Time   : 2026-08-09 17:08:09 WIB
Farm   : 10
Commit : #335
Status : SUCCESS
==========================================


==========================================
Time   : 2026-08-09 17:52:04 WIB
Farm   : 10
Commit : #336
Status : SUCCESS
==========================================


==========================================
Time   : 2026-08-09 18:16:49 WIB
Farm   : 10
Commit : #337
Status : SUCCESS
==========================================


==========================================
Time   : 2026-08-09 18:50:27 WIB
Farm   : 10
Commit : #338
Status : SUCCESS
==========================================


==========================================
Time   : 2026-08-09 21:07:09 WIB
Farm   : 10
Commit : #339
Status : SUCCESS
==========================================


==========================================
Time   : 2026-08-09 22:18:02 WIB
Farm   : 10
Commit : #340
Status : SUCCESS
==========================================


==========================================
Time   : 2026-08-09 22:50:50 WIB
Farm   : 10
Commit : #341
Status : SUCCESS
==========================================


==========================================
Time   : 2026-08-09 23:59:42 WIB
Farm   : 10
Commit : #342
Status : SUCCESS
==========================================


==========================================
Time   : 2026-08-10 01:56:55 WIB
Farm   : 10
Commit : #343
Status : SUCCESS
==========================================


==========================================
Time   : 2026-08-10 03:44:58 WIB
Farm   : 10
Commit : #344
Status : SUCCESS
==========================================


==========================================
Time   : 2026-08-10 04:16:09 WIB
Farm   : 10
Commit : #345
Status : SUCCESS
==========================================


==========================================
Time   : 2026-08-10 05:53:55 WIB
Farm   : 10
Commit : #346
Status : SUCCESS
==========================================


==========================================
Time   : 2026-08-10 06:21:31 WIB
Farm   : 10
Commit : #347
Status : SUCCESS
==========================================


==========================================
Time   : 2026-08-10 06:55:10 WIB
Farm   : 10
Commit : #348
Status : SUCCESS
==========================================


==========================================
Time   : 2026-08-10 08:11:46 WIB
Farm   : 10
Commit : #349
Status : SUCCESS
==========================================


==========================================
Time   : 2026-08-10 10:19:02 WIB
Farm   : 10
Commit : #350
Status : SUCCESS
==========================================


==========================================
Time   : 2026-08-10 12:01:16 WIB
Farm   : 10
Commit : #351
Status : SUCCESS
==========================================


==========================================
Time   : 2026-08-10 13:18:25 WIB
Farm   : 10
Commit : #352
Status : SUCCESS
==========================================


==========================================
Time   : 2026-08-10 15:10:18 WIB
Farm   : 10
Commit : #353
Status : SUCCESS
==========================================


==========================================
Time   : 2026-08-10 16:47:56 WIB
Farm   : 10
Commit : #354
Status : SUCCESS
==========================================


==========================================
Time   : 2026-08-10 17:50:34 WIB
Farm   : 10
Commit : #355
Status : SUCCESS
==========================================


==========================================
Time   : 2026-08-10 19:31:24 WIB
Farm   : 10
Commit : #356
Status : SUCCESS
==========================================


==========================================
Time   : 2026-08-10 20:59:47 WIB
Farm   : 10
Commit : #357
Status : SUCCESS
==========================================


==========================================
Time   : 2026-08-10 22:07:51 WIB
Farm   : 10
Commit : #358
Status : SUCCESS
==========================================


==========================================
Time   : 2026-08-10 23:07:55 WIB
Farm   : 10
Commit : #359
Status : SUCCESS
==========================================


==========================================
Time   : 2026-08-11 00:06:46 WIB
Farm   : 10
Commit : #360
Status : SUCCESS
==========================================


==========================================
Time   : 2026-08-11 01:01:24 WIB
Farm   : 10
Commit : #361
Status : SUCCESS
==========================================


==========================================
Time   : 2026-08-11 03:00:35 WIB
Farm   : 10
Commit : #362
Status : SUCCESS
==========================================


==========================================
Time   : 2026-08-11 03:55:45 WIB
Farm   : 10
Commit : #363
Status : SUCCESS
==========================================


==========================================
Time   : 2026-08-11 04:35:19 WIB
Farm   : 10
Commit : #364
Status : SUCCESS
==========================================


==========================================
Time   : 2026-08-11 05:19:07 WIB
Farm   : 10
Commit : #365
Status : SUCCESS
==========================================


==========================================
Time   : 2026-08-11 05:59:45 WIB
Farm   : 10
Commit : #366
Status : SUCCESS
==========================================


==========================================
Time   : 2026-08-11 06:43:19 WIB
Farm   : 10
Commit : #367
Status : SUCCESS
==========================================


==========================================
Time   : 2026-08-11 07:34:50 WIB
Farm   : 10
Commit : #368
Status : SUCCESS
==========================================


==========================================
Time   : 2026-08-11 09:39:58 WIB
Farm   : 10
Commit : #369
Status : SUCCESS
==========================================


==========================================
Time   : 2026-08-11 11:05:58 WIB
Farm   : 10
Commit : #370
Status : SUCCESS
==========================================


==========================================
Time   : 2026-08-11 12:19:47 WIB
Farm   : 10
Commit : #371
Status : SUCCESS
==========================================


==========================================
Time   : 2026-08-11 20:37:44 WIB
Farm   : 10
Commit : #372
Status : SUCCESS
==========================================


==========================================
Time   : 2026-08-11 21:41:55 WIB
Farm   : 10
Commit : #373
Status : SUCCESS
==========================================


==========================================
Time   : 2026-08-11 22:39:59 WIB
Farm   : 10
Commit : #374
Status : SUCCESS
==========================================


==========================================
Time   : 2026-08-12 04:10:52 WIB
Farm   : 10
Commit : #375
Status : SUCCESS
==========================================


==========================================
Time   : 2026-08-12 05:57:36 WIB
Farm   : 10
Commit : #376
Status : SUCCESS
==========================================


==========================================
Time   : 2026-08-12 06:42:56 WIB
Farm   : 10
Commit : #377
Status : SUCCESS
==========================================


==========================================
Time   : 2026-08-12 10:12:50 WIB
Farm   : 10
Commit : #378
Status : SUCCESS
==========================================


==========================================
Time   : 2026-08-12 14:59:05 WIB
Farm   : 10
Commit : #379
Status : SUCCESS
==========================================


==========================================
Time   : 2026-08-12 16:19:26 WIB
Farm   : 10
Commit : #380
Status : SUCCESS
==========================================


==========================================
Time   : 2026-08-12 19:07:53 WIB
Farm   : 10
Commit : #381
Status : SUCCESS
==========================================


==========================================
Time   : 2026-08-12 21:44:38 WIB
Farm   : 10
Commit : #382
Status : SUCCESS
==========================================


==========================================
Time   : 2026-08-13 00:39:03 WIB
Farm   : 10
Commit : #383
Status : SUCCESS
==========================================


==========================================
Time   : 2026-08-13 01:35:13 WIB
Farm   : 10
Commit : #384
Status : SUCCESS
==========================================


==========================================
Time   : 2026-08-13 03:25:22 WIB
Farm   : 10
Commit : #385
Status : SUCCESS
==========================================


==========================================
Time   : 2026-08-13 04:13:47 WIB
Farm   : 10
Commit : #386
Status : SUCCESS
==========================================


==========================================
Time   : 2026-08-13 05:05:04 WIB
Farm   : 10
Commit : #387
Status : SUCCESS
==========================================


==========================================
Time   : 2026-08-13 05:56:15 WIB
Farm   : 10
Commit : #388
Status : SUCCESS
==========================================


==========================================
Time   : 2026-08-13 06:37:39 WIB
Farm   : 10
Commit : #389
Status : SUCCESS
==========================================


==========================================
Time   : 2026-08-13 12:10:45 WIB
Farm   : 10
Commit : #390
Status : SUCCESS
==========================================


==========================================
Time   : 2026-08-13 13:45:13 WIB
Farm   : 10
Commit : #391
Status : SUCCESS
==========================================


==========================================
Time   : 2026-08-13 16:22:01 WIB
Farm   : 10
Commit : #392
Status : SUCCESS
==========================================


==========================================
Time   : 2026-08-13 17:33:18 WIB
Farm   : 10
Commit : #393
Status : SUCCESS
==========================================


==========================================
Time   : 2026-08-13 18:25:28 WIB
Farm   : 10
Commit : #394
Status : SUCCESS
==========================================


==========================================
Time   : 2026-08-13 19:07:44 WIB
Farm   : 10
Commit : #395
Status : SUCCESS
==========================================


==========================================
Time   : 2026-08-13 20:41:45 WIB
Farm   : 10
Commit : #396
Status : SUCCESS
==========================================


==========================================
Time   : 2026-08-13 21:45:50 WIB
Farm   : 10
Commit : #397
Status : SUCCESS
==========================================


==========================================
Time   : 2026-08-13 22:41:40 WIB
Farm   : 10
Commit : #398
Status : SUCCESS
==========================================


==========================================
Time   : 2026-08-14 00:37:08 WIB
Farm   : 10
Commit : #399
Status : SUCCESS
==========================================


==========================================
Time   : 2026-08-14 01:34:23 WIB
Farm   : 10
Commit : #400
Status : SUCCESS
==========================================


==========================================
Time   : 2026-08-14 02:40:05 WIB
Farm   : 10
Commit : #401
Status : SUCCESS
==========================================


==========================================
Time   : 2026-08-14 03:21:10 WIB
Farm   : 10
Commit : #402
Status : SUCCESS
==========================================


==========================================
Time   : 2026-08-14 06:36:13 WIB
Farm   : 10
Commit : #403
Status : SUCCESS
==========================================


==========================================
Time   : 2026-08-14 07:42:36 WIB
Farm   : 10
Commit : #404
Status : SUCCESS
==========================================


==========================================
Time   : 2026-08-14 10:12:57 WIB
Farm   : 10
Commit : #405
Status : SUCCESS
==========================================


==========================================
Time   : 2026-08-14 12:05:40 WIB
Farm   : 10
Commit : #406
Status : SUCCESS
==========================================


==========================================
Time   : 2026-08-14 13:24:39 WIB
Farm   : 10
Commit : #407
Status : SUCCESS
==========================================


==========================================
Time   : 2026-08-14 16:06:21 WIB
Farm   : 10
Commit : #408
Status : SUCCESS
==========================================


==========================================
Time   : 2026-08-14 17:16:04 WIB
Farm   : 10
Commit : #409
Status : SUCCESS
==========================================


==========================================
Time   : 2026-08-14 18:10:29 WIB
Farm   : 10
Commit : #410
Status : SUCCESS
==========================================


==========================================
Time   : 2026-08-14 20:07:34 WIB
Farm   : 10
Commit : #411
Status : SUCCESS
==========================================


==========================================
Time   : 2026-08-14 22:11:30 WIB
Farm   : 10
Commit : #412
Status : SUCCESS
==========================================


==========================================
Time   : 2026-08-15 02:08:48 WIB
Farm   : 10
Commit : #413
Status : SUCCESS
==========================================


==========================================
Time   : 2026-08-15 03:27:26 WIB
Farm   : 10
Commit : #414
Status : SUCCESS
==========================================


==========================================
Time   : 2026-08-15 03:57:21 WIB
Farm   : 10
Commit : #415
Status : SUCCESS
==========================================


==========================================
Time   : 2026-08-15 04:25:21 WIB
Farm   : 10
Commit : #416
Status : SUCCESS
==========================================


==========================================
Time   : 2026-08-15 04:49:15 WIB
Farm   : 10
Commit : #417
Status : SUCCESS
==========================================


==========================================
Time   : 2026-08-15 05:34:20 WIB
Farm   : 10
Commit : #418
Status : SUCCESS
==========================================


==========================================
Time   : 2026-08-15 05:55:03 WIB
Farm   : 10
Commit : #419
Status : SUCCESS
==========================================


==========================================
Time   : 2026-08-15 06:18:28 WIB
Farm   : 10
Commit : #420
Status : SUCCESS
==========================================


==========================================
Time   : 2026-08-15 11:01:43 WIB
Farm   : 10
Commit : #421
Status : SUCCESS
==========================================


==========================================
Time   : 2026-08-15 12:02:03 WIB
Farm   : 10
Commit : #422
Status : SUCCESS
==========================================


==========================================
Time   : 2026-08-15 12:34:30 WIB
Farm   : 10
Commit : #423
Status : SUCCESS
==========================================


==========================================
Time   : 2026-08-15 13:36:55 WIB
Farm   : 10
Commit : #424
Status : SUCCESS
==========================================


==========================================
Time   : 2026-08-15 15:39:58 WIB
Farm   : 10
Commit : #425
Status : SUCCESS
==========================================


==========================================
Time   : 2026-08-15 17:44:20 WIB
Farm   : 10
Commit : #426
Status : SUCCESS
==========================================


==========================================
Time   : 2026-08-15 18:29:27 WIB
Farm   : 10
Commit : #427
Status : SUCCESS
==========================================


==========================================
Time   : 2026-08-15 18:47:44 WIB
Farm   : 10
Commit : #428
Status : SUCCESS
==========================================


==========================================
Time   : 2026-08-15 20:50:25 WIB
Farm   : 10
Commit : #429
Status : SUCCESS
==========================================


==========================================
Time   : 2026-08-15 21:09:38 WIB
Farm   : 10
Commit : #430
Status : SUCCESS
==========================================


==========================================
Time   : 2026-08-15 21:56:29 WIB
Farm   : 10
Commit : #431
Status : SUCCESS
==========================================


==========================================
Time   : 2026-08-15 22:19:51 WIB
Farm   : 10
Commit : #432
Status : SUCCESS
==========================================


==========================================
Time   : 2026-08-15 22:40:13 WIB
Farm   : 10
Commit : #433
Status : SUCCESS
==========================================


==========================================
Time   : 2026-08-16 01:11:53 WIB
Farm   : 10
Commit : #434
Status : SUCCESS
==========================================


==========================================
Time   : 2026-08-16 01:48:55 WIB
Farm   : 10
Commit : #435
Status : SUCCESS
==========================================


==========================================
Time   : 2026-08-16 02:34:05 WIB
Farm   : 10
Commit : #436
Status : SUCCESS
==========================================


==========================================
Time   : 2026-08-16 02:52:18 WIB
Farm   : 10
Commit : #437
Status : SUCCESS
==========================================


==========================================
Time   : 2026-08-16 03:02:33 WIB
Farm   : 10
Commit : #438
Status : SUCCESS
==========================================


==========================================
Time   : 2026-08-16 03:33:35 WIB
Farm   : 10
Commit : #439
Status : SUCCESS
==========================================


==========================================
Time   : 2026-08-16 04:56:31 WIB
Farm   : 10
Commit : #440
Status : SUCCESS
==========================================


==========================================
Time   : 2026-08-16 05:20:47 WIB
Farm   : 10
Commit : #441
Status : SUCCESS
==========================================


==========================================
Time   : 2026-08-16 05:43:30 WIB
Farm   : 10
Commit : #442
Status : SUCCESS
==========================================


==========================================
Time   : 2026-08-16 06:27:43 WIB
Farm   : 10
Commit : #443
Status : SUCCESS
==========================================


==========================================
Time   : 2026-08-16 08:52:32 WIB
Farm   : 10
Commit : #444
Status : SUCCESS
==========================================


==========================================
Time   : 2026-08-16 09:50:22 WIB
Farm   : 10
Commit : #445
Status : SUCCESS
==========================================


==========================================
Time   : 2026-08-16 10:37:11 WIB
Farm   : 10
Commit : #446
Status : SUCCESS
==========================================


==========================================
Time   : 2026-08-16 11:55:43 WIB
Farm   : 10
Commit : #447
Status : SUCCESS
==========================================


==========================================
Time   : 2026-08-16 12:23:47 WIB
Farm   : 10
Commit : #448
Status : SUCCESS
==========================================

