
==========================================
Time   : 2026-07-08 18:54:01 WIB
Farm   : 7
Commit : #1
Status : SUCCESS
==========================================


==========================================
Time   : 2026-07-08 20:49:25 WIB
Farm   : 7
Commit : #2
Status : SUCCESS
==========================================


==========================================
Time   : 2026-07-08 22:55:03 WIB
Farm   : 7
Commit : #3
Status : SUCCESS
==========================================


==========================================
Time   : 2026-07-09 00:26:29 WIB
Farm   : 7
Commit : #4
Status : SUCCESS
==========================================


==========================================
Time   : 2026-07-09 01:54:42 WIB
Farm   : 7
Commit : #5
Status : SUCCESS
==========================================


==========================================
Time   : 2026-07-09 05:38:36 WIB
Farm   : 7
Commit : #6
Status : SUCCESS
==========================================


==========================================
Time   : 2026-07-09 08:18:40 WIB
Farm   : 7
Commit : #7
Status : SUCCESS
==========================================


==========================================
Time   : 2026-07-09 15:46:11 WIB
Farm   : 7
Commit : #8
Status : SUCCESS
==========================================


==========================================
Time   : 2026-07-09 18:38:05 WIB
Farm   : 7
Commit : #9
Status : SUCCESS
==========================================


==========================================
Time   : 2026-07-09 23:44:11 WIB
Farm   : 7
Commit : #10
Status : SUCCESS
==========================================


==========================================
Time   : 2026-07-10 01:30:33 WIB
Farm   : 7
Commit : #11
Status : SUCCESS
==========================================


==========================================
Time   : 2026-07-10 03:23:35 WIB
Farm   : 7
Commit : #12
Status : SUCCESS
==========================================


==========================================
Time   : 2026-07-10 04:55:16 WIB
Farm   : 7
Commit : #13
Status : SUCCESS
==========================================


==========================================
Time   : 2026-07-10 06:06:06 WIB
Farm   : 7
Commit : #14
Status : SUCCESS
==========================================


==========================================
Time   : 2026-07-10 07:16:44 WIB
Farm   : 7
Commit : #15
Status : SUCCESS
==========================================


==========================================
Time   : 2026-07-10 11:28:28 WIB
Farm   : 7
Commit : #16
Status : SUCCESS
==========================================


==========================================
Time   : 2026-07-10 15:00:58 WIB
Farm   : 7
Commit : #17
Status : SUCCESS
==========================================


==========================================
Time   : 2026-07-10 18:15:03 WIB
Farm   : 7
Commit : #18
Status : SUCCESS
==========================================


==========================================
Time   : 2026-07-10 22:42:51 WIB
Farm   : 7
Commit : #19
Status : SUCCESS
==========================================


==========================================
Time   : 2026-07-11 00:28:50 WIB
Farm   : 7
Commit : #20
Status : SUCCESS
==========================================


==========================================
Time   : 2026-07-11 02:05:44 WIB
Farm   : 7
Commit : #21
Status : SUCCESS
==========================================


==========================================
Time   : 2026-07-11 04:41:43 WIB
Farm   : 7
Commit : #22
Status : SUCCESS
==========================================


==========================================
Time   : 2026-07-11 05:40:35 WIB
Farm   : 7
Commit : #23
Status : SUCCESS
==========================================


==========================================
Time   : 2026-07-11 06:40:26 WIB
Farm   : 7
Commit : #24
Status : SUCCESS
==========================================


==========================================
Time   : 2026-07-11 08:06:17 WIB
Farm   : 7
Commit : #25
Status : SUCCESS
==========================================


==========================================
Time   : 2026-07-11 13:33:27 WIB
Farm   : 7
Commit : #26
Status : SUCCESS
==========================================


==========================================
Time   : 2026-07-11 15:24:08 WIB
Farm   : 7
Commit : #27
Status : SUCCESS
==========================================


==========================================
Time   : 2026-07-11 16:56:44 WIB
Farm   : 7
Commit : #28
Status : SUCCESS
==========================================


==========================================
Time   : 2026-07-11 18:05:44 WIB
Farm   : 7
Commit : #29
Status : SUCCESS
==========================================


==========================================
Time   : 2026-07-11 19:03:35 WIB
Farm   : 7
Commit : #30
Status : SUCCESS
==========================================


==========================================
Time   : 2026-07-11 20:47:27 WIB
Farm   : 7
Commit : #31
Status : SUCCESS
==========================================


==========================================
Time   : 2026-07-11 23:32:40 WIB
Farm   : 7
Commit : #32
Status : SUCCESS
==========================================


==========================================
Time   : 2026-07-12 02:46:12 WIB
Farm   : 7
Commit : #33
Status : SUCCESS
==========================================


==========================================
Time   : 2026-07-12 03:32:11 WIB
Farm   : 7
Commit : #34
Status : SUCCESS
==========================================


==========================================
Time   : 2026-07-12 06:16:07 WIB
Farm   : 7
Commit : #35
Status : SUCCESS
==========================================


==========================================
Time   : 2026-07-12 07:14:19 WIB
Farm   : 7
Commit : #36
Status : SUCCESS
==========================================


==========================================
Time   : 2026-07-12 11:00:57 WIB
Farm   : 7
Commit : #37
Status : SUCCESS
==========================================


==========================================
Time   : 2026-07-12 13:43:22 WIB
Farm   : 7
Commit : #38
Status : SUCCESS
==========================================


==========================================
Time   : 2026-07-12 15:54:30 WIB
Farm   : 7
Commit : #39
Status : SUCCESS
==========================================


==========================================
Time   : 2026-07-12 17:22:24 WIB
Farm   : 7
Commit : #40
Status : SUCCESS
==========================================


==========================================
Time   : 2026-07-12 18:35:15 WIB
Farm   : 7
Commit : #41
Status : SUCCESS
==========================================


==========================================
Time   : 2026-07-12 19:33:41 WIB
Farm   : 7
Commit : #42
Status : SUCCESS
==========================================


==========================================
Time   : 2026-07-12 22:16:23 WIB
Farm   : 7
Commit : #43
Status : SUCCESS
==========================================


==========================================
Time   : 2026-07-12 23:15:11 WIB
Farm   : 7
Commit : #44
Status : SUCCESS
==========================================


==========================================
Time   : 2026-07-13 00:27:56 WIB
Farm   : 7
Commit : #45
Status : SUCCESS
==========================================


==========================================
Time   : 2026-07-13 01:29:00 WIB
Farm   : 7
Commit : #46
Status : SUCCESS
==========================================


==========================================
Time   : 2026-07-13 02:41:49 WIB
Farm   : 7
Commit : #47
Status : SUCCESS
==========================================


==========================================
Time   : 2026-07-13 03:28:37 WIB
Farm   : 7
Commit : #48
Status : SUCCESS
==========================================


==========================================
Time   : 2026-07-13 04:24:06 WIB
Farm   : 7
Commit : #49
Status : SUCCESS
==========================================


==========================================
Time   : 2026-07-13 05:13:04 WIB
Farm   : 7
Commit : #50
Status : SUCCESS
==========================================


==========================================
Time   : 2026-07-13 06:10:55 WIB
Farm   : 7
Commit : #51
Status : SUCCESS
==========================================


==========================================
Time   : 2026-07-13 07:10:25 WIB
Farm   : 7
Commit : #52
Status : SUCCESS
==========================================


==========================================
Time   : 2026-07-13 10:59:20 WIB
Farm   : 7
Commit : #53
Status : SUCCESS
==========================================


==========================================
Time   : 2026-07-13 14:30:04 WIB
Farm   : 7
Commit : #54
Status : SUCCESS
==========================================


==========================================
Time   : 2026-07-13 17:41:15 WIB
Farm   : 7
Commit : #55
Status : SUCCESS
==========================================


==========================================
Time   : 2026-07-13 22:49:30 WIB
Farm   : 7
Commit : #56
Status : SUCCESS
==========================================


==========================================
Time   : 2026-07-14 03:24:10 WIB
Farm   : 7
Commit : #57
Status : SUCCESS
==========================================


==========================================
Time   : 2026-07-14 06:27:03 WIB
Farm   : 7
Commit : #58
Status : SUCCESS
==========================================


==========================================
Time   : 2026-07-14 07:54:16 WIB
Farm   : 7
Commit : #59
Status : SUCCESS
==========================================


==========================================
Time   : 2026-07-14 10:52:36 WIB
Farm   : 7
Commit : #60
Status : SUCCESS
==========================================


==========================================
Time   : 2026-07-14 13:04:05 WIB
Farm   : 7
Commit : #61
Status : SUCCESS
==========================================


==========================================
Time   : 2026-07-14 15:26:19 WIB
Farm   : 7
Commit : #62
Status : SUCCESS
==========================================


==========================================
Time   : 2026-07-14 17:17:06 WIB
Farm   : 7
Commit : #63
Status : SUCCESS
==========================================


==========================================
Time   : 2026-07-14 18:47:48 WIB
Farm   : 7
Commit : #64
Status : SUCCESS
==========================================


==========================================
Time   : 2026-07-14 21:47:03 WIB
Farm   : 7
Commit : #65
Status : SUCCESS
==========================================


==========================================
Time   : 2026-07-14 23:04:49 WIB
Farm   : 7
Commit : #66
Status : SUCCESS
==========================================


==========================================
Time   : 2026-07-15 01:43:43 WIB
Farm   : 7
Commit : #67
Status : SUCCESS
==========================================


==========================================
Time   : 2026-07-15 02:57:00 WIB
Farm   : 7
Commit : #68
Status : SUCCESS
==========================================


==========================================
Time   : 2026-07-15 04:02:06 WIB
Farm   : 7
Commit : #69
Status : SUCCESS
==========================================


==========================================
Time   : 2026-07-15 05:09:06 WIB
Farm   : 7
Commit : #70
Status : SUCCESS
==========================================


==========================================
Time   : 2026-07-15 12:53:57 WIB
Farm   : 7
Commit : #71
Status : SUCCESS
==========================================


==========================================
Time   : 2026-07-15 14:52:32 WIB
Farm   : 7
Commit : #72
Status : SUCCESS
==========================================


==========================================
Time   : 2026-07-15 16:45:50 WIB
Farm   : 7
Commit : #73
Status : SUCCESS
==========================================


==========================================
Time   : 2026-07-15 18:17:17 WIB
Farm   : 7
Commit : #74
Status : SUCCESS
==========================================


==========================================
Time   : 2026-07-15 19:46:06 WIB
Farm   : 7
Commit : #75
Status : SUCCESS
==========================================


==========================================
Time   : 2026-07-15 21:30:52 WIB
Farm   : 7
Commit : #76
Status : SUCCESS
==========================================


==========================================
Time   : 2026-07-15 23:05:34 WIB
Farm   : 7
Commit : #77
Status : SUCCESS
==========================================


==========================================
Time   : 2026-07-16 00:35:17 WIB
Farm   : 7
Commit : #78
Status : SUCCESS
==========================================


==========================================
Time   : 2026-07-16 01:44:28 WIB
Farm   : 7
Commit : #79
Status : SUCCESS
==========================================


==========================================
Time   : 2026-07-16 02:53:49 WIB
Farm   : 7
Commit : #80
Status : SUCCESS
==========================================


==========================================
Time   : 2026-07-16 03:51:04 WIB
Farm   : 7
Commit : #81
Status : SUCCESS
==========================================


==========================================
Time   : 2026-07-16 04:45:36 WIB
Farm   : 7
Commit : #82
Status : SUCCESS
==========================================


==========================================
Time   : 2026-07-16 06:42:53 WIB
Farm   : 7
Commit : #83
Status : SUCCESS
==========================================


==========================================
Time   : 2026-07-16 08:09:30 WIB
Farm   : 7
Commit : #84
Status : SUCCESS
==========================================


==========================================
Time   : 2026-07-16 16:01:53 WIB
Farm   : 7
Commit : #85
Status : SUCCESS
==========================================


==========================================
Time   : 2026-07-16 18:07:41 WIB
Farm   : 7
Commit : #86
Status : SUCCESS
==========================================


==========================================
Time   : 2026-07-16 19:48:47 WIB
Farm   : 7
Commit : #87
Status : SUCCESS
==========================================


==========================================
Time   : 2026-07-16 21:50:49 WIB
Farm   : 7
Commit : #88
Status : SUCCESS
==========================================


==========================================
Time   : 2026-07-16 23:07:32 WIB
Farm   : 7
Commit : #89
Status : SUCCESS
==========================================


==========================================
Time   : 2026-07-17 00:37:50 WIB
Farm   : 7
Commit : #90
Status : SUCCESS
==========================================


==========================================
Time   : 2026-07-17 01:46:39 WIB
Farm   : 7
Commit : #91
Status : SUCCESS
==========================================


==========================================
Time   : 2026-07-17 02:50:15 WIB
Farm   : 7
Commit : #92
Status : SUCCESS
==========================================


==========================================
Time   : 2026-07-17 03:38:57 WIB
Farm   : 7
Commit : #93
Status : SUCCESS
==========================================


==========================================
Time   : 2026-07-17 04:44:23 WIB
Farm   : 7
Commit : #94
Status : SUCCESS
==========================================


==========================================
Time   : 2026-07-17 05:41:30 WIB
Farm   : 7
Commit : #95
Status : SUCCESS
==========================================


==========================================
Time   : 2026-07-17 06:39:31 WIB
Farm   : 7
Commit : #96
Status : SUCCESS
==========================================


==========================================
Time   : 2026-07-17 08:11:37 WIB
Farm   : 7
Commit : #97
Status : SUCCESS
==========================================


==========================================
Time   : 2026-07-17 11:24:26 WIB
Farm   : 7
Commit : #98
Status : SUCCESS
==========================================


==========================================
Time   : 2026-07-17 13:37:56 WIB
Farm   : 7
Commit : #99
Status : SUCCESS
==========================================


==========================================
Time   : 2026-07-17 15:54:09 WIB
Farm   : 7
Commit : #100
Status : SUCCESS
==========================================


==========================================
Time   : 2026-07-17 17:40:00 WIB
Farm   : 7
Commit : #101
Status : SUCCESS
==========================================


==========================================
Time   : 2026-07-17 18:59:16 WIB
Farm   : 7
Commit : #102
Status : SUCCESS
==========================================


==========================================
Time   : 2026-07-17 20:47:39 WIB
Farm   : 7
Commit : #103
Status : SUCCESS
==========================================


==========================================
Time   : 2026-07-17 22:04:33 WIB
Farm   : 7
Commit : #104
Status : SUCCESS
==========================================


==========================================
Time   : 2026-07-17 23:22:48 WIB
Farm   : 7
Commit : #105
Status : SUCCESS
==========================================


==========================================
Time   : 2026-07-18 00:35:54 WIB
Farm   : 7
Commit : #106
Status : SUCCESS
==========================================


==========================================
Time   : 2026-07-18 01:38:49 WIB
Farm   : 7
Commit : #107
Status : SUCCESS
==========================================


==========================================
Time   : 2026-07-18 03:37:54 WIB
Farm   : 7
Commit : #108
Status : SUCCESS
==========================================


==========================================
Time   : 2026-07-18 06:24:55 WIB
Farm   : 7
Commit : #109
Status : SUCCESS
==========================================


==========================================
Time   : 2026-07-18 07:52:34 WIB
Farm   : 7
Commit : #110
Status : SUCCESS
==========================================


==========================================
Time   : 2026-07-18 10:48:41 WIB
Farm   : 7
Commit : #111
Status : SUCCESS
==========================================


==========================================
Time   : 2026-07-18 12:55:09 WIB
Farm   : 7
Commit : #112
Status : SUCCESS
==========================================


==========================================
Time   : 2026-07-18 14:38:53 WIB
Farm   : 7
Commit : #113
Status : SUCCESS
==========================================


==========================================
Time   : 2026-07-18 16:12:33 WIB
Farm   : 7
Commit : #114
Status : SUCCESS
==========================================


==========================================
Time   : 2026-07-18 17:41:32 WIB
Farm   : 7
Commit : #115
Status : SUCCESS
==========================================


==========================================
Time   : 2026-07-19 01:08:54 WIB
Farm   : 7
Commit : #116
Status : SUCCESS
==========================================


==========================================
Time   : 2026-07-19 02:24:19 WIB
Farm   : 7
Commit : #117
Status : SUCCESS
==========================================


==========================================
Time   : 2026-07-19 03:13:18 WIB
Farm   : 7
Commit : #118
Status : SUCCESS
==========================================


==========================================
Time   : 2026-07-19 04:06:28 WIB
Farm   : 7
Commit : #119
Status : SUCCESS
==========================================


==========================================
Time   : 2026-07-19 05:04:33 WIB
Farm   : 7
Commit : #120
Status : SUCCESS
==========================================


==========================================
Time   : 2026-07-19 07:02:58 WIB
Farm   : 7
Commit : #121
Status : SUCCESS
==========================================


==========================================
Time   : 2026-07-19 10:44:50 WIB
Farm   : 7
Commit : #122
Status : SUCCESS
==========================================


==========================================
Time   : 2026-07-19 17:14:16 WIB
Farm   : 7
Commit : #123
Status : SUCCESS
==========================================


==========================================
Time   : 2026-07-19 19:31:38 WIB
Farm   : 7
Commit : #124
Status : SUCCESS
==========================================


==========================================
Time   : 2026-07-19 22:11:05 WIB
Farm   : 7
Commit : #125
Status : SUCCESS
==========================================


==========================================
Time   : 2026-07-20 00:16:32 WIB
Farm   : 7
Commit : #126
Status : SUCCESS
==========================================


==========================================
Time   : 2026-07-20 02:32:01 WIB
Farm   : 7
Commit : #127
Status : SUCCESS
==========================================


==========================================
Time   : 2026-07-20 05:15:05 WIB
Farm   : 7
Commit : #128
Status : SUCCESS
==========================================


==========================================
Time   : 2026-07-20 06:14:56 WIB
Farm   : 7
Commit : #129
Status : SUCCESS
==========================================


==========================================
Time   : 2026-07-20 07:15:14 WIB
Farm   : 7
Commit : #130
Status : SUCCESS
==========================================


==========================================
Time   : 2026-07-20 11:08:06 WIB
Farm   : 7
Commit : #131
Status : SUCCESS
==========================================


==========================================
Time   : 2026-07-20 14:26:16 WIB
Farm   : 7
Commit : #132
Status : SUCCESS
==========================================


==========================================
Time   : 2026-07-20 17:25:45 WIB
Farm   : 7
Commit : #133
Status : SUCCESS
==========================================


==========================================
Time   : 2026-07-20 19:32:18 WIB
Farm   : 7
Commit : #134
Status : SUCCESS
==========================================


==========================================
Time   : 2026-07-20 21:52:20 WIB
Farm   : 7
Commit : #135
Status : SUCCESS
==========================================


==========================================
Time   : 2026-07-20 23:19:04 WIB
Farm   : 7
Commit : #136
Status : SUCCESS
==========================================


==========================================
Time   : 2026-07-21 01:24:59 WIB
Farm   : 7
Commit : #137
Status : SUCCESS
==========================================


==========================================
Time   : 2026-07-21 03:05:40 WIB
Farm   : 7
Commit : #138
Status : SUCCESS
==========================================


==========================================
Time   : 2026-07-21 05:27:09 WIB
Farm   : 7
Commit : #139
Status : SUCCESS
==========================================


==========================================
Time   : 2026-07-21 06:31:04 WIB
Farm   : 7
Commit : #140
Status : SUCCESS
==========================================


==========================================
Time   : 2026-07-21 08:03:16 WIB
Farm   : 7
Commit : #141
Status : SUCCESS
==========================================


==========================================
Time   : 2026-07-21 11:25:08 WIB
Farm   : 7
Commit : #142
Status : SUCCESS
==========================================


==========================================
Time   : 2026-07-21 14:05:22 WIB
Farm   : 7
Commit : #143
Status : SUCCESS
==========================================


==========================================
Time   : 2026-07-21 16:35:37 WIB
Farm   : 7
Commit : #144
Status : SUCCESS
==========================================


==========================================
Time   : 2026-07-21 18:26:31 WIB
Farm   : 7
Commit : #145
Status : SUCCESS
==========================================


==========================================
Time   : 2026-07-21 21:58:06 WIB
Farm   : 7
Commit : #146
Status : SUCCESS
==========================================


==========================================
Time   : 2026-07-21 23:25:15 WIB
Farm   : 7
Commit : #147
Status : SUCCESS
==========================================


==========================================
Time   : 2026-07-22 00:52:13 WIB
Farm   : 7
Commit : #148
Status : SUCCESS
==========================================


==========================================
Time   : 2026-07-22 02:02:53 WIB
Farm   : 7
Commit : #149
Status : SUCCESS
==========================================


==========================================
Time   : 2026-07-22 03:23:54 WIB
Farm   : 7
Commit : #150
Status : SUCCESS
==========================================


==========================================
Time   : 2026-07-22 04:38:52 WIB
Farm   : 7
Commit : #151
Status : SUCCESS
==========================================


==========================================
Time   : 2026-07-22 05:34:54 WIB
Farm   : 7
Commit : #152
Status : SUCCESS
==========================================


==========================================
Time   : 2026-07-22 06:35:37 WIB
Farm   : 7
Commit : #153
Status : SUCCESS
==========================================


==========================================
Time   : 2026-07-22 11:29:15 WIB
Farm   : 7
Commit : #154
Status : SUCCESS
==========================================


==========================================
Time   : 2026-07-22 14:13:40 WIB
Farm   : 7
Commit : #155
Status : SUCCESS
==========================================


==========================================
Time   : 2026-07-22 16:40:57 WIB
Farm   : 7
Commit : #156
Status : SUCCESS
==========================================


==========================================
Time   : 2026-07-22 20:06:12 WIB
Farm   : 7
Commit : #157
Status : SUCCESS
==========================================


==========================================
Time   : 2026-07-22 22:12:23 WIB
Farm   : 7
Commit : #158
Status : SUCCESS
==========================================


==========================================
Time   : 2026-07-22 23:47:39 WIB
Farm   : 7
Commit : #159
Status : SUCCESS
==========================================


==========================================
Time   : 2026-07-23 00:56:48 WIB
Farm   : 7
Commit : #160
Status : SUCCESS
==========================================


==========================================
Time   : 2026-07-23 02:19:06 WIB
Farm   : 7
Commit : #161
Status : SUCCESS
==========================================


==========================================
Time   : 2026-07-23 03:34:52 WIB
Farm   : 7
Commit : #162
Status : SUCCESS
==========================================


==========================================
Time   : 2026-07-23 04:41:55 WIB
Farm   : 7
Commit : #163
Status : SUCCESS
==========================================


==========================================
Time   : 2026-07-23 05:41:53 WIB
Farm   : 7
Commit : #164
Status : SUCCESS
==========================================


==========================================
Time   : 2026-07-23 08:13:29 WIB
Farm   : 7
Commit : #165
Status : SUCCESS
==========================================


==========================================
Time   : 2026-07-23 11:36:40 WIB
Farm   : 7
Commit : #166
Status : SUCCESS
==========================================


==========================================
Time   : 2026-07-23 16:38:58 WIB
Farm   : 7
Commit : #167
Status : SUCCESS
==========================================


==========================================
Time   : 2026-07-23 20:08:47 WIB
Farm   : 7
Commit : #168
Status : SUCCESS
==========================================


==========================================
Time   : 2026-07-23 22:23:02 WIB
Farm   : 7
Commit : #169
Status : SUCCESS
==========================================


==========================================
Time   : 2026-07-23 23:53:40 WIB
Farm   : 7
Commit : #170
Status : SUCCESS
==========================================


==========================================
Time   : 2026-07-24 01:09:20 WIB
Farm   : 7
Commit : #171
Status : SUCCESS
==========================================


==========================================
Time   : 2026-07-24 02:43:44 WIB
Farm   : 7
Commit : #172
Status : SUCCESS
==========================================


==========================================
Time   : 2026-07-24 03:44:22 WIB
Farm   : 7
Commit : #173
Status : SUCCESS
==========================================


==========================================
Time   : 2026-07-24 04:46:15 WIB
Farm   : 7
Commit : #174
Status : SUCCESS
==========================================


==========================================
Time   : 2026-07-24 06:39:49 WIB
Farm   : 7
Commit : #175
Status : SUCCESS
==========================================


==========================================
Time   : 2026-07-24 11:29:21 WIB
Farm   : 7
Commit : #176
Status : SUCCESS
==========================================


==========================================
Time   : 2026-07-24 14:10:16 WIB
Farm   : 7
Commit : #177
Status : SUCCESS
==========================================


==========================================
Time   : 2026-07-24 16:34:43 WIB
Farm   : 7
Commit : #178
Status : SUCCESS
==========================================


==========================================
Time   : 2026-07-24 22:59:00 WIB
Farm   : 7
Commit : #179
Status : SUCCESS
==========================================


==========================================
Time   : 2026-07-25 00:40:44 WIB
Farm   : 7
Commit : #180
Status : SUCCESS
==========================================


==========================================
Time   : 2026-07-25 02:04:28 WIB
Farm   : 7
Commit : #181
Status : SUCCESS
==========================================


==========================================
Time   : 2026-07-25 03:38:42 WIB
Farm   : 7
Commit : #182
Status : SUCCESS
==========================================


==========================================
Time   : 2026-07-25 05:44:31 WIB
Farm   : 7
Commit : #183
Status : SUCCESS
==========================================


==========================================
Time   : 2026-07-25 08:13:19 WIB
Farm   : 7
Commit : #184
Status : SUCCESS
==========================================


==========================================
Time   : 2026-07-25 13:42:18 WIB
Farm   : 7
Commit : #185
Status : SUCCESS
==========================================


==========================================
Time   : 2026-07-25 21:19:47 WIB
Farm   : 7
Commit : #186
Status : SUCCESS
==========================================


==========================================
Time   : 2026-07-26 01:33:35 WIB
Farm   : 7
Commit : #187
Status : SUCCESS
==========================================


==========================================
Time   : 2026-07-26 03:36:47 WIB
Farm   : 7
Commit : #188
Status : SUCCESS
==========================================


==========================================
Time   : 2026-07-26 05:32:41 WIB
Farm   : 7
Commit : #189
Status : SUCCESS
==========================================


==========================================
Time   : 2026-07-26 08:11:32 WIB
Farm   : 7
Commit : #190
Status : SUCCESS
==========================================


==========================================
Time   : 2026-07-26 14:20:53 WIB
Farm   : 7
Commit : #191
Status : SUCCESS
==========================================


==========================================
Time   : 2026-07-26 18:05:14 WIB
Farm   : 7
Commit : #192
Status : SUCCESS
==========================================


==========================================
Time   : 2026-07-26 20:58:14 WIB
Farm   : 7
Commit : #193
Status : SUCCESS
==========================================


==========================================
Time   : 2026-07-26 22:06:20 WIB
Farm   : 7
Commit : #194
Status : SUCCESS
==========================================


==========================================
Time   : 2026-07-26 23:13:32 WIB
Farm   : 7
Commit : #195
Status : SUCCESS
==========================================


==========================================
Time   : 2026-07-27 00:16:51 WIB
Farm   : 7
Commit : #196
Status : SUCCESS
==========================================


==========================================
Time   : 2026-07-27 02:38:43 WIB
Farm   : 7
Commit : #197
Status : SUCCESS
==========================================


==========================================
Time   : 2026-07-27 04:33:48 WIB
Farm   : 7
Commit : #198
Status : SUCCESS
==========================================


==========================================
Time   : 2026-07-27 05:35:57 WIB
Farm   : 7
Commit : #199
Status : SUCCESS
==========================================


==========================================
Time   : 2026-07-27 15:29:26 WIB
Farm   : 7
Commit : #200
Status : SUCCESS
==========================================


==========================================
Time   : 2026-07-27 18:55:13 WIB
Farm   : 7
Commit : #201
Status : SUCCESS
==========================================


==========================================
Time   : 2026-07-27 21:18:27 WIB
Farm   : 7
Commit : #202
Status : SUCCESS
==========================================


==========================================
Time   : 2026-07-27 23:37:05 WIB
Farm   : 7
Commit : #203
Status : SUCCESS
==========================================


==========================================
Time   : 2026-07-28 01:11:30 WIB
Farm   : 7
Commit : #204
Status : SUCCESS
==========================================


==========================================
Time   : 2026-07-28 02:55:12 WIB
Farm   : 7
Commit : #205
Status : SUCCESS
==========================================


==========================================
Time   : 2026-07-28 04:05:21 WIB
Farm   : 7
Commit : #206
Status : SUCCESS
==========================================


==========================================
Time   : 2026-07-28 05:16:11 WIB
Farm   : 7
Commit : #207
Status : SUCCESS
==========================================


==========================================
Time   : 2026-07-28 06:29:33 WIB
Farm   : 7
Commit : #208
Status : SUCCESS
==========================================


==========================================
Time   : 2026-07-28 07:57:52 WIB
Farm   : 7
Commit : #209
Status : SUCCESS
==========================================


==========================================
Time   : 2026-07-28 11:11:50 WIB
Farm   : 7
Commit : #210
Status : SUCCESS
==========================================


==========================================
Time   : 2026-07-28 16:23:40 WIB
Farm   : 7
Commit : #211
Status : SUCCESS
==========================================


==========================================
Time   : 2026-07-28 18:33:03 WIB
Farm   : 7
Commit : #212
Status : SUCCESS
==========================================


==========================================
Time   : 2026-07-28 20:17:16 WIB
Farm   : 7
Commit : #213
Status : SUCCESS
==========================================


==========================================
Time   : 2026-07-29 04:19:32 WIB
Farm   : 7
Commit : #214
Status : SUCCESS
==========================================


==========================================
Time   : 2026-07-29 05:29:21 WIB
Farm   : 7
Commit : #215
Status : SUCCESS
==========================================


==========================================
Time   : 2026-07-29 06:32:59 WIB
Farm   : 7
Commit : #216
Status : SUCCESS
==========================================


==========================================
Time   : 2026-07-29 08:03:02 WIB
Farm   : 7
Commit : #217
Status : SUCCESS
==========================================


==========================================
Time   : 2026-07-29 14:13:06 WIB
Farm   : 7
Commit : #218
Status : SUCCESS
==========================================


==========================================
Time   : 2026-07-29 16:50:12 WIB
Farm   : 7
Commit : #219
Status : SUCCESS
==========================================


==========================================
Time   : 2026-07-29 18:51:44 WIB
Farm   : 7
Commit : #220
Status : SUCCESS
==========================================


==========================================
Time   : 2026-07-29 20:29:13 WIB
Farm   : 7
Commit : #221
Status : SUCCESS
==========================================


==========================================
Time   : 2026-07-29 22:31:24 WIB
Farm   : 7
Commit : #222
Status : SUCCESS
==========================================


==========================================
Time   : 2026-07-29 23:53:20 WIB
Farm   : 7
Commit : #223
Status : SUCCESS
==========================================


==========================================
Time   : 2026-07-30 01:01:05 WIB
Farm   : 7
Commit : #224
Status : SUCCESS
==========================================


==========================================
Time   : 2026-07-30 02:37:56 WIB
Farm   : 7
Commit : #225
Status : SUCCESS
==========================================


==========================================
Time   : 2026-07-30 03:34:12 WIB
Farm   : 7
Commit : #226
Status : SUCCESS
==========================================


==========================================
Time   : 2026-07-30 04:32:18 WIB
Farm   : 7
Commit : #227
Status : SUCCESS
==========================================


==========================================
Time   : 2026-07-30 05:33:58 WIB
Farm   : 7
Commit : #228
Status : SUCCESS
==========================================


==========================================
Time   : 2026-07-30 06:37:04 WIB
Farm   : 7
Commit : #229
Status : SUCCESS
==========================================


==========================================
Time   : 2026-07-30 11:14:38 WIB
Farm   : 7
Commit : #230
Status : SUCCESS
==========================================


==========================================
Time   : 2026-07-30 13:44:08 WIB
Farm   : 7
Commit : #231
Status : SUCCESS
==========================================


==========================================
Time   : 2026-07-30 18:24:56 WIB
Farm   : 7
Commit : #232
Status : SUCCESS
==========================================


==========================================
Time   : 2026-07-30 20:05:35 WIB
Farm   : 7
Commit : #233
Status : SUCCESS
==========================================


==========================================
Time   : 2026-07-31 01:14:15 WIB
Farm   : 7
Commit : #234
Status : SUCCESS
==========================================


==========================================
Time   : 2026-07-31 02:53:51 WIB
Farm   : 7
Commit : #235
Status : SUCCESS
==========================================


==========================================
Time   : 2026-07-31 03:57:00 WIB
Farm   : 7
Commit : #236
Status : SUCCESS
==========================================


==========================================
Time   : 2026-07-31 05:04:58 WIB
Farm   : 7
Commit : #237
Status : SUCCESS
==========================================


==========================================
Time   : 2026-07-31 06:17:03 WIB
Farm   : 7
Commit : #238
Status : SUCCESS
==========================================


==========================================
Time   : 2026-07-31 07:18:01 WIB
Farm   : 7
Commit : #239
Status : SUCCESS
==========================================


==========================================
Time   : 2026-07-31 10:56:06 WIB
Farm   : 7
Commit : #240
Status : SUCCESS
==========================================


==========================================
Time   : 2026-07-31 13:42:07 WIB
Farm   : 7
Commit : #241
Status : SUCCESS
==========================================


==========================================
Time   : 2026-07-31 16:33:01 WIB
Farm   : 7
Commit : #242
Status : SUCCESS
==========================================


==========================================
Time   : 2026-07-31 20:20:37 WIB
Farm   : 7
Commit : #243
Status : SUCCESS
==========================================


==========================================
Time   : 2026-07-31 22:32:44 WIB
Farm   : 7
Commit : #244
Status : SUCCESS
==========================================


==========================================
Time   : 2026-08-01 00:08:57 WIB
Farm   : 7
Commit : #245
Status : SUCCESS
==========================================


==========================================
Time   : 2026-08-01 01:44:57 WIB
Farm   : 7
Commit : #246
Status : SUCCESS
==========================================


==========================================
Time   : 2026-08-01 03:10:13 WIB
Farm   : 7
Commit : #247
Status : SUCCESS
==========================================


==========================================
Time   : 2026-08-01 04:21:19 WIB
Farm   : 7
Commit : #248
Status : SUCCESS
==========================================


==========================================
Time   : 2026-08-01 05:28:56 WIB
Farm   : 7
Commit : #249
Status : SUCCESS
==========================================


==========================================
Time   : 2026-08-01 08:10:08 WIB
Farm   : 7
Commit : #250
Status : SUCCESS
==========================================


==========================================
Time   : 2026-08-01 11:34:30 WIB
Farm   : 7
Commit : #251
Status : SUCCESS
==========================================


==========================================
Time   : 2026-08-01 17:53:00 WIB
Farm   : 7
Commit : #252
Status : SUCCESS
==========================================


==========================================
Time   : 2026-08-01 20:06:40 WIB
Farm   : 7
Commit : #253
Status : SUCCESS
==========================================


==========================================
Time   : 2026-08-01 21:41:15 WIB
Farm   : 7
Commit : #254
Status : SUCCESS
==========================================


==========================================
Time   : 2026-08-01 22:43:59 WIB
Farm   : 7
Commit : #255
Status : SUCCESS
==========================================


==========================================
Time   : 2026-08-02 00:42:00 WIB
Farm   : 7
Commit : #256
Status : SUCCESS
==========================================


==========================================
Time   : 2026-08-02 01:41:32 WIB
Farm   : 7
Commit : #257
Status : SUCCESS
==========================================


==========================================
Time   : 2026-08-02 02:55:54 WIB
Farm   : 7
Commit : #258
Status : SUCCESS
==========================================


==========================================
Time   : 2026-08-02 03:48:05 WIB
Farm   : 7
Commit : #259
Status : SUCCESS
==========================================


==========================================
Time   : 2026-08-02 04:39:32 WIB
Farm   : 7
Commit : #260
Status : SUCCESS
==========================================


==========================================
Time   : 2026-08-02 05:38:16 WIB
Farm   : 7
Commit : #261
Status : SUCCESS
==========================================


==========================================
Time   : 2026-08-02 06:37:56 WIB
Farm   : 7
Commit : #262
Status : SUCCESS
==========================================


==========================================
Time   : 2026-08-02 08:13:22 WIB
Farm   : 7
Commit : #263
Status : SUCCESS
==========================================


==========================================
Time   : 2026-08-02 11:39:42 WIB
Farm   : 7
Commit : #264
Status : SUCCESS
==========================================


==========================================
Time   : 2026-08-02 14:18:59 WIB
Farm   : 7
Commit : #265
Status : SUCCESS
==========================================


==========================================
Time   : 2026-08-02 16:26:03 WIB
Farm   : 7
Commit : #266
Status : SUCCESS
==========================================


==========================================
Time   : 2026-08-02 17:59:13 WIB
Farm   : 7
Commit : #267
Status : SUCCESS
==========================================


==========================================
Time   : 2026-08-02 19:06:59 WIB
Farm   : 7
Commit : #268
Status : SUCCESS
==========================================


==========================================
Time   : 2026-08-02 20:50:44 WIB
Farm   : 7
Commit : #269
Status : SUCCESS
==========================================


==========================================
Time   : 2026-08-02 21:52:58 WIB
Farm   : 7
Commit : #270
Status : SUCCESS
==========================================


==========================================
Time   : 2026-08-02 22:49:14 WIB
Farm   : 7
Commit : #271
Status : SUCCESS
==========================================


==========================================
Time   : 2026-08-02 23:42:45 WIB
Farm   : 7
Commit : #272
Status : SUCCESS
==========================================


==========================================
Time   : 2026-08-03 00:45:26 WIB
Farm   : 7
Commit : #273
Status : SUCCESS
==========================================


==========================================
Time   : 2026-08-03 03:58:33 WIB
Farm   : 7
Commit : #274
Status : SUCCESS
==========================================


==========================================
Time   : 2026-08-03 05:00:49 WIB
Farm   : 7
Commit : #275
Status : SUCCESS
==========================================


==========================================
Time   : 2026-08-03 06:01:44 WIB
Farm   : 7
Commit : #276
Status : SUCCESS
==========================================


==========================================
Time   : 2026-08-03 07:07:05 WIB
Farm   : 7
Commit : #277
Status : SUCCESS
==========================================


==========================================
Time   : 2026-08-03 17:30:05 WIB
Farm   : 7
Commit : #278
Status : SUCCESS
==========================================


==========================================
Time   : 2026-08-03 20:27:24 WIB
Farm   : 7
Commit : #279
Status : SUCCESS
==========================================


==========================================
Time   : 2026-08-03 23:02:42 WIB
Farm   : 7
Commit : #280
Status : SUCCESS
==========================================


==========================================
Time   : 2026-08-04 01:02:07 WIB
Farm   : 7
Commit : #281
Status : SUCCESS
==========================================


==========================================
Time   : 2026-08-04 02:50:13 WIB
Farm   : 7
Commit : #282
Status : SUCCESS
==========================================


==========================================
Time   : 2026-08-04 03:48:51 WIB
Farm   : 7
Commit : #283
Status : SUCCESS
==========================================


==========================================
Time   : 2026-08-04 04:53:39 WIB
Farm   : 7
Commit : #284
Status : SUCCESS
==========================================


==========================================
Time   : 2026-08-04 05:53:27 WIB
Farm   : 7
Commit : #285
Status : SUCCESS
==========================================


==========================================
Time   : 2026-08-04 07:01:03 WIB
Farm   : 7
Commit : #286
Status : SUCCESS
==========================================


==========================================
Time   : 2026-08-04 10:25:27 WIB
Farm   : 7
Commit : #287
Status : SUCCESS
==========================================


==========================================
Time   : 2026-08-04 13:09:00 WIB
Farm   : 7
Commit : #288
Status : SUCCESS
==========================================


==========================================
Time   : 2026-08-04 15:52:20 WIB
Farm   : 7
Commit : #289
Status : SUCCESS
==========================================


==========================================
Time   : 2026-08-04 18:13:20 WIB
Farm   : 7
Commit : #290
Status : SUCCESS
==========================================


==========================================
Time   : 2026-08-04 20:11:22 WIB
Farm   : 7
Commit : #291
Status : SUCCESS
==========================================


==========================================
Time   : 2026-08-04 22:34:57 WIB
Farm   : 7
Commit : #292
Status : SUCCESS
==========================================


==========================================
Time   : 2026-08-05 00:17:08 WIB
Farm   : 7
Commit : #293
Status : SUCCESS
==========================================


==========================================
Time   : 2026-08-05 04:47:57 WIB
Farm   : 7
Commit : #294
Status : SUCCESS
==========================================


==========================================
Time   : 2026-08-05 05:47:35 WIB
Farm   : 7
Commit : #295
Status : SUCCESS
==========================================


==========================================
Time   : 2026-08-05 06:47:33 WIB
Farm   : 7
Commit : #296
Status : SUCCESS
==========================================


==========================================
Time   : 2026-08-05 08:10:07 WIB
Farm   : 7
Commit : #297
Status : SUCCESS
==========================================


==========================================
Time   : 2026-08-05 14:17:19 WIB
Farm   : 7
Commit : #298
Status : SUCCESS
==========================================


==========================================
Time   : 2026-08-05 17:01:48 WIB
Farm   : 7
Commit : #299
Status : SUCCESS
==========================================


==========================================
Time   : 2026-08-05 19:07:22 WIB
Farm   : 7
Commit : #300
Status : SUCCESS
==========================================


==========================================
Time   : 2026-08-05 23:16:58 WIB
Farm   : 7
Commit : #301
Status : SUCCESS
==========================================


==========================================
Time   : 2026-08-06 02:29:19 WIB
Farm   : 7
Commit : #302
Status : SUCCESS
==========================================


==========================================
Time   : 2026-08-06 03:45:59 WIB
Farm   : 7
Commit : #303
Status : SUCCESS
==========================================


==========================================
Time   : 2026-08-06 04:58:30 WIB
Farm   : 7
Commit : #304
Status : SUCCESS
==========================================


==========================================
Time   : 2026-08-06 06:04:30 WIB
Farm   : 7
Commit : #305
Status : SUCCESS
==========================================


==========================================
Time   : 2026-08-06 07:09:53 WIB
Farm   : 7
Commit : #306
Status : SUCCESS
==========================================


==========================================
Time   : 2026-08-06 10:33:40 WIB
Farm   : 7
Commit : #307
Status : SUCCESS
==========================================


==========================================
Time   : 2026-08-06 13:14:04 WIB
Farm   : 7
Commit : #308
Status : SUCCESS
==========================================


==========================================
Time   : 2026-08-06 16:08:13 WIB
Farm   : 7
Commit : #309
Status : SUCCESS
==========================================


==========================================
Time   : 2026-08-06 18:32:12 WIB
Farm   : 7
Commit : #310
Status : SUCCESS
==========================================


==========================================
Time   : 2026-08-06 20:13:51 WIB
Farm   : 7
Commit : #311
Status : SUCCESS
==========================================


==========================================
Time   : 2026-08-06 22:28:53 WIB
Farm   : 7
Commit : #312
Status : SUCCESS
==========================================


==========================================
Time   : 2026-08-07 07:30:47 WIB
Farm   : 7
Commit : #313
Status : SUCCESS
==========================================


==========================================
Time   : 2026-08-07 12:19:59 WIB
Farm   : 7
Commit : #314
Status : SUCCESS
==========================================


==========================================
Time   : 2026-08-07 13:38:08 WIB
Farm   : 7
Commit : #315
Status : SUCCESS
==========================================


==========================================
Time   : 2026-08-07 14:57:59 WIB
Farm   : 7
Commit : #316
Status : SUCCESS
==========================================


==========================================
Time   : 2026-08-07 15:59:20 WIB
Farm   : 7
Commit : #317
Status : SUCCESS
==========================================


==========================================
Time   : 2026-08-07 17:05:57 WIB
Farm   : 7
Commit : #318
Status : SUCCESS
==========================================


==========================================
Time   : 2026-08-07 18:05:20 WIB
Farm   : 7
Commit : #319
Status : SUCCESS
==========================================


==========================================
Time   : 2026-08-07 18:53:58 WIB
Farm   : 7
Commit : #320
Status : SUCCESS
==========================================


==========================================
Time   : 2026-08-07 19:42:16 WIB
Farm   : 7
Commit : #321
Status : SUCCESS
==========================================


==========================================
Time   : 2026-08-07 20:59:53 WIB
Farm   : 7
Commit : #322
Status : SUCCESS
==========================================


==========================================
Time   : 2026-08-07 22:02:13 WIB
Farm   : 7
Commit : #323
Status : SUCCESS
==========================================


==========================================
Time   : 2026-08-07 23:04:01 WIB
Farm   : 7
Commit : #324
Status : SUCCESS
==========================================


==========================================
Time   : 2026-08-08 00:03:53 WIB
Farm   : 7
Commit : #325
Status : SUCCESS
==========================================


==========================================
Time   : 2026-08-08 00:56:27 WIB
Farm   : 7
Commit : #326
Status : SUCCESS
==========================================


==========================================
Time   : 2026-08-08 01:56:08 WIB
Farm   : 7
Commit : #327
Status : SUCCESS
==========================================


==========================================
Time   : 2026-08-08 02:51:08 WIB
Farm   : 7
Commit : #328
Status : SUCCESS
==========================================


==========================================
Time   : 2026-08-08 03:25:44 WIB
Farm   : 7
Commit : #329
Status : SUCCESS
==========================================


==========================================
Time   : 2026-08-08 04:09:48 WIB
Farm   : 7
Commit : #330
Status : SUCCESS
==========================================


==========================================
Time   : 2026-08-08 04:54:50 WIB
Farm   : 7
Commit : #331
Status : SUCCESS
==========================================


==========================================
Time   : 2026-08-08 05:26:24 WIB
Farm   : 7
Commit : #332
Status : SUCCESS
==========================================


==========================================
Time   : 2026-08-08 06:07:04 WIB
Farm   : 7
Commit : #333
Status : SUCCESS
==========================================


==========================================
Time   : 2026-08-08 06:45:20 WIB
Farm   : 7
Commit : #334
Status : SUCCESS
==========================================


==========================================
Time   : 2026-08-08 07:33:59 WIB
Farm   : 7
Commit : #335
Status : SUCCESS
==========================================


==========================================
Time   : 2026-08-08 10:53:50 WIB
Farm   : 7
Commit : #336
Status : SUCCESS
==========================================


==========================================
Time   : 2026-08-08 11:47:23 WIB
Farm   : 7
Commit : #337
Status : SUCCESS
==========================================


==========================================
Time   : 2026-08-08 14:13:16 WIB
Farm   : 7
Commit : #338
Status : SUCCESS
==========================================


==========================================
Time   : 2026-08-08 15:01:33 WIB
Farm   : 7
Commit : #339
Status : SUCCESS
==========================================


==========================================
Time   : 2026-08-08 15:52:32 WIB
Farm   : 7
Commit : #340
Status : SUCCESS
==========================================


==========================================
Time   : 2026-08-08 16:26:40 WIB
Farm   : 7
Commit : #341
Status : SUCCESS
==========================================


==========================================
Time   : 2026-08-08 17:04:49 WIB
Farm   : 7
Commit : #342
Status : SUCCESS
==========================================


==========================================
Time   : 2026-08-08 17:46:43 WIB
Farm   : 7
Commit : #343
Status : SUCCESS
==========================================


==========================================
Time   : 2026-08-08 18:13:25 WIB
Farm   : 7
Commit : #344
Status : SUCCESS
==========================================


==========================================
Time   : 2026-08-08 18:45:23 WIB
Farm   : 7
Commit : #345
Status : SUCCESS
==========================================


==========================================
Time   : 2026-08-08 19:04:52 WIB
Farm   : 7
Commit : #346
Status : SUCCESS
==========================================


==========================================
Time   : 2026-08-08 20:09:51 WIB
Farm   : 7
Commit : #347
Status : SUCCESS
==========================================


==========================================
Time   : 2026-08-08 20:55:58 WIB
Farm   : 7
Commit : #348
Status : SUCCESS
==========================================


==========================================
Time   : 2026-08-08 21:26:54 WIB
Farm   : 7
Commit : #349
Status : SUCCESS
==========================================


==========================================
Time   : 2026-08-08 21:58:57 WIB
Farm   : 7
Commit : #350
Status : SUCCESS
==========================================


==========================================
Time   : 2026-08-08 22:36:13 WIB
Farm   : 7
Commit : #351
Status : SUCCESS
==========================================


==========================================
Time   : 2026-08-08 23:45:30 WIB
Farm   : 7
Commit : #352
Status : SUCCESS
==========================================


==========================================
Time   : 2026-08-09 01:16:33 WIB
Farm   : 7
Commit : #353
Status : SUCCESS
==========================================


==========================================
Time   : 2026-08-09 02:02:19 WIB
Farm   : 7
Commit : #354
Status : SUCCESS
==========================================


==========================================
Time   : 2026-08-09 02:38:33 WIB
Farm   : 7
Commit : #355
Status : SUCCESS
==========================================


==========================================
Time   : 2026-08-09 04:04:39 WIB
Farm   : 7
Commit : #356
Status : SUCCESS
==========================================


==========================================
Time   : 2026-08-09 05:04:18 WIB
Farm   : 7
Commit : #357
Status : SUCCESS
==========================================


==========================================
Time   : 2026-08-09 05:41:46 WIB
Farm   : 7
Commit : #358
Status : SUCCESS
==========================================


==========================================
Time   : 2026-08-09 06:05:44 WIB
Farm   : 7
Commit : #359
Status : SUCCESS
==========================================


==========================================
Time   : 2026-08-09 06:38:58 WIB
Farm   : 7
Commit : #360
Status : SUCCESS
==========================================


==========================================
Time   : 2026-08-09 09:22:54 WIB
Farm   : 7
Commit : #361
Status : SUCCESS
==========================================


==========================================
Time   : 2026-08-09 12:03:50 WIB
Farm   : 7
Commit : #362
Status : SUCCESS
==========================================


==========================================
Time   : 2026-08-09 12:54:47 WIB
Farm   : 7
Commit : #363
Status : SUCCESS
==========================================


==========================================
Time   : 2026-08-09 13:44:16 WIB
Farm   : 7
Commit : #364
Status : SUCCESS
==========================================


==========================================
Time   : 2026-08-09 15:25:15 WIB
Farm   : 7
Commit : #365
Status : SUCCESS
==========================================


==========================================
Time   : 2026-08-09 16:10:50 WIB
Farm   : 7
Commit : #366
Status : SUCCESS
==========================================


==========================================
Time   : 2026-08-09 17:30:05 WIB
Farm   : 7
Commit : #367
Status : SUCCESS
==========================================


==========================================
Time   : 2026-08-09 18:04:17 WIB
Farm   : 7
Commit : #368
Status : SUCCESS
==========================================


==========================================
Time   : 2026-08-09 19:01:30 WIB
Farm   : 7
Commit : #369
Status : SUCCESS
==========================================


==========================================
Time   : 2026-08-09 20:08:55 WIB
Farm   : 7
Commit : #370
Status : SUCCESS
==========================================


==========================================
Time   : 2026-08-09 20:58:32 WIB
Farm   : 7
Commit : #371
Status : SUCCESS
==========================================


==========================================
Time   : 2026-08-09 21:36:09 WIB
Farm   : 7
Commit : #372
Status : SUCCESS
==========================================


==========================================
Time   : 2026-08-09 22:05:02 WIB
Farm   : 7
Commit : #373
Status : SUCCESS
==========================================


==========================================
Time   : 2026-08-09 22:42:04 WIB
Farm   : 7
Commit : #374
Status : SUCCESS
==========================================


==========================================
Time   : 2026-08-09 23:49:49 WIB
Farm   : 7
Commit : #375
Status : SUCCESS
==========================================


==========================================
Time   : 2026-08-10 00:19:46 WIB
Farm   : 7
Commit : #376
Status : SUCCESS
==========================================

