
==========================================
Time   : 2026-07-08 20:31:05 WIB
Farm   : 8
Commit : #1
Status : SUCCESS
==========================================


==========================================
Time   : 2026-07-08 22:51:51 WIB
Farm   : 8
Commit : #2
Status : SUCCESS
==========================================


==========================================
Time   : 2026-07-09 00:14:38 WIB
Farm   : 8
Commit : #3
Status : SUCCESS
==========================================


==========================================
Time   : 2026-07-09 01:49:19 WIB
Farm   : 8
Commit : #4
Status : SUCCESS
==========================================


==========================================
Time   : 2026-07-09 03:14:31 WIB
Farm   : 8
Commit : #5
Status : SUCCESS
==========================================


==========================================
Time   : 2026-07-09 04:33:57 WIB
Farm   : 8
Commit : #6
Status : SUCCESS
==========================================


==========================================
Time   : 2026-07-09 08:15:57 WIB
Farm   : 8
Commit : #7
Status : SUCCESS
==========================================


==========================================
Time   : 2026-07-09 18:37:23 WIB
Farm   : 8
Commit : #8
Status : SUCCESS
==========================================


==========================================
Time   : 2026-07-09 21:12:34 WIB
Farm   : 8
Commit : #9
Status : SUCCESS
==========================================


==========================================
Time   : 2026-07-10 01:27:11 WIB
Farm   : 8
Commit : #10
Status : SUCCESS
==========================================


==========================================
Time   : 2026-07-10 04:51:56 WIB
Farm   : 8
Commit : #11
Status : SUCCESS
==========================================


==========================================
Time   : 2026-07-10 05:59:27 WIB
Farm   : 8
Commit : #12
Status : SUCCESS
==========================================


==========================================
Time   : 2026-07-10 07:11:34 WIB
Farm   : 8
Commit : #13
Status : SUCCESS
==========================================


==========================================
Time   : 2026-07-10 11:14:13 WIB
Farm   : 8
Commit : #14
Status : SUCCESS
==========================================


==========================================
Time   : 2026-07-10 14:52:16 WIB
Farm   : 8
Commit : #15
Status : SUCCESS
==========================================


==========================================
Time   : 2026-07-10 17:41:52 WIB
Farm   : 8
Commit : #16
Status : SUCCESS
==========================================


==========================================
Time   : 2026-07-10 22:33:52 WIB
Farm   : 8
Commit : #17
Status : SUCCESS
==========================================


==========================================
Time   : 2026-07-11 04:29:16 WIB
Farm   : 8
Commit : #18
Status : SUCCESS
==========================================


==========================================
Time   : 2026-07-11 06:33:50 WIB
Farm   : 8
Commit : #19
Status : SUCCESS
==========================================


==========================================
Time   : 2026-07-11 08:03:55 WIB
Farm   : 8
Commit : #20
Status : SUCCESS
==========================================


==========================================
Time   : 2026-07-11 11:22:09 WIB
Farm   : 8
Commit : #21
Status : SUCCESS
==========================================


==========================================
Time   : 2026-07-11 15:23:04 WIB
Farm   : 8
Commit : #22
Status : SUCCESS
==========================================


==========================================
Time   : 2026-07-11 16:55:17 WIB
Farm   : 8
Commit : #23
Status : SUCCESS
==========================================


==========================================
Time   : 2026-07-11 17:57:20 WIB
Farm   : 8
Commit : #24
Status : SUCCESS
==========================================


==========================================
Time   : 2026-07-11 18:50:03 WIB
Farm   : 8
Commit : #25
Status : SUCCESS
==========================================


==========================================
Time   : 2026-07-11 21:12:26 WIB
Farm   : 8
Commit : #26
Status : SUCCESS
==========================================


==========================================
Time   : 2026-07-11 23:12:54 WIB
Farm   : 8
Commit : #27
Status : SUCCESS
==========================================


==========================================
Time   : 2026-07-12 00:16:58 WIB
Farm   : 8
Commit : #28
Status : SUCCESS
==========================================


==========================================
Time   : 2026-07-12 02:31:23 WIB
Farm   : 8
Commit : #29
Status : SUCCESS
==========================================


==========================================
Time   : 2026-07-12 04:12:56 WIB
Farm   : 8
Commit : #30
Status : SUCCESS
==========================================


==========================================
Time   : 2026-07-12 05:10:31 WIB
Farm   : 8
Commit : #31
Status : SUCCESS
==========================================


==========================================
Time   : 2026-07-12 07:08:08 WIB
Farm   : 8
Commit : #32
Status : SUCCESS
==========================================


==========================================
Time   : 2026-07-12 10:53:45 WIB
Farm   : 8
Commit : #33
Status : SUCCESS
==========================================


==========================================
Time   : 2026-07-12 13:23:53 WIB
Farm   : 8
Commit : #34
Status : SUCCESS
==========================================


==========================================
Time   : 2026-07-12 17:12:05 WIB
Farm   : 8
Commit : #35
Status : SUCCESS
==========================================


==========================================
Time   : 2026-07-12 18:31:28 WIB
Farm   : 8
Commit : #36
Status : SUCCESS
==========================================


==========================================
Time   : 2026-07-12 19:30:49 WIB
Farm   : 8
Commit : #37
Status : SUCCESS
==========================================


==========================================
Time   : 2026-07-12 22:12:00 WIB
Farm   : 8
Commit : #38
Status : SUCCESS
==========================================


==========================================
Time   : 2026-07-13 00:17:53 WIB
Farm   : 8
Commit : #39
Status : SUCCESS
==========================================


==========================================
Time   : 2026-07-13 03:23:53 WIB
Farm   : 8
Commit : #40
Status : SUCCESS
==========================================


==========================================
Time   : 2026-07-13 04:11:23 WIB
Farm   : 8
Commit : #41
Status : SUCCESS
==========================================


==========================================
Time   : 2026-07-13 05:07:25 WIB
Farm   : 8
Commit : #42
Status : SUCCESS
==========================================


==========================================
Time   : 2026-07-13 07:07:37 WIB
Farm   : 8
Commit : #43
Status : SUCCESS
==========================================


==========================================
Time   : 2026-07-13 10:53:29 WIB
Farm   : 8
Commit : #44
Status : SUCCESS
==========================================


==========================================
Time   : 2026-07-13 13:44:09 WIB
Farm   : 8
Commit : #45
Status : SUCCESS
==========================================


==========================================
Time   : 2026-07-13 17:00:53 WIB
Farm   : 8
Commit : #46
Status : SUCCESS
==========================================


==========================================
Time   : 2026-07-14 00:33:44 WIB
Farm   : 8
Commit : #47
Status : SUCCESS
==========================================


==========================================
Time   : 2026-07-14 04:17:25 WIB
Farm   : 8
Commit : #48
Status : SUCCESS
==========================================


==========================================
Time   : 2026-07-14 05:14:33 WIB
Farm   : 8
Commit : #49
Status : SUCCESS
==========================================


==========================================
Time   : 2026-07-14 06:15:34 WIB
Farm   : 8
Commit : #50
Status : SUCCESS
==========================================


==========================================
Time   : 2026-07-14 07:10:36 WIB
Farm   : 8
Commit : #51
Status : SUCCESS
==========================================


==========================================
Time   : 2026-07-14 10:31:37 WIB
Farm   : 8
Commit : #52
Status : SUCCESS
==========================================


==========================================
Time   : 2026-07-14 12:54:31 WIB
Farm   : 8
Commit : #53
Status : SUCCESS
==========================================


==========================================
Time   : 2026-07-14 14:50:20 WIB
Farm   : 8
Commit : #54
Status : SUCCESS
==========================================


==========================================
Time   : 2026-07-14 16:32:00 WIB
Farm   : 8
Commit : #55
Status : SUCCESS
==========================================


==========================================
Time   : 2026-07-14 18:10:30 WIB
Farm   : 8
Commit : #56
Status : SUCCESS
==========================================


==========================================
Time   : 2026-07-14 19:38:55 WIB
Farm   : 8
Commit : #57
Status : SUCCESS
==========================================


==========================================
Time   : 2026-07-14 21:29:21 WIB
Farm   : 8
Commit : #58
Status : SUCCESS
==========================================


==========================================
Time   : 2026-07-15 00:15:24 WIB
Farm   : 8
Commit : #59
Status : SUCCESS
==========================================


==========================================
Time   : 2026-07-15 01:19:49 WIB
Farm   : 8
Commit : #60
Status : SUCCESS
==========================================


==========================================
Time   : 2026-07-15 02:48:41 WIB
Farm   : 8
Commit : #61
Status : SUCCESS
==========================================


==========================================
Time   : 2026-07-15 03:46:26 WIB
Farm   : 8
Commit : #62
Status : SUCCESS
==========================================


==========================================
Time   : 2026-07-15 07:54:38 WIB
Farm   : 8
Commit : #63
Status : SUCCESS
==========================================


==========================================
Time   : 2026-07-15 15:34:23 WIB
Farm   : 8
Commit : #64
Status : SUCCESS
==========================================


==========================================
Time   : 2026-07-15 18:57:04 WIB
Farm   : 8
Commit : #65
Status : SUCCESS
==========================================


==========================================
Time   : 2026-07-15 20:37:36 WIB
Farm   : 8
Commit : #66
Status : SUCCESS
==========================================


==========================================
Time   : 2026-07-15 23:44:48 WIB
Farm   : 8
Commit : #67
Status : SUCCESS
==========================================


==========================================
Time   : 2026-07-16 02:07:28 WIB
Farm   : 8
Commit : #68
Status : SUCCESS
==========================================


==========================================
Time   : 2026-07-16 03:18:26 WIB
Farm   : 8
Commit : #69
Status : SUCCESS
==========================================


==========================================
Time   : 2026-07-16 04:18:58 WIB
Farm   : 8
Commit : #70
Status : SUCCESS
==========================================


==========================================
Time   : 2026-07-16 05:17:08 WIB
Farm   : 8
Commit : #71
Status : SUCCESS
==========================================


==========================================
Time   : 2026-07-16 06:16:13 WIB
Farm   : 8
Commit : #72
Status : SUCCESS
==========================================


==========================================
Time   : 2026-07-16 10:36:40 WIB
Farm   : 8
Commit : #73
Status : SUCCESS
==========================================


==========================================
Time   : 2026-07-16 15:29:02 WIB
Farm   : 8
Commit : #74
Status : SUCCESS
==========================================


==========================================
Time   : 2026-07-16 19:01:59 WIB
Farm   : 8
Commit : #75
Status : SUCCESS
==========================================


==========================================
Time   : 2026-07-17 01:03:47 WIB
Farm   : 8
Commit : #76
Status : SUCCESS
==========================================


==========================================
Time   : 2026-07-17 02:25:50 WIB
Farm   : 8
Commit : #77
Status : SUCCESS
==========================================


==========================================
Time   : 2026-07-17 03:25:44 WIB
Farm   : 8
Commit : #78
Status : SUCCESS
==========================================


==========================================
Time   : 2026-07-17 04:32:51 WIB
Farm   : 8
Commit : #79
Status : SUCCESS
==========================================


==========================================
Time   : 2026-07-17 05:32:20 WIB
Farm   : 8
Commit : #80
Status : SUCCESS
==========================================


==========================================
Time   : 2026-07-17 18:49:06 WIB
Farm   : 8
Commit : #81
Status : SUCCESS
==========================================


==========================================
Time   : 2026-07-18 00:58:36 WIB
Farm   : 8
Commit : #82
Status : SUCCESS
==========================================


==========================================
Time   : 2026-07-18 02:14:19 WIB
Farm   : 8
Commit : #83
Status : SUCCESS
==========================================


==========================================
Time   : 2026-07-18 03:15:01 WIB
Farm   : 8
Commit : #84
Status : SUCCESS
==========================================


==========================================
Time   : 2026-07-18 04:10:21 WIB
Farm   : 8
Commit : #85
Status : SUCCESS
==========================================


==========================================
Time   : 2026-07-18 05:06:57 WIB
Farm   : 8
Commit : #86
Status : SUCCESS
==========================================


==========================================
Time   : 2026-07-18 12:38:45 WIB
Farm   : 8
Commit : #87
Status : SUCCESS
==========================================


==========================================
Time   : 2026-07-18 16:02:12 WIB
Farm   : 8
Commit : #88
Status : SUCCESS
==========================================


==========================================
Time   : 2026-07-18 18:29:11 WIB
Farm   : 8
Commit : #89
Status : SUCCESS
==========================================


==========================================
Time   : 2026-07-18 19:28:56 WIB
Farm   : 8
Commit : #90
Status : SUCCESS
==========================================


==========================================
Time   : 2026-07-18 21:55:13 WIB
Farm   : 8
Commit : #91
Status : SUCCESS
==========================================


==========================================
Time   : 2026-07-18 22:47:41 WIB
Farm   : 8
Commit : #92
Status : SUCCESS
==========================================


==========================================
Time   : 2026-07-18 23:39:10 WIB
Farm   : 8
Commit : #93
Status : SUCCESS
==========================================


==========================================
Time   : 2026-07-19 00:40:19 WIB
Farm   : 8
Commit : #94
Status : SUCCESS
==========================================


==========================================
Time   : 2026-07-19 01:35:28 WIB
Farm   : 8
Commit : #95
Status : SUCCESS
==========================================


==========================================
Time   : 2026-07-19 02:48:27 WIB
Farm   : 8
Commit : #96
Status : SUCCESS
==========================================


==========================================
Time   : 2026-07-19 03:32:52 WIB
Farm   : 8
Commit : #97
Status : SUCCESS
==========================================


==========================================
Time   : 2026-07-19 04:28:03 WIB
Farm   : 8
Commit : #98
Status : SUCCESS
==========================================


==========================================
Time   : 2026-07-19 05:25:06 WIB
Farm   : 8
Commit : #99
Status : SUCCESS
==========================================


==========================================
Time   : 2026-07-19 06:24:34 WIB
Farm   : 8
Commit : #100
Status : SUCCESS
==========================================


==========================================
Time   : 2026-07-19 13:27:51 WIB
Farm   : 8
Commit : #101
Status : SUCCESS
==========================================


==========================================
Time   : 2026-07-19 15:44:56 WIB
Farm   : 8
Commit : #102
Status : SUCCESS
==========================================


==========================================
Time   : 2026-07-19 17:17:23 WIB
Farm   : 8
Commit : #103
Status : SUCCESS
==========================================


==========================================
Time   : 2026-07-19 21:05:02 WIB
Farm   : 8
Commit : #104
Status : SUCCESS
==========================================


==========================================
Time   : 2026-07-19 22:09:35 WIB
Farm   : 8
Commit : #105
Status : SUCCESS
==========================================


==========================================
Time   : 2026-07-20 01:08:37 WIB
Farm   : 8
Commit : #106
Status : SUCCESS
==========================================


==========================================
Time   : 2026-07-20 03:13:44 WIB
Farm   : 8
Commit : #107
Status : SUCCESS
==========================================


==========================================
Time   : 2026-07-20 05:08:08 WIB
Farm   : 8
Commit : #108
Status : SUCCESS
==========================================


==========================================
Time   : 2026-07-20 06:08:52 WIB
Farm   : 8
Commit : #109
Status : SUCCESS
==========================================


==========================================
Time   : 2026-07-20 07:08:36 WIB
Farm   : 8
Commit : #110
Status : SUCCESS
==========================================


==========================================
Time   : 2026-07-20 11:00:12 WIB
Farm   : 8
Commit : #111
Status : SUCCESS
==========================================


==========================================
Time   : 2026-07-20 13:56:29 WIB
Farm   : 8
Commit : #112
Status : SUCCESS
==========================================


==========================================
Time   : 2026-07-20 16:56:49 WIB
Farm   : 8
Commit : #113
Status : SUCCESS
==========================================


==========================================
Time   : 2026-07-20 19:13:47 WIB
Farm   : 8
Commit : #114
Status : SUCCESS
==========================================


==========================================
Time   : 2026-07-20 21:33:25 WIB
Farm   : 8
Commit : #115
Status : SUCCESS
==========================================


==========================================
Time   : 2026-07-21 01:18:42 WIB
Farm   : 8
Commit : #116
Status : SUCCESS
==========================================


==========================================
Time   : 2026-07-21 03:00:10 WIB
Farm   : 8
Commit : #117
Status : SUCCESS
==========================================


==========================================
Time   : 2026-07-21 04:18:13 WIB
Farm   : 8
Commit : #118
Status : SUCCESS
==========================================


==========================================
Time   : 2026-07-21 05:17:04 WIB
Farm   : 8
Commit : #119
Status : SUCCESS
==========================================


==========================================
Time   : 2026-07-21 06:17:52 WIB
Farm   : 8
Commit : #120
Status : SUCCESS
==========================================


==========================================
Time   : 2026-07-21 07:14:19 WIB
Farm   : 8
Commit : #121
Status : SUCCESS
==========================================


==========================================
Time   : 2026-07-21 16:05:10 WIB
Farm   : 8
Commit : #122
Status : SUCCESS
==========================================


==========================================
Time   : 2026-07-21 18:16:59 WIB
Farm   : 8
Commit : #123
Status : SUCCESS
==========================================


==========================================
Time   : 2026-07-21 19:46:35 WIB
Farm   : 8
Commit : #124
Status : SUCCESS
==========================================


==========================================
Time   : 2026-07-21 23:10:12 WIB
Farm   : 8
Commit : #125
Status : SUCCESS
==========================================


==========================================
Time   : 2026-07-22 01:57:31 WIB
Farm   : 8
Commit : #126
Status : SUCCESS
==========================================


==========================================
Time   : 2026-07-22 03:17:34 WIB
Farm   : 8
Commit : #127
Status : SUCCESS
==========================================


==========================================
Time   : 2026-07-22 04:37:01 WIB
Farm   : 8
Commit : #128
Status : SUCCESS
==========================================


==========================================
Time   : 2026-07-22 06:33:21 WIB
Farm   : 8
Commit : #129
Status : SUCCESS
==========================================


==========================================
Time   : 2026-07-22 08:02:07 WIB
Farm   : 8
Commit : #130
Status : SUCCESS
==========================================


==========================================
Time   : 2026-07-22 11:25:46 WIB
Farm   : 8
Commit : #131
Status : SUCCESS
==========================================


==========================================
Time   : 2026-07-22 14:06:39 WIB
Farm   : 8
Commit : #132
Status : SUCCESS
==========================================


==========================================
Time   : 2026-07-22 16:37:01 WIB
Farm   : 8
Commit : #133
Status : SUCCESS
==========================================


==========================================
Time   : 2026-07-22 18:28:01 WIB
Farm   : 8
Commit : #134
Status : SUCCESS
==========================================


==========================================
Time   : 2026-07-22 22:06:26 WIB
Farm   : 8
Commit : #135
Status : SUCCESS
==========================================


==========================================
Time   : 2026-07-22 23:40:45 WIB
Farm   : 8
Commit : #136
Status : SUCCESS
==========================================


==========================================
Time   : 2026-07-23 00:54:48 WIB
Farm   : 8
Commit : #137
Status : SUCCESS
==========================================


==========================================
Time   : 2026-07-23 01:55:34 WIB
Farm   : 8
Commit : #138
Status : SUCCESS
==========================================


==========================================
Time   : 2026-07-23 03:08:02 WIB
Farm   : 8
Commit : #139
Status : SUCCESS
==========================================


==========================================
Time   : 2026-07-23 04:21:16 WIB
Farm   : 8
Commit : #140
Status : SUCCESS
==========================================


==========================================
Time   : 2026-07-23 05:29:22 WIB
Farm   : 8
Commit : #141
Status : SUCCESS
==========================================


==========================================
Time   : 2026-07-23 06:31:54 WIB
Farm   : 8
Commit : #142
Status : SUCCESS
==========================================


==========================================
Time   : 2026-07-23 08:05:16 WIB
Farm   : 8
Commit : #143
Status : SUCCESS
==========================================


==========================================
Time   : 2026-07-23 11:28:08 WIB
Farm   : 8
Commit : #144
Status : SUCCESS
==========================================


==========================================
Time   : 2026-07-23 14:06:18 WIB
Farm   : 8
Commit : #145
Status : SUCCESS
==========================================


==========================================
Time   : 2026-07-23 19:58:37 WIB
Farm   : 8
Commit : #146
Status : SUCCESS
==========================================


==========================================
Time   : 2026-07-23 22:11:35 WIB
Farm   : 8
Commit : #147
Status : SUCCESS
==========================================


==========================================
Time   : 2026-07-23 23:46:59 WIB
Farm   : 8
Commit : #148
Status : SUCCESS
==========================================


==========================================
Time   : 2026-07-24 02:39:43 WIB
Farm   : 8
Commit : #149
Status : SUCCESS
==========================================


==========================================
Time   : 2026-07-24 03:41:16 WIB
Farm   : 8
Commit : #150
Status : SUCCESS
==========================================


==========================================
Time   : 2026-07-24 04:41:49 WIB
Farm   : 8
Commit : #151
Status : SUCCESS
==========================================


==========================================
Time   : 2026-07-24 05:38:13 WIB
Farm   : 8
Commit : #152
Status : SUCCESS
==========================================


==========================================
Time   : 2026-07-24 06:35:37 WIB
Farm   : 8
Commit : #153
Status : SUCCESS
==========================================


==========================================
Time   : 2026-07-24 08:03:07 WIB
Farm   : 8
Commit : #154
Status : SUCCESS
==========================================


==========================================
Time   : 2026-07-24 11:23:50 WIB
Farm   : 8
Commit : #155
Status : SUCCESS
==========================================


==========================================
Time   : 2026-07-24 13:45:09 WIB
Farm   : 8
Commit : #156
Status : SUCCESS
==========================================


==========================================
Time   : 2026-07-24 16:12:05 WIB
Farm   : 8
Commit : #157
Status : SUCCESS
==========================================


==========================================
Time   : 2026-07-24 18:11:57 WIB
Farm   : 8
Commit : #158
Status : SUCCESS
==========================================


==========================================
Time   : 2026-07-24 19:45:13 WIB
Farm   : 8
Commit : #159
Status : SUCCESS
==========================================


==========================================
Time   : 2026-07-24 21:27:32 WIB
Farm   : 8
Commit : #160
Status : SUCCESS
==========================================


==========================================
Time   : 2026-07-24 22:56:01 WIB
Farm   : 8
Commit : #161
Status : SUCCESS
==========================================


==========================================
Time   : 2026-07-25 00:22:52 WIB
Farm   : 8
Commit : #162
Status : SUCCESS
==========================================


==========================================
Time   : 2026-07-25 01:53:38 WIB
Farm   : 8
Commit : #163
Status : SUCCESS
==========================================


==========================================
Time   : 2026-07-25 03:08:40 WIB
Farm   : 8
Commit : #164
Status : SUCCESS
==========================================


==========================================
Time   : 2026-07-25 04:18:06 WIB
Farm   : 8
Commit : #165
Status : SUCCESS
==========================================


==========================================
Time   : 2026-07-25 06:36:16 WIB
Farm   : 8
Commit : #166
Status : SUCCESS
==========================================


==========================================
Time   : 2026-07-25 11:23:07 WIB
Farm   : 8
Commit : #167
Status : SUCCESS
==========================================


==========================================
Time   : 2026-07-25 13:35:42 WIB
Farm   : 8
Commit : #168
Status : SUCCESS
==========================================


==========================================
Time   : 2026-07-25 22:31:43 WIB
Farm   : 8
Commit : #169
Status : SUCCESS
==========================================


==========================================
Time   : 2026-07-25 23:27:19 WIB
Farm   : 8
Commit : #170
Status : SUCCESS
==========================================


==========================================
Time   : 2026-07-26 00:31:14 WIB
Farm   : 8
Commit : #171
Status : SUCCESS
==========================================


==========================================
Time   : 2026-07-26 01:31:06 WIB
Farm   : 8
Commit : #172
Status : SUCCESS
==========================================


==========================================
Time   : 2026-07-26 04:30:51 WIB
Farm   : 8
Commit : #173
Status : SUCCESS
==========================================


==========================================
Time   : 2026-07-26 05:30:14 WIB
Farm   : 8
Commit : #174
Status : SUCCESS
==========================================


==========================================
Time   : 2026-07-26 06:32:39 WIB
Farm   : 8
Commit : #175
Status : SUCCESS
==========================================


==========================================
Time   : 2026-07-26 08:09:34 WIB
Farm   : 8
Commit : #176
Status : SUCCESS
==========================================


==========================================
Time   : 2026-07-26 11:40:00 WIB
Farm   : 8
Commit : #177
Status : SUCCESS
==========================================


==========================================
Time   : 2026-07-26 14:17:58 WIB
Farm   : 8
Commit : #178
Status : SUCCESS
==========================================


==========================================
Time   : 2026-07-26 19:08:41 WIB
Farm   : 8
Commit : #179
Status : SUCCESS
==========================================


==========================================
Time   : 2026-07-26 20:52:29 WIB
Farm   : 8
Commit : #180
Status : SUCCESS
==========================================


==========================================
Time   : 2026-07-26 21:55:36 WIB
Farm   : 8
Commit : #181
Status : SUCCESS
==========================================


==========================================
Time   : 2026-07-26 22:57:00 WIB
Farm   : 8
Commit : #182
Status : SUCCESS
==========================================


==========================================
Time   : 2026-07-26 23:59:38 WIB
Farm   : 8
Commit : #183
Status : SUCCESS
==========================================


==========================================
Time   : 2026-07-27 01:03:56 WIB
Farm   : 8
Commit : #184
Status : SUCCESS
==========================================


==========================================
Time   : 2026-07-27 02:25:19 WIB
Farm   : 8
Commit : #185
Status : SUCCESS
==========================================


==========================================
Time   : 2026-07-27 03:29:16 WIB
Farm   : 8
Commit : #186
Status : SUCCESS
==========================================


==========================================
Time   : 2026-07-27 04:27:40 WIB
Farm   : 8
Commit : #187
Status : SUCCESS
==========================================


==========================================
Time   : 2026-07-27 06:32:02 WIB
Farm   : 8
Commit : #188
Status : SUCCESS
==========================================


==========================================
Time   : 2026-07-27 15:19:56 WIB
Farm   : 8
Commit : #189
Status : SUCCESS
==========================================


==========================================
Time   : 2026-07-28 01:03:44 WIB
Farm   : 8
Commit : #190
Status : SUCCESS
==========================================


==========================================
Time   : 2026-07-28 06:16:16 WIB
Farm   : 8
Commit : #191
Status : SUCCESS
==========================================


==========================================
Time   : 2026-07-28 07:13:40 WIB
Farm   : 8
Commit : #192
Status : SUCCESS
==========================================


==========================================
Time   : 2026-07-28 10:37:21 WIB
Farm   : 8
Commit : #193
Status : SUCCESS
==========================================


==========================================
Time   : 2026-07-28 13:12:50 WIB
Farm   : 8
Commit : #194
Status : SUCCESS
==========================================


==========================================
Time   : 2026-07-28 16:05:15 WIB
Farm   : 8
Commit : #195
Status : SUCCESS
==========================================


==========================================
Time   : 2026-07-28 22:31:06 WIB
Farm   : 8
Commit : #196
Status : SUCCESS
==========================================


==========================================
Time   : 2026-07-29 01:22:50 WIB
Farm   : 8
Commit : #197
Status : SUCCESS
==========================================


==========================================
Time   : 2026-07-29 04:06:01 WIB
Farm   : 8
Commit : #198
Status : SUCCESS
==========================================


==========================================
Time   : 2026-07-29 05:16:14 WIB
Farm   : 8
Commit : #199
Status : SUCCESS
==========================================


==========================================
Time   : 2026-07-29 10:39:33 WIB
Farm   : 8
Commit : #200
Status : SUCCESS
==========================================


==========================================
Time   : 2026-07-29 13:17:46 WIB
Farm   : 8
Commit : #201
Status : SUCCESS
==========================================


==========================================
Time   : 2026-07-29 16:15:20 WIB
Farm   : 8
Commit : #202
Status : SUCCESS
==========================================


==========================================
Time   : 2026-07-29 18:36:29 WIB
Farm   : 8
Commit : #203
Status : SUCCESS
==========================================


==========================================
Time   : 2026-07-29 20:19:50 WIB
Farm   : 8
Commit : #204
Status : SUCCESS
==========================================


==========================================
Time   : 2026-07-29 23:46:16 WIB
Farm   : 8
Commit : #205
Status : SUCCESS
==========================================


==========================================
Time   : 2026-07-30 00:58:35 WIB
Farm   : 8
Commit : #206
Status : SUCCESS
==========================================


==========================================
Time   : 2026-07-30 02:19:20 WIB
Farm   : 8
Commit : #207
Status : SUCCESS
==========================================


==========================================
Time   : 2026-07-30 03:27:39 WIB
Farm   : 8
Commit : #208
Status : SUCCESS
==========================================


==========================================
Time   : 2026-07-30 04:27:39 WIB
Farm   : 8
Commit : #209
Status : SUCCESS
==========================================


==========================================
Time   : 2026-07-30 05:29:39 WIB
Farm   : 8
Commit : #210
Status : SUCCESS
==========================================


==========================================
Time   : 2026-07-30 06:31:42 WIB
Farm   : 8
Commit : #211
Status : SUCCESS
==========================================


==========================================
Time   : 2026-07-30 07:57:35 WIB
Farm   : 8
Commit : #212
Status : SUCCESS
==========================================


==========================================
Time   : 2026-07-30 10:53:48 WIB
Farm   : 8
Commit : #213
Status : SUCCESS
==========================================


==========================================
Time   : 2026-07-30 16:07:49 WIB
Farm   : 8
Commit : #214
Status : SUCCESS
==========================================


==========================================
Time   : 2026-07-31 06:50:56 WIB
Farm   : 8
Commit : #215
Status : SUCCESS
==========================================


==========================================
Time   : 2026-07-31 08:20:54 WIB
Farm   : 8
Commit : #216
Status : SUCCESS
==========================================


==========================================
Time   : 2026-07-31 17:14:27 WIB
Farm   : 8
Commit : #217
Status : SUCCESS
==========================================


==========================================
Time   : 2026-07-31 19:19:37 WIB
Farm   : 8
Commit : #218
Status : SUCCESS
==========================================


==========================================
Time   : 2026-07-31 21:41:48 WIB
Farm   : 8
Commit : #219
Status : SUCCESS
==========================================


==========================================
Time   : 2026-08-01 00:59:28 WIB
Farm   : 8
Commit : #220
Status : SUCCESS
==========================================


==========================================
Time   : 2026-08-01 02:42:04 WIB
Farm   : 8
Commit : #221
Status : SUCCESS
==========================================


==========================================
Time   : 2026-08-01 04:50:26 WIB
Farm   : 8
Commit : #222
Status : SUCCESS
==========================================


==========================================
Time   : 2026-08-01 08:18:32 WIB
Farm   : 8
Commit : #223
Status : SUCCESS
==========================================


==========================================
Time   : 2026-08-01 11:40:50 WIB
Farm   : 8
Commit : #224
Status : SUCCESS
==========================================


==========================================
Time   : 2026-08-01 14:14:21 WIB
Farm   : 8
Commit : #225
Status : SUCCESS
==========================================


==========================================
Time   : 2026-08-01 16:22:21 WIB
Farm   : 8
Commit : #226
Status : SUCCESS
==========================================


==========================================
Time   : 2026-08-01 18:54:41 WIB
Farm   : 8
Commit : #227
Status : SUCCESS
==========================================


==========================================
Time   : 2026-08-01 20:03:27 WIB
Farm   : 8
Commit : #228
Status : SUCCESS
==========================================


==========================================
Time   : 2026-08-01 21:39:16 WIB
Farm   : 8
Commit : #229
Status : SUCCESS
==========================================


==========================================
Time   : 2026-08-01 22:42:40 WIB
Farm   : 8
Commit : #230
Status : SUCCESS
==========================================


==========================================
Time   : 2026-08-01 23:38:41 WIB
Farm   : 8
Commit : #231
Status : SUCCESS
==========================================


==========================================
Time   : 2026-08-02 00:39:55 WIB
Farm   : 8
Commit : #232
Status : SUCCESS
==========================================


==========================================
Time   : 2026-08-02 01:39:59 WIB
Farm   : 8
Commit : #233
Status : SUCCESS
==========================================


==========================================
Time   : 2026-08-02 02:52:21 WIB
Farm   : 8
Commit : #234
Status : SUCCESS
==========================================


==========================================
Time   : 2026-08-02 03:38:09 WIB
Farm   : 8
Commit : #235
Status : SUCCESS
==========================================


==========================================
Time   : 2026-08-02 06:32:25 WIB
Farm   : 8
Commit : #236
Status : SUCCESS
==========================================


==========================================
Time   : 2026-08-02 14:13:50 WIB
Farm   : 8
Commit : #237
Status : SUCCESS
==========================================


==========================================
Time   : 2026-08-02 16:23:19 WIB
Farm   : 8
Commit : #238
Status : SUCCESS
==========================================


==========================================
Time   : 2026-08-02 17:55:07 WIB
Farm   : 8
Commit : #239
Status : SUCCESS
==========================================


==========================================
Time   : 2026-08-02 18:58:31 WIB
Farm   : 8
Commit : #240
Status : SUCCESS
==========================================


==========================================
Time   : 2026-08-02 20:16:32 WIB
Farm   : 8
Commit : #241
Status : SUCCESS
==========================================


==========================================
Time   : 2026-08-02 21:43:48 WIB
Farm   : 8
Commit : #242
Status : SUCCESS
==========================================


==========================================
Time   : 2026-08-02 22:45:36 WIB
Farm   : 8
Commit : #243
Status : SUCCESS
==========================================


==========================================
Time   : 2026-08-02 23:40:06 WIB
Farm   : 8
Commit : #244
Status : SUCCESS
==========================================


==========================================
Time   : 2026-08-03 00:44:14 WIB
Farm   : 8
Commit : #245
Status : SUCCESS
==========================================


==========================================
Time   : 2026-08-03 01:44:07 WIB
Farm   : 8
Commit : #246
Status : SUCCESS
==========================================


==========================================
Time   : 2026-08-03 02:54:26 WIB
Farm   : 8
Commit : #247
Status : SUCCESS
==========================================


==========================================
Time   : 2026-08-03 03:44:07 WIB
Farm   : 8
Commit : #248
Status : SUCCESS
==========================================


==========================================
Time   : 2026-08-03 04:38:45 WIB
Farm   : 8
Commit : #249
Status : SUCCESS
==========================================


==========================================
Time   : 2026-08-03 05:36:25 WIB
Farm   : 8
Commit : #250
Status : SUCCESS
==========================================


==========================================
Time   : 2026-08-03 06:35:51 WIB
Farm   : 8
Commit : #251
Status : SUCCESS
==========================================


==========================================
Time   : 2026-08-03 21:04:40 WIB
Farm   : 8
Commit : #252
Status : SUCCESS
==========================================


==========================================
Time   : 2026-08-04 04:17:05 WIB
Farm   : 8
Commit : #253
Status : SUCCESS
==========================================


==========================================
Time   : 2026-08-04 05:29:22 WIB
Farm   : 8
Commit : #254
Status : SUCCESS
==========================================


==========================================
Time   : 2026-08-04 18:50:51 WIB
Farm   : 8
Commit : #255
Status : SUCCESS
==========================================


==========================================
Time   : 2026-08-04 22:55:59 WIB
Farm   : 8
Commit : #256
Status : SUCCESS
==========================================


==========================================
Time   : 2026-08-05 00:40:35 WIB
Farm   : 8
Commit : #257
Status : SUCCESS
==========================================


==========================================
Time   : 2026-08-05 03:42:35 WIB
Farm   : 8
Commit : #258
Status : SUCCESS
==========================================


==========================================
Time   : 2026-08-05 04:56:38 WIB
Farm   : 8
Commit : #259
Status : SUCCESS
==========================================


==========================================
Time   : 2026-08-05 06:00:22 WIB
Farm   : 8
Commit : #260
Status : SUCCESS
==========================================


==========================================
Time   : 2026-08-05 07:11:09 WIB
Farm   : 8
Commit : #261
Status : SUCCESS
==========================================


==========================================
Time   : 2026-08-05 10:31:51 WIB
Farm   : 8
Commit : #262
Status : SUCCESS
==========================================


==========================================
Time   : 2026-08-05 13:08:51 WIB
Farm   : 8
Commit : #263
Status : SUCCESS
==========================================


==========================================
Time   : 2026-08-05 15:50:51 WIB
Farm   : 8
Commit : #264
Status : SUCCESS
==========================================


==========================================
Time   : 2026-08-05 18:09:48 WIB
Farm   : 8
Commit : #265
Status : SUCCESS
==========================================


==========================================
Time   : 2026-08-05 20:01:44 WIB
Farm   : 8
Commit : #266
Status : SUCCESS
==========================================


==========================================
Time   : 2026-08-05 22:22:27 WIB
Farm   : 8
Commit : #267
Status : SUCCESS
==========================================


==========================================
Time   : 2026-08-06 01:19:25 WIB
Farm   : 8
Commit : #268
Status : SUCCESS
==========================================


==========================================
Time   : 2026-08-06 02:59:59 WIB
Farm   : 8
Commit : #269
Status : SUCCESS
==========================================


==========================================
Time   : 2026-08-06 04:18:15 WIB
Farm   : 8
Commit : #270
Status : SUCCESS
==========================================


==========================================
Time   : 2026-08-06 05:30:06 WIB
Farm   : 8
Commit : #271
Status : SUCCESS
==========================================


==========================================
Time   : 2026-08-06 06:31:25 WIB
Farm   : 8
Commit : #272
Status : SUCCESS
==========================================


==========================================
Time   : 2026-08-06 07:54:52 WIB
Farm   : 8
Commit : #273
Status : SUCCESS
==========================================


==========================================
Time   : 2026-08-06 11:01:18 WIB
Farm   : 8
Commit : #274
Status : SUCCESS
==========================================


==========================================
Time   : 2026-08-06 13:37:22 WIB
Farm   : 8
Commit : #275
Status : SUCCESS
==========================================


==========================================
Time   : 2026-08-06 16:27:42 WIB
Farm   : 8
Commit : #276
Status : SUCCESS
==========================================


==========================================
Time   : 2026-08-06 18:39:43 WIB
Farm   : 8
Commit : #277
Status : SUCCESS
==========================================


==========================================
Time   : 2026-08-06 22:33:35 WIB
Farm   : 8
Commit : #278
Status : SUCCESS
==========================================


==========================================
Time   : 2026-08-07 10:32:15 WIB
Farm   : 8
Commit : #279
Status : SUCCESS
==========================================


==========================================
Time   : 2026-08-07 12:18:25 WIB
Farm   : 8
Commit : #280
Status : SUCCESS
==========================================


==========================================
Time   : 2026-08-07 14:55:57 WIB
Farm   : 8
Commit : #281
Status : SUCCESS
==========================================


==========================================
Time   : 2026-08-07 15:50:39 WIB
Farm   : 8
Commit : #282
Status : SUCCESS
==========================================


==========================================
Time   : 2026-08-07 16:46:13 WIB
Farm   : 8
Commit : #283
Status : SUCCESS
==========================================


==========================================
Time   : 2026-08-07 17:37:07 WIB
Farm   : 8
Commit : #284
Status : SUCCESS
==========================================


==========================================
Time   : 2026-08-07 20:37:09 WIB
Farm   : 8
Commit : #285
Status : SUCCESS
==========================================


==========================================
Time   : 2026-08-07 21:36:08 WIB
Farm   : 8
Commit : #286
Status : SUCCESS
==========================================


==========================================
Time   : 2026-08-07 22:33:00 WIB
Farm   : 8
Commit : #287
Status : SUCCESS
==========================================


==========================================
Time   : 2026-08-07 23:27:08 WIB
Farm   : 8
Commit : #288
Status : SUCCESS
==========================================


==========================================
Time   : 2026-08-08 00:23:25 WIB
Farm   : 8
Commit : #289
Status : SUCCESS
==========================================


==========================================
Time   : 2026-08-08 01:08:33 WIB
Farm   : 8
Commit : #290
Status : SUCCESS
==========================================


==========================================
Time   : 2026-08-08 02:12:34 WIB
Farm   : 8
Commit : #291
Status : SUCCESS
==========================================


==========================================
Time   : 2026-08-08 03:46:31 WIB
Farm   : 8
Commit : #292
Status : SUCCESS
==========================================


==========================================
Time   : 2026-08-08 04:24:38 WIB
Farm   : 8
Commit : #293
Status : SUCCESS
==========================================


==========================================
Time   : 2026-08-08 05:49:01 WIB
Farm   : 8
Commit : #294
Status : SUCCESS
==========================================


==========================================
Time   : 2026-08-08 06:54:00 WIB
Farm   : 8
Commit : #295
Status : SUCCESS
==========================================


==========================================
Time   : 2026-08-08 09:33:14 WIB
Farm   : 8
Commit : #296
Status : SUCCESS
==========================================


==========================================
Time   : 2026-08-08 11:45:48 WIB
Farm   : 8
Commit : #297
Status : SUCCESS
==========================================


==========================================
Time   : 2026-08-08 13:08:47 WIB
Farm   : 8
Commit : #298
Status : SUCCESS
==========================================


==========================================
Time   : 2026-08-08 14:10:16 WIB
Farm   : 8
Commit : #299
Status : SUCCESS
==========================================


==========================================
Time   : 2026-08-08 14:59:18 WIB
Farm   : 8
Commit : #300
Status : SUCCESS
==========================================


==========================================
Time   : 2026-08-08 15:44:42 WIB
Farm   : 8
Commit : #301
Status : SUCCESS
==========================================


==========================================
Time   : 2026-08-08 16:21:59 WIB
Farm   : 8
Commit : #302
Status : SUCCESS
==========================================


==========================================
Time   : 2026-08-08 18:05:00 WIB
Farm   : 8
Commit : #303
Status : SUCCESS
==========================================


==========================================
Time   : 2026-08-08 19:58:53 WIB
Farm   : 8
Commit : #304
Status : SUCCESS
==========================================


==========================================
Time   : 2026-08-08 20:49:13 WIB
Farm   : 8
Commit : #305
Status : SUCCESS
==========================================


==========================================
Time   : 2026-08-08 21:20:07 WIB
Farm   : 8
Commit : #306
Status : SUCCESS
==========================================


==========================================
Time   : 2026-08-08 22:20:50 WIB
Farm   : 8
Commit : #307
Status : SUCCESS
==========================================


==========================================
Time   : 2026-08-09 01:18:49 WIB
Farm   : 8
Commit : #308
Status : SUCCESS
==========================================


==========================================
Time   : 2026-08-09 02:03:15 WIB
Farm   : 8
Commit : #309
Status : SUCCESS
==========================================


==========================================
Time   : 2026-08-09 02:59:55 WIB
Farm   : 8
Commit : #310
Status : SUCCESS
==========================================


==========================================
Time   : 2026-08-09 03:38:29 WIB
Farm   : 8
Commit : #311
Status : SUCCESS
==========================================


==========================================
Time   : 2026-08-09 04:03:53 WIB
Farm   : 8
Commit : #312
Status : SUCCESS
==========================================


==========================================
Time   : 2026-08-09 05:02:03 WIB
Farm   : 8
Commit : #313
Status : SUCCESS
==========================================


==========================================
Time   : 2026-08-09 05:39:46 WIB
Farm   : 8
Commit : #314
Status : SUCCESS
==========================================


==========================================
Time   : 2026-08-09 06:02:55 WIB
Farm   : 8
Commit : #315
Status : SUCCESS
==========================================


==========================================
Time   : 2026-08-09 06:38:22 WIB
Farm   : 8
Commit : #316
Status : SUCCESS
==========================================

