
==========================================
Time   : 2026-07-08 17:07:23 WIB
Farm   : 6
Commit : #1
Status : SUCCESS
==========================================


==========================================
Time   : 2026-07-08 18:13:16 WIB
Farm   : 6
Commit : #2
Status : SUCCESS
==========================================


==========================================
Time   : 2026-07-08 19:54:19 WIB
Farm   : 6
Commit : #3
Status : SUCCESS
==========================================


==========================================
Time   : 2026-07-08 22:20:30 WIB
Farm   : 6
Commit : #4
Status : SUCCESS
==========================================


==========================================
Time   : 2026-07-08 23:55:28 WIB
Farm   : 6
Commit : #5
Status : SUCCESS
==========================================


==========================================
Time   : 2026-07-09 01:18:50 WIB
Farm   : 6
Commit : #6
Status : SUCCESS
==========================================


==========================================
Time   : 2026-07-09 02:59:54 WIB
Farm   : 6
Commit : #7
Status : SUCCESS
==========================================


==========================================
Time   : 2026-07-09 04:20:07 WIB
Farm   : 6
Commit : #8
Status : SUCCESS
==========================================


==========================================
Time   : 2026-07-09 05:29:23 WIB
Farm   : 6
Commit : #9
Status : SUCCESS
==========================================


==========================================
Time   : 2026-07-09 06:41:13 WIB
Farm   : 6
Commit : #10
Status : SUCCESS
==========================================


==========================================
Time   : 2026-07-09 08:18:11 WIB
Farm   : 6
Commit : #11
Status : SUCCESS
==========================================


==========================================
Time   : 2026-07-09 12:13:07 WIB
Farm   : 6
Commit : #12
Status : SUCCESS
==========================================


==========================================
Time   : 2026-07-09 18:45:02 WIB
Farm   : 6
Commit : #13
Status : SUCCESS
==========================================


==========================================
Time   : 2026-07-09 21:17:26 WIB
Farm   : 6
Commit : #14
Status : SUCCESS
==========================================


==========================================
Time   : 2026-07-09 23:46:44 WIB
Farm   : 6
Commit : #15
Status : SUCCESS
==========================================


==========================================
Time   : 2026-07-10 01:32:56 WIB
Farm   : 6
Commit : #16
Status : SUCCESS
==========================================


==========================================
Time   : 2026-07-10 05:03:51 WIB
Farm   : 6
Commit : #17
Status : SUCCESS
==========================================


==========================================
Time   : 2026-07-10 06:34:44 WIB
Farm   : 6
Commit : #18
Status : SUCCESS
==========================================


==========================================
Time   : 2026-07-10 08:14:54 WIB
Farm   : 6
Commit : #19
Status : SUCCESS
==========================================


==========================================
Time   : 2026-07-10 12:10:33 WIB
Farm   : 6
Commit : #20
Status : SUCCESS
==========================================


==========================================
Time   : 2026-07-10 15:42:32 WIB
Farm   : 6
Commit : #21
Status : SUCCESS
==========================================


==========================================
Time   : 2026-07-10 18:36:57 WIB
Farm   : 6
Commit : #22
Status : SUCCESS
==========================================


==========================================
Time   : 2026-07-10 20:33:09 WIB
Farm   : 6
Commit : #23
Status : SUCCESS
==========================================


==========================================
Time   : 2026-07-10 23:02:03 WIB
Farm   : 6
Commit : #24
Status : SUCCESS
==========================================


==========================================
Time   : 2026-07-11 00:58:25 WIB
Farm   : 6
Commit : #25
Status : SUCCESS
==========================================


==========================================
Time   : 2026-07-11 02:44:17 WIB
Farm   : 6
Commit : #26
Status : SUCCESS
==========================================


==========================================
Time   : 2026-07-11 03:54:34 WIB
Farm   : 6
Commit : #27
Status : SUCCESS
==========================================


==========================================
Time   : 2026-07-11 05:05:23 WIB
Farm   : 6
Commit : #28
Status : SUCCESS
==========================================


==========================================
Time   : 2026-07-11 06:12:00 WIB
Farm   : 6
Commit : #29
Status : SUCCESS
==========================================


==========================================
Time   : 2026-07-11 07:11:56 WIB
Farm   : 6
Commit : #30
Status : SUCCESS
==========================================


==========================================
Time   : 2026-07-11 10:44:56 WIB
Farm   : 6
Commit : #31
Status : SUCCESS
==========================================


==========================================
Time   : 2026-07-11 13:02:33 WIB
Farm   : 6
Commit : #32
Status : SUCCESS
==========================================


==========================================
Time   : 2026-07-11 15:10:38 WIB
Farm   : 6
Commit : #33
Status : SUCCESS
==========================================


==========================================
Time   : 2026-07-11 16:49:38 WIB
Farm   : 6
Commit : #34
Status : SUCCESS
==========================================


==========================================
Time   : 2026-07-11 18:40:12 WIB
Farm   : 6
Commit : #35
Status : SUCCESS
==========================================


==========================================
Time   : 2026-07-11 19:40:42 WIB
Farm   : 6
Commit : #36
Status : SUCCESS
==========================================


==========================================
Time   : 2026-07-11 22:19:21 WIB
Farm   : 6
Commit : #37
Status : SUCCESS
==========================================


==========================================
Time   : 2026-07-11 23:13:46 WIB
Farm   : 6
Commit : #38
Status : SUCCESS
==========================================


==========================================
Time   : 2026-07-12 00:19:22 WIB
Farm   : 6
Commit : #39
Status : SUCCESS
==========================================


==========================================
Time   : 2026-07-12 01:13:07 WIB
Farm   : 6
Commit : #40
Status : SUCCESS
==========================================


==========================================
Time   : 2026-07-12 02:33:43 WIB
Farm   : 6
Commit : #41
Status : SUCCESS
==========================================


==========================================
Time   : 2026-07-12 03:26:45 WIB
Farm   : 6
Commit : #42
Status : SUCCESS
==========================================


==========================================
Time   : 2026-07-12 04:25:49 WIB
Farm   : 6
Commit : #43
Status : SUCCESS
==========================================


==========================================
Time   : 2026-07-12 05:23:25 WIB
Farm   : 6
Commit : #44
Status : SUCCESS
==========================================


==========================================
Time   : 2026-07-12 08:04:53 WIB
Farm   : 6
Commit : #45
Status : SUCCESS
==========================================


==========================================
Time   : 2026-07-12 16:20:38 WIB
Farm   : 6
Commit : #46
Status : SUCCESS
==========================================


==========================================
Time   : 2026-07-12 17:48:42 WIB
Farm   : 6
Commit : #47
Status : SUCCESS
==========================================


==========================================
Time   : 2026-07-12 18:49:24 WIB
Farm   : 6
Commit : #48
Status : SUCCESS
==========================================


==========================================
Time   : 2026-07-13 00:38:32 WIB
Farm   : 6
Commit : #49
Status : SUCCESS
==========================================


==========================================
Time   : 2026-07-13 01:37:29 WIB
Farm   : 6
Commit : #50
Status : SUCCESS
==========================================


==========================================
Time   : 2026-07-13 03:34:47 WIB
Farm   : 6
Commit : #51
Status : SUCCESS
==========================================


==========================================
Time   : 2026-07-13 14:58:40 WIB
Farm   : 6
Commit : #52
Status : SUCCESS
==========================================


==========================================
Time   : 2026-07-13 18:23:30 WIB
Farm   : 6
Commit : #53
Status : SUCCESS
==========================================


==========================================
Time   : 2026-07-13 20:33:55 WIB
Farm   : 6
Commit : #54
Status : SUCCESS
==========================================


==========================================
Time   : 2026-07-14 02:47:53 WIB
Farm   : 6
Commit : #55
Status : SUCCESS
==========================================


==========================================
Time   : 2026-07-14 05:38:59 WIB
Farm   : 6
Commit : #56
Status : SUCCESS
==========================================


==========================================
Time   : 2026-07-14 11:13:40 WIB
Farm   : 6
Commit : #57
Status : SUCCESS
==========================================


==========================================
Time   : 2026-07-14 13:27:30 WIB
Farm   : 6
Commit : #58
Status : SUCCESS
==========================================


==========================================
Time   : 2026-07-14 15:39:28 WIB
Farm   : 6
Commit : #59
Status : SUCCESS
==========================================


==========================================
Time   : 2026-07-14 18:53:24 WIB
Farm   : 6
Commit : #60
Status : SUCCESS
==========================================


==========================================
Time   : 2026-07-14 20:40:03 WIB
Farm   : 6
Commit : #61
Status : SUCCESS
==========================================


==========================================
Time   : 2026-07-14 22:12:42 WIB
Farm   : 6
Commit : #62
Status : SUCCESS
==========================================


==========================================
Time   : 2026-07-14 23:39:41 WIB
Farm   : 6
Commit : #63
Status : SUCCESS
==========================================


==========================================
Time   : 2026-07-15 00:49:30 WIB
Farm   : 6
Commit : #64
Status : SUCCESS
==========================================


==========================================
Time   : 2026-07-15 01:54:47 WIB
Farm   : 6
Commit : #65
Status : SUCCESS
==========================================


==========================================
Time   : 2026-07-15 03:13:49 WIB
Farm   : 6
Commit : #66
Status : SUCCESS
==========================================


==========================================
Time   : 2026-07-15 04:17:01 WIB
Farm   : 6
Commit : #67
Status : SUCCESS
==========================================


==========================================
Time   : 2026-07-15 05:27:27 WIB
Farm   : 6
Commit : #68
Status : SUCCESS
==========================================


==========================================
Time   : 2026-07-15 06:27:44 WIB
Farm   : 6
Commit : #69
Status : SUCCESS
==========================================


==========================================
Time   : 2026-07-15 07:52:58 WIB
Farm   : 6
Commit : #70
Status : SUCCESS
==========================================


==========================================
Time   : 2026-07-15 13:16:58 WIB
Farm   : 6
Commit : #71
Status : SUCCESS
==========================================


==========================================
Time   : 2026-07-15 15:39:03 WIB
Farm   : 6
Commit : #72
Status : SUCCESS
==========================================


==========================================
Time   : 2026-07-15 17:28:59 WIB
Farm   : 6
Commit : #73
Status : SUCCESS
==========================================


==========================================
Time   : 2026-07-15 19:03:46 WIB
Farm   : 6
Commit : #74
Status : SUCCESS
==========================================


==========================================
Time   : 2026-07-15 21:04:56 WIB
Farm   : 6
Commit : #75
Status : SUCCESS
==========================================


==========================================
Time   : 2026-07-15 22:47:50 WIB
Farm   : 6
Commit : #76
Status : SUCCESS
==========================================


==========================================
Time   : 2026-07-15 23:59:39 WIB
Farm   : 6
Commit : #77
Status : SUCCESS
==========================================


==========================================
Time   : 2026-07-16 01:16:06 WIB
Farm   : 6
Commit : #78
Status : SUCCESS
==========================================


==========================================
Time   : 2026-07-16 03:42:28 WIB
Farm   : 6
Commit : #79
Status : SUCCESS
==========================================


==========================================
Time   : 2026-07-16 04:41:15 WIB
Farm   : 6
Commit : #80
Status : SUCCESS
==========================================


==========================================
Time   : 2026-07-16 05:41:51 WIB
Farm   : 6
Commit : #81
Status : SUCCESS
==========================================


==========================================
Time   : 2026-07-16 14:01:26 WIB
Farm   : 6
Commit : #82
Status : SUCCESS
==========================================


==========================================
Time   : 2026-07-16 16:23:12 WIB
Farm   : 6
Commit : #83
Status : SUCCESS
==========================================


==========================================
Time   : 2026-07-16 18:15:49 WIB
Farm   : 6
Commit : #84
Status : SUCCESS
==========================================


==========================================
Time   : 2026-07-16 19:54:54 WIB
Farm   : 6
Commit : #85
Status : SUCCESS
==========================================


==========================================
Time   : 2026-07-16 22:02:30 WIB
Farm   : 6
Commit : #86
Status : SUCCESS
==========================================


==========================================
Time   : 2026-07-16 23:39:00 WIB
Farm   : 6
Commit : #87
Status : SUCCESS
==========================================


==========================================
Time   : 2026-07-17 00:51:19 WIB
Farm   : 6
Commit : #88
Status : SUCCESS
==========================================


==========================================
Time   : 2026-07-17 01:57:02 WIB
Farm   : 6
Commit : #89
Status : SUCCESS
==========================================


==========================================
Time   : 2026-07-17 03:07:39 WIB
Farm   : 6
Commit : #90
Status : SUCCESS
==========================================


==========================================
Time   : 2026-07-17 05:18:04 WIB
Farm   : 6
Commit : #91
Status : SUCCESS
==========================================


==========================================
Time   : 2026-07-17 06:15:19 WIB
Farm   : 6
Commit : #92
Status : SUCCESS
==========================================


==========================================
Time   : 2026-07-17 07:14:59 WIB
Farm   : 6
Commit : #93
Status : SUCCESS
==========================================


==========================================
Time   : 2026-07-17 10:43:05 WIB
Farm   : 6
Commit : #94
Status : SUCCESS
==========================================


==========================================
Time   : 2026-07-17 13:05:52 WIB
Farm   : 6
Commit : #95
Status : SUCCESS
==========================================


==========================================
Time   : 2026-07-17 15:26:16 WIB
Farm   : 6
Commit : #96
Status : SUCCESS
==========================================


==========================================
Time   : 2026-07-17 17:19:49 WIB
Farm   : 6
Commit : #97
Status : SUCCESS
==========================================


==========================================
Time   : 2026-07-17 18:46:29 WIB
Farm   : 6
Commit : #98
Status : SUCCESS
==========================================


==========================================
Time   : 2026-07-17 19:51:55 WIB
Farm   : 6
Commit : #99
Status : SUCCESS
==========================================


==========================================
Time   : 2026-07-17 21:27:52 WIB
Farm   : 6
Commit : #100
Status : SUCCESS
==========================================


==========================================
Time   : 2026-07-17 22:59:44 WIB
Farm   : 6
Commit : #101
Status : SUCCESS
==========================================


==========================================
Time   : 2026-07-18 00:21:08 WIB
Farm   : 6
Commit : #102
Status : SUCCESS
==========================================


==========================================
Time   : 2026-07-18 01:31:05 WIB
Farm   : 6
Commit : #103
Status : SUCCESS
==========================================


==========================================
Time   : 2026-07-18 02:42:59 WIB
Farm   : 6
Commit : #104
Status : SUCCESS
==========================================


==========================================
Time   : 2026-07-18 03:36:34 WIB
Farm   : 6
Commit : #105
Status : SUCCESS
==========================================


==========================================
Time   : 2026-07-18 04:32:19 WIB
Farm   : 6
Commit : #106
Status : SUCCESS
==========================================


==========================================
Time   : 2026-07-18 05:28:23 WIB
Farm   : 6
Commit : #107
Status : SUCCESS
==========================================


==========================================
Time   : 2026-07-18 06:28:49 WIB
Farm   : 6
Commit : #108
Status : SUCCESS
==========================================


==========================================
Time   : 2026-07-18 13:17:51 WIB
Farm   : 6
Commit : #109
Status : SUCCESS
==========================================


==========================================
Time   : 2026-07-18 18:52:14 WIB
Farm   : 6
Commit : #110
Status : SUCCESS
==========================================


==========================================
Time   : 2026-07-18 19:55:32 WIB
Farm   : 6
Commit : #111
Status : SUCCESS
==========================================


==========================================
Time   : 2026-07-18 21:20:16 WIB
Farm   : 6
Commit : #112
Status : SUCCESS
==========================================


==========================================
Time   : 2026-07-18 22:27:20 WIB
Farm   : 6
Commit : #113
Status : SUCCESS
==========================================


==========================================
Time   : 2026-07-18 23:29:04 WIB
Farm   : 6
Commit : #114
Status : SUCCESS
==========================================


==========================================
Time   : 2026-07-19 00:34:08 WIB
Farm   : 6
Commit : #115
Status : SUCCESS
==========================================


==========================================
Time   : 2026-07-19 01:33:52 WIB
Farm   : 6
Commit : #116
Status : SUCCESS
==========================================


==========================================
Time   : 2026-07-19 03:33:31 WIB
Farm   : 6
Commit : #117
Status : SUCCESS
==========================================


==========================================
Time   : 2026-07-19 05:28:46 WIB
Farm   : 6
Commit : #118
Status : SUCCESS
==========================================


==========================================
Time   : 2026-07-19 06:31:10 WIB
Farm   : 6
Commit : #119
Status : SUCCESS
==========================================


==========================================
Time   : 2026-07-19 08:06:36 WIB
Farm   : 6
Commit : #120
Status : SUCCESS
==========================================


==========================================
Time   : 2026-07-19 14:10:24 WIB
Farm   : 6
Commit : #121
Status : SUCCESS
==========================================


==========================================
Time   : 2026-07-19 16:17:40 WIB
Farm   : 6
Commit : #122
Status : SUCCESS
==========================================


==========================================
Time   : 2026-07-19 17:48:09 WIB
Farm   : 6
Commit : #123
Status : SUCCESS
==========================================


==========================================
Time   : 2026-07-19 18:47:03 WIB
Farm   : 6
Commit : #124
Status : SUCCESS
==========================================


==========================================
Time   : 2026-07-19 19:40:23 WIB
Farm   : 6
Commit : #125
Status : SUCCESS
==========================================


==========================================
Time   : 2026-07-19 21:13:23 WIB
Farm   : 6
Commit : #126
Status : SUCCESS
==========================================


==========================================
Time   : 2026-07-19 22:17:08 WIB
Farm   : 6
Commit : #127
Status : SUCCESS
==========================================


==========================================
Time   : 2026-07-19 23:16:36 WIB
Farm   : 6
Commit : #128
Status : SUCCESS
==========================================


==========================================
Time   : 2026-07-20 00:28:00 WIB
Farm   : 6
Commit : #129
Status : SUCCESS
==========================================


==========================================
Time   : 2026-07-20 01:31:52 WIB
Farm   : 6
Commit : #130
Status : SUCCESS
==========================================


==========================================
Time   : 2026-07-20 02:48:35 WIB
Farm   : 6
Commit : #131
Status : SUCCESS
==========================================


==========================================
Time   : 2026-07-20 03:35:06 WIB
Farm   : 6
Commit : #132
Status : SUCCESS
==========================================


==========================================
Time   : 2026-07-20 05:30:17 WIB
Farm   : 6
Commit : #133
Status : SUCCESS
==========================================


==========================================
Time   : 2026-07-20 06:33:59 WIB
Farm   : 6
Commit : #134
Status : SUCCESS
==========================================


==========================================
Time   : 2026-07-20 08:09:54 WIB
Farm   : 6
Commit : #135
Status : SUCCESS
==========================================


==========================================
Time   : 2026-07-20 14:56:11 WIB
Farm   : 6
Commit : #136
Status : SUCCESS
==========================================


==========================================
Time   : 2026-07-20 17:55:46 WIB
Farm   : 6
Commit : #137
Status : SUCCESS
==========================================


==========================================
Time   : 2026-07-20 20:07:00 WIB
Farm   : 6
Commit : #138
Status : SUCCESS
==========================================


==========================================
Time   : 2026-07-20 22:19:50 WIB
Farm   : 6
Commit : #139
Status : SUCCESS
==========================================


==========================================
Time   : 2026-07-20 23:49:27 WIB
Farm   : 6
Commit : #140
Status : SUCCESS
==========================================


==========================================
Time   : 2026-07-21 01:46:26 WIB
Farm   : 6
Commit : #141
Status : SUCCESS
==========================================


==========================================
Time   : 2026-07-21 03:14:24 WIB
Farm   : 6
Commit : #142
Status : SUCCESS
==========================================


==========================================
Time   : 2026-07-21 04:35:55 WIB
Farm   : 6
Commit : #143
Status : SUCCESS
==========================================


==========================================
Time   : 2026-07-21 05:37:07 WIB
Farm   : 6
Commit : #144
Status : SUCCESS
==========================================


==========================================
Time   : 2026-07-21 08:07:48 WIB
Farm   : 6
Commit : #145
Status : SUCCESS
==========================================


==========================================
Time   : 2026-07-21 11:31:07 WIB
Farm   : 6
Commit : #146
Status : SUCCESS
==========================================


==========================================
Time   : 2026-07-21 23:45:16 WIB
Farm   : 6
Commit : #147
Status : SUCCESS
==========================================


==========================================
Time   : 2026-07-22 01:03:23 WIB
Farm   : 6
Commit : #148
Status : SUCCESS
==========================================


==========================================
Time   : 2026-07-22 05:01:48 WIB
Farm   : 6
Commit : #149
Status : SUCCESS
==========================================


==========================================
Time   : 2026-07-22 06:08:45 WIB
Farm   : 6
Commit : #150
Status : SUCCESS
==========================================


==========================================
Time   : 2026-07-22 10:42:16 WIB
Farm   : 6
Commit : #151
Status : SUCCESS
==========================================


==========================================
Time   : 2026-07-22 16:03:45 WIB
Farm   : 6
Commit : #152
Status : SUCCESS
==========================================


==========================================
Time   : 2026-07-22 18:16:18 WIB
Farm   : 6
Commit : #153
Status : SUCCESS
==========================================


==========================================
Time   : 2026-07-22 21:53:11 WIB
Farm   : 6
Commit : #154
Status : SUCCESS
==========================================


==========================================
Time   : 2026-07-22 23:17:33 WIB
Farm   : 6
Commit : #155
Status : SUCCESS
==========================================


==========================================
Time   : 2026-07-23 00:46:35 WIB
Farm   : 6
Commit : #156
Status : SUCCESS
==========================================


==========================================
Time   : 2026-07-23 01:50:41 WIB
Farm   : 6
Commit : #157
Status : SUCCESS
==========================================


==========================================
Time   : 2026-07-23 03:05:06 WIB
Farm   : 6
Commit : #158
Status : SUCCESS
==========================================


==========================================
Time   : 2026-07-23 05:31:24 WIB
Farm   : 6
Commit : #159
Status : SUCCESS
==========================================


==========================================
Time   : 2026-07-23 06:34:21 WIB
Farm   : 6
Commit : #160
Status : SUCCESS
==========================================


==========================================
Time   : 2026-07-23 11:33:59 WIB
Farm   : 6
Commit : #161
Status : SUCCESS
==========================================


==========================================
Time   : 2026-07-23 14:15:11 WIB
Farm   : 6
Commit : #162
Status : SUCCESS
==========================================


==========================================
Time   : 2026-07-23 16:40:01 WIB
Farm   : 6
Commit : #163
Status : SUCCESS
==========================================


==========================================
Time   : 2026-07-23 20:11:41 WIB
Farm   : 6
Commit : #164
Status : SUCCESS
==========================================


==========================================
Time   : 2026-07-23 22:26:50 WIB
Farm   : 6
Commit : #165
Status : SUCCESS
==========================================


==========================================
Time   : 2026-07-23 23:58:56 WIB
Farm   : 6
Commit : #166
Status : SUCCESS
==========================================


==========================================
Time   : 2026-07-24 01:18:43 WIB
Farm   : 6
Commit : #167
Status : SUCCESS
==========================================


==========================================
Time   : 2026-07-24 02:51:29 WIB
Farm   : 6
Commit : #168
Status : SUCCESS
==========================================


==========================================
Time   : 2026-07-24 03:55:40 WIB
Farm   : 6
Commit : #169
Status : SUCCESS
==========================================


==========================================
Time   : 2026-07-24 05:04:00 WIB
Farm   : 6
Commit : #170
Status : SUCCESS
==========================================


==========================================
Time   : 2026-07-24 06:09:57 WIB
Farm   : 6
Commit : #171
Status : SUCCESS
==========================================


==========================================
Time   : 2026-07-24 15:46:36 WIB
Farm   : 6
Commit : #172
Status : SUCCESS
==========================================


==========================================
Time   : 2026-07-24 17:50:12 WIB
Farm   : 6
Commit : #173
Status : SUCCESS
==========================================


==========================================
Time   : 2026-07-24 19:13:30 WIB
Farm   : 6
Commit : #174
Status : SUCCESS
==========================================


==========================================
Time   : 2026-07-24 21:16:14 WIB
Farm   : 6
Commit : #175
Status : SUCCESS
==========================================


==========================================
Time   : 2026-07-24 22:48:30 WIB
Farm   : 6
Commit : #176
Status : SUCCESS
==========================================


==========================================
Time   : 2026-07-25 00:16:43 WIB
Farm   : 6
Commit : #177
Status : SUCCESS
==========================================


==========================================
Time   : 2026-07-25 01:50:49 WIB
Farm   : 6
Commit : #178
Status : SUCCESS
==========================================


==========================================
Time   : 2026-07-25 03:11:15 WIB
Farm   : 6
Commit : #179
Status : SUCCESS
==========================================


==========================================
Time   : 2026-07-25 04:30:02 WIB
Farm   : 6
Commit : #180
Status : SUCCESS
==========================================


==========================================
Time   : 2026-07-25 06:42:53 WIB
Farm   : 6
Commit : #181
Status : SUCCESS
==========================================


==========================================
Time   : 2026-07-25 08:12:58 WIB
Farm   : 6
Commit : #182
Status : SUCCESS
==========================================


==========================================
Time   : 2026-07-25 14:00:18 WIB
Farm   : 6
Commit : #183
Status : SUCCESS
==========================================


==========================================
Time   : 2026-07-25 16:07:58 WIB
Farm   : 6
Commit : #184
Status : SUCCESS
==========================================


==========================================
Time   : 2026-07-25 17:43:12 WIB
Farm   : 6
Commit : #185
Status : SUCCESS
==========================================


==========================================
Time   : 2026-07-25 18:51:00 WIB
Farm   : 6
Commit : #186
Status : SUCCESS
==========================================


==========================================
Time   : 2026-07-25 20:04:46 WIB
Farm   : 6
Commit : #187
Status : SUCCESS
==========================================


==========================================
Time   : 2026-07-25 21:41:28 WIB
Farm   : 6
Commit : #188
Status : SUCCESS
==========================================


==========================================
Time   : 2026-07-25 22:47:52 WIB
Farm   : 6
Commit : #189
Status : SUCCESS
==========================================


==========================================
Time   : 2026-07-25 23:39:29 WIB
Farm   : 6
Commit : #190
Status : SUCCESS
==========================================


==========================================
Time   : 2026-07-26 00:43:38 WIB
Farm   : 6
Commit : #191
Status : SUCCESS
==========================================


==========================================
Time   : 2026-07-26 01:42:08 WIB
Farm   : 6
Commit : #192
Status : SUCCESS
==========================================


==========================================
Time   : 2026-07-26 02:58:38 WIB
Farm   : 6
Commit : #193
Status : SUCCESS
==========================================


==========================================
Time   : 2026-07-26 04:03:17 WIB
Farm   : 6
Commit : #194
Status : SUCCESS
==========================================


==========================================
Time   : 2026-07-26 05:07:10 WIB
Farm   : 6
Commit : #195
Status : SUCCESS
==========================================


==========================================
Time   : 2026-07-26 06:10:31 WIB
Farm   : 6
Commit : #196
Status : SUCCESS
==========================================


==========================================
Time   : 2026-07-26 07:12:51 WIB
Farm   : 6
Commit : #197
Status : SUCCESS
==========================================


==========================================
Time   : 2026-07-26 10:59:19 WIB
Farm   : 6
Commit : #198
Status : SUCCESS
==========================================


==========================================
Time   : 2026-07-26 13:44:59 WIB
Farm   : 6
Commit : #199
Status : SUCCESS
==========================================


==========================================
Time   : 2026-07-26 16:03:20 WIB
Farm   : 6
Commit : #200
Status : SUCCESS
==========================================


==========================================
Time   : 2026-07-26 17:50:18 WIB
Farm   : 6
Commit : #201
Status : SUCCESS
==========================================


==========================================
Time   : 2026-07-26 18:54:27 WIB
Farm   : 6
Commit : #202
Status : SUCCESS
==========================================


==========================================
Time   : 2026-07-26 20:18:42 WIB
Farm   : 6
Commit : #203
Status : SUCCESS
==========================================


==========================================
Time   : 2026-07-26 21:46:45 WIB
Farm   : 6
Commit : #204
Status : SUCCESS
==========================================


==========================================
Time   : 2026-07-26 22:48:30 WIB
Farm   : 6
Commit : #205
Status : SUCCESS
==========================================


==========================================
Time   : 2026-07-27 00:46:17 WIB
Farm   : 6
Commit : #206
Status : SUCCESS
==========================================


==========================================
Time   : 2026-07-27 01:46:30 WIB
Farm   : 6
Commit : #207
Status : SUCCESS
==========================================


==========================================
Time   : 2026-07-27 03:00:09 WIB
Farm   : 6
Commit : #208
Status : SUCCESS
==========================================


==========================================
Time   : 2026-07-27 04:07:35 WIB
Farm   : 6
Commit : #209
Status : SUCCESS
==========================================


==========================================
Time   : 2026-07-27 05:10:57 WIB
Farm   : 6
Commit : #210
Status : SUCCESS
==========================================


==========================================
Time   : 2026-07-27 06:13:57 WIB
Farm   : 6
Commit : #211
Status : SUCCESS
==========================================


==========================================
Time   : 2026-07-27 07:15:05 WIB
Farm   : 6
Commit : #212
Status : SUCCESS
==========================================


==========================================
Time   : 2026-07-27 11:08:22 WIB
Farm   : 6
Commit : #213
Status : SUCCESS
==========================================


==========================================
Time   : 2026-07-27 14:49:50 WIB
Farm   : 6
Commit : #214
Status : SUCCESS
==========================================


==========================================
Time   : 2026-07-27 17:58:38 WIB
Farm   : 6
Commit : #215
Status : SUCCESS
==========================================


==========================================
Time   : 2026-07-27 20:43:05 WIB
Farm   : 6
Commit : #216
Status : SUCCESS
==========================================


==========================================
Time   : 2026-07-27 23:03:46 WIB
Farm   : 6
Commit : #217
Status : SUCCESS
==========================================


==========================================
Time   : 2026-07-28 02:19:06 WIB
Farm   : 6
Commit : #218
Status : SUCCESS
==========================================


==========================================
Time   : 2026-07-28 03:49:24 WIB
Farm   : 6
Commit : #219
Status : SUCCESS
==========================================


==========================================
Time   : 2026-07-28 04:53:33 WIB
Farm   : 6
Commit : #220
Status : SUCCESS
==========================================


==========================================
Time   : 2026-07-28 05:58:25 WIB
Farm   : 6
Commit : #221
Status : SUCCESS
==========================================


==========================================
Time   : 2026-07-28 10:35:25 WIB
Farm   : 6
Commit : #222
Status : SUCCESS
==========================================


==========================================
Time   : 2026-07-28 16:07:15 WIB
Farm   : 6
Commit : #223
Status : SUCCESS
==========================================


==========================================
Time   : 2026-07-28 18:27:41 WIB
Farm   : 6
Commit : #224
Status : SUCCESS
==========================================


==========================================
Time   : 2026-07-28 20:13:13 WIB
Farm   : 6
Commit : #225
Status : SUCCESS
==========================================


==========================================
Time   : 2026-07-28 22:36:45 WIB
Farm   : 6
Commit : #226
Status : SUCCESS
==========================================


==========================================
Time   : 2026-07-29 01:44:32 WIB
Farm   : 6
Commit : #227
Status : SUCCESS
==========================================


==========================================
Time   : 2026-07-29 04:31:21 WIB
Farm   : 6
Commit : #228
Status : SUCCESS
==========================================


==========================================
Time   : 2026-07-29 19:18:34 WIB
Farm   : 6
Commit : #229
Status : SUCCESS
==========================================


==========================================
Time   : 2026-07-30 00:38:32 WIB
Farm   : 6
Commit : #230
Status : SUCCESS
==========================================


==========================================
Time   : 2026-07-30 01:41:05 WIB
Farm   : 6
Commit : #231
Status : SUCCESS
==========================================


==========================================
Time   : 2026-07-30 06:17:27 WIB
Farm   : 6
Commit : #232
Status : SUCCESS
==========================================


==========================================
Time   : 2026-07-30 07:15:31 WIB
Farm   : 6
Commit : #233
Status : SUCCESS
==========================================


==========================================
Time   : 2026-07-30 10:37:42 WIB
Farm   : 6
Commit : #234
Status : SUCCESS
==========================================


==========================================
Time   : 2026-07-30 13:11:30 WIB
Farm   : 6
Commit : #235
Status : SUCCESS
==========================================


==========================================
Time   : 2026-07-30 16:04:47 WIB
Farm   : 6
Commit : #236
Status : SUCCESS
==========================================


==========================================
Time   : 2026-07-30 19:57:38 WIB
Farm   : 6
Commit : #237
Status : SUCCESS
==========================================


==========================================
Time   : 2026-07-30 22:18:36 WIB
Farm   : 6
Commit : #238
Status : SUCCESS
==========================================


==========================================
Time   : 2026-07-30 23:55:32 WIB
Farm   : 6
Commit : #239
Status : SUCCESS
==========================================


==========================================
Time   : 2026-07-31 01:17:13 WIB
Farm   : 6
Commit : #240
Status : SUCCESS
==========================================


==========================================
Time   : 2026-07-31 02:58:16 WIB
Farm   : 6
Commit : #241
Status : SUCCESS
==========================================


==========================================
Time   : 2026-07-31 04:18:33 WIB
Farm   : 6
Commit : #242
Status : SUCCESS
==========================================


==========================================
Time   : 2026-07-31 05:31:58 WIB
Farm   : 6
Commit : #243
Status : SUCCESS
==========================================


==========================================
Time   : 2026-07-31 06:36:06 WIB
Farm   : 6
Commit : #244
Status : SUCCESS
==========================================


==========================================
Time   : 2026-07-31 08:10:50 WIB
Farm   : 6
Commit : #245
Status : SUCCESS
==========================================


==========================================
Time   : 2026-07-31 11:43:59 WIB
Farm   : 6
Commit : #246
Status : SUCCESS
==========================================


==========================================
Time   : 2026-07-31 17:17:15 WIB
Farm   : 6
Commit : #247
Status : SUCCESS
==========================================


==========================================
Time   : 2026-07-31 19:22:54 WIB
Farm   : 6
Commit : #248
Status : SUCCESS
==========================================


==========================================
Time   : 2026-07-31 21:56:17 WIB
Farm   : 6
Commit : #249
Status : SUCCESS
==========================================


==========================================
Time   : 2026-07-31 23:49:47 WIB
Farm   : 6
Commit : #250
Status : SUCCESS
==========================================


==========================================
Time   : 2026-08-01 01:12:23 WIB
Farm   : 6
Commit : #251
Status : SUCCESS
==========================================


==========================================
Time   : 2026-08-01 02:56:04 WIB
Farm   : 6
Commit : #252
Status : SUCCESS
==========================================


==========================================
Time   : 2026-08-01 04:07:50 WIB
Farm   : 6
Commit : #253
Status : SUCCESS
==========================================


==========================================
Time   : 2026-08-01 05:14:54 WIB
Farm   : 6
Commit : #254
Status : SUCCESS
==========================================


==========================================
Time   : 2026-08-01 06:25:43 WIB
Farm   : 6
Commit : #255
Status : SUCCESS
==========================================


==========================================
Time   : 2026-08-01 08:05:27 WIB
Farm   : 6
Commit : #256
Status : SUCCESS
==========================================


==========================================
Time   : 2026-08-01 16:20:53 WIB
Farm   : 6
Commit : #257
Status : SUCCESS
==========================================


==========================================
Time   : 2026-08-01 17:54:37 WIB
Farm   : 6
Commit : #258
Status : SUCCESS
==========================================


==========================================
Time   : 2026-08-01 19:02:22 WIB
Farm   : 6
Commit : #259
Status : SUCCESS
==========================================


==========================================
Time   : 2026-08-01 21:49:12 WIB
Farm   : 6
Commit : #260
Status : SUCCESS
==========================================


==========================================
Time   : 2026-08-01 22:48:23 WIB
Farm   : 6
Commit : #261
Status : SUCCESS
==========================================


==========================================
Time   : 2026-08-02 00:45:27 WIB
Farm   : 6
Commit : #262
Status : SUCCESS
==========================================


==========================================
Time   : 2026-08-02 01:45:14 WIB
Farm   : 6
Commit : #263
Status : SUCCESS
==========================================


==========================================
Time   : 2026-08-02 03:00:01 WIB
Farm   : 6
Commit : #264
Status : SUCCESS
==========================================


==========================================
Time   : 2026-08-02 04:06:24 WIB
Farm   : 6
Commit : #265
Status : SUCCESS
==========================================


==========================================
Time   : 2026-08-02 06:11:32 WIB
Farm   : 6
Commit : #266
Status : SUCCESS
==========================================


==========================================
Time   : 2026-08-02 07:13:42 WIB
Farm   : 6
Commit : #267
Status : SUCCESS
==========================================


==========================================
Time   : 2026-08-02 10:56:46 WIB
Farm   : 6
Commit : #268
Status : SUCCESS
==========================================


==========================================
Time   : 2026-08-02 15:58:48 WIB
Farm   : 6
Commit : #269
Status : SUCCESS
==========================================


==========================================
Time   : 2026-08-02 17:47:11 WIB
Farm   : 6
Commit : #270
Status : SUCCESS
==========================================


==========================================
Time   : 2026-08-02 22:32:35 WIB
Farm   : 6
Commit : #271
Status : SUCCESS
==========================================


==========================================
Time   : 2026-08-02 23:32:38 WIB
Farm   : 6
Commit : #272
Status : SUCCESS
==========================================


==========================================
Time   : 2026-08-03 00:40:14 WIB
Farm   : 6
Commit : #273
Status : SUCCESS
==========================================

