
==========================================
Time   : 2026-07-08 18:53:00 WIB
Farm   : 5
Commit : #1
Status : SUCCESS
==========================================


==========================================
Time   : 2026-07-08 22:39:06 WIB
Farm   : 5
Commit : #2
Status : SUCCESS
==========================================


==========================================
Time   : 2026-07-09 00:05:38 WIB
Farm   : 5
Commit : #3
Status : SUCCESS
==========================================


==========================================
Time   : 2026-07-09 01:39:50 WIB
Farm   : 5
Commit : #4
Status : SUCCESS
==========================================


==========================================
Time   : 2026-07-09 03:08:33 WIB
Farm   : 5
Commit : #5
Status : SUCCESS
==========================================


==========================================
Time   : 2026-07-09 04:22:22 WIB
Farm   : 5
Commit : #6
Status : SUCCESS
==========================================


==========================================
Time   : 2026-07-09 06:37:25 WIB
Farm   : 5
Commit : #7
Status : SUCCESS
==========================================


==========================================
Time   : 2026-07-09 08:14:13 WIB
Farm   : 5
Commit : #8
Status : SUCCESS
==========================================


==========================================
Time   : 2026-07-09 12:07:20 WIB
Farm   : 5
Commit : #9
Status : SUCCESS
==========================================


==========================================
Time   : 2026-07-09 21:08:39 WIB
Farm   : 5
Commit : #10
Status : SUCCESS
==========================================


==========================================
Time   : 2026-07-09 23:37:33 WIB
Farm   : 5
Commit : #11
Status : SUCCESS
==========================================


==========================================
Time   : 2026-07-10 01:24:47 WIB
Farm   : 5
Commit : #12
Status : SUCCESS
==========================================


==========================================
Time   : 2026-07-10 03:14:57 WIB
Farm   : 5
Commit : #13
Status : SUCCESS
==========================================


==========================================
Time   : 2026-07-10 04:46:39 WIB
Farm   : 5
Commit : #14
Status : SUCCESS
==========================================


==========================================
Time   : 2026-07-10 05:58:06 WIB
Farm   : 5
Commit : #15
Status : SUCCESS
==========================================


==========================================
Time   : 2026-07-10 07:05:49 WIB
Farm   : 5
Commit : #16
Status : SUCCESS
==========================================


==========================================
Time   : 2026-07-10 11:07:42 WIB
Farm   : 5
Commit : #17
Status : SUCCESS
==========================================


==========================================
Time   : 2026-07-10 14:50:23 WIB
Farm   : 5
Commit : #18
Status : SUCCESS
==========================================


==========================================
Time   : 2026-07-10 17:40:28 WIB
Farm   : 5
Commit : #19
Status : SUCCESS
==========================================


==========================================
Time   : 2026-07-10 19:57:40 WIB
Farm   : 5
Commit : #20
Status : SUCCESS
==========================================


==========================================
Time   : 2026-07-10 22:30:18 WIB
Farm   : 5
Commit : #21
Status : SUCCESS
==========================================


==========================================
Time   : 2026-07-11 00:21:58 WIB
Farm   : 5
Commit : #22
Status : SUCCESS
==========================================


==========================================
Time   : 2026-07-11 01:52:30 WIB
Farm   : 5
Commit : #23
Status : SUCCESS
==========================================


==========================================
Time   : 2026-07-11 03:09:40 WIB
Farm   : 5
Commit : #24
Status : SUCCESS
==========================================


==========================================
Time   : 2026-07-11 04:19:42 WIB
Farm   : 5
Commit : #25
Status : SUCCESS
==========================================


==========================================
Time   : 2026-07-11 05:29:40 WIB
Farm   : 5
Commit : #26
Status : SUCCESS
==========================================


==========================================
Time   : 2026-07-11 06:30:33 WIB
Farm   : 5
Commit : #27
Status : SUCCESS
==========================================


==========================================
Time   : 2026-07-11 07:58:45 WIB
Farm   : 5
Commit : #28
Status : SUCCESS
==========================================


==========================================
Time   : 2026-07-11 11:13:39 WIB
Farm   : 5
Commit : #29
Status : SUCCESS
==========================================


==========================================
Time   : 2026-07-11 13:27:48 WIB
Farm   : 5
Commit : #30
Status : SUCCESS
==========================================


==========================================
Time   : 2026-07-11 15:19:50 WIB
Farm   : 5
Commit : #31
Status : SUCCESS
==========================================


==========================================
Time   : 2026-07-11 16:52:19 WIB
Farm   : 5
Commit : #32
Status : SUCCESS
==========================================


==========================================
Time   : 2026-07-11 17:49:17 WIB
Farm   : 5
Commit : #33
Status : SUCCESS
==========================================


==========================================
Time   : 2026-07-11 19:38:04 WIB
Farm   : 5
Commit : #34
Status : SUCCESS
==========================================


==========================================
Time   : 2026-07-11 22:13:15 WIB
Farm   : 5
Commit : #35
Status : SUCCESS
==========================================


==========================================
Time   : 2026-07-12 00:13:44 WIB
Farm   : 5
Commit : #36
Status : SUCCESS
==========================================


==========================================
Time   : 2026-07-12 02:24:01 WIB
Farm   : 5
Commit : #37
Status : SUCCESS
==========================================


==========================================
Time   : 2026-07-12 03:15:05 WIB
Farm   : 5
Commit : #38
Status : SUCCESS
==========================================


==========================================
Time   : 2026-07-12 06:00:46 WIB
Farm   : 5
Commit : #39
Status : SUCCESS
==========================================


==========================================
Time   : 2026-07-12 07:02:47 WIB
Farm   : 5
Commit : #40
Status : SUCCESS
==========================================


==========================================
Time   : 2026-07-12 10:44:26 WIB
Farm   : 5
Commit : #41
Status : SUCCESS
==========================================


==========================================
Time   : 2026-07-12 13:21:51 WIB
Farm   : 5
Commit : #42
Status : SUCCESS
==========================================


==========================================
Time   : 2026-07-12 15:35:13 WIB
Farm   : 5
Commit : #43
Status : SUCCESS
==========================================


==========================================
Time   : 2026-07-12 18:29:07 WIB
Farm   : 5
Commit : #44
Status : SUCCESS
==========================================


==========================================
Time   : 2026-07-12 19:29:24 WIB
Farm   : 5
Commit : #45
Status : SUCCESS
==========================================


==========================================
Time   : 2026-07-12 21:04:31 WIB
Farm   : 5
Commit : #46
Status : SUCCESS
==========================================


==========================================
Time   : 2026-07-12 22:10:09 WIB
Farm   : 5
Commit : #47
Status : SUCCESS
==========================================


==========================================
Time   : 2026-07-13 02:22:32 WIB
Farm   : 5
Commit : #48
Status : SUCCESS
==========================================


==========================================
Time   : 2026-07-13 04:06:49 WIB
Farm   : 5
Commit : #49
Status : SUCCESS
==========================================


==========================================
Time   : 2026-07-13 05:05:50 WIB
Farm   : 5
Commit : #50
Status : SUCCESS
==========================================


==========================================
Time   : 2026-07-13 06:02:04 WIB
Farm   : 5
Commit : #51
Status : SUCCESS
==========================================


==========================================
Time   : 2026-07-13 07:02:33 WIB
Farm   : 5
Commit : #52
Status : SUCCESS
==========================================


==========================================
Time   : 2026-07-13 10:49:00 WIB
Farm   : 5
Commit : #53
Status : SUCCESS
==========================================


==========================================
Time   : 2026-07-13 19:32:57 WIB
Farm   : 5
Commit : #54
Status : SUCCESS
==========================================


==========================================
Time   : 2026-07-13 22:26:40 WIB
Farm   : 5
Commit : #55
Status : SUCCESS
==========================================


==========================================
Time   : 2026-07-14 00:29:27 WIB
Farm   : 5
Commit : #56
Status : SUCCESS
==========================================


==========================================
Time   : 2026-07-14 01:56:37 WIB
Farm   : 5
Commit : #57
Status : SUCCESS
==========================================


==========================================
Time   : 2026-07-14 03:10:13 WIB
Farm   : 5
Commit : #58
Status : SUCCESS
==========================================


==========================================
Time   : 2026-07-14 05:09:13 WIB
Farm   : 5
Commit : #59
Status : SUCCESS
==========================================


==========================================
Time   : 2026-07-14 07:05:47 WIB
Farm   : 5
Commit : #60
Status : SUCCESS
==========================================


==========================================
Time   : 2026-07-14 12:49:34 WIB
Farm   : 5
Commit : #61
Status : SUCCESS
==========================================


==========================================
Time   : 2026-07-14 14:30:15 WIB
Farm   : 5
Commit : #62
Status : SUCCESS
==========================================


==========================================
Time   : 2026-07-14 18:07:38 WIB
Farm   : 5
Commit : #63
Status : SUCCESS
==========================================


==========================================
Time   : 2026-07-14 23:57:10 WIB
Farm   : 5
Commit : #64
Status : SUCCESS
==========================================


==========================================
Time   : 2026-07-15 01:00:13 WIB
Farm   : 5
Commit : #65
Status : SUCCESS
==========================================


==========================================
Time   : 2026-07-15 02:28:21 WIB
Farm   : 5
Commit : #66
Status : SUCCESS
==========================================


==========================================
Time   : 2026-07-15 03:38:50 WIB
Farm   : 5
Commit : #67
Status : SUCCESS
==========================================


==========================================
Time   : 2026-07-15 04:35:15 WIB
Farm   : 5
Commit : #68
Status : SUCCESS
==========================================


==========================================
Time   : 2026-07-15 06:28:26 WIB
Farm   : 5
Commit : #69
Status : SUCCESS
==========================================


==========================================
Time   : 2026-07-15 07:50:28 WIB
Farm   : 5
Commit : #70
Status : SUCCESS
==========================================


==========================================
Time   : 2026-07-15 10:51:30 WIB
Farm   : 5
Commit : #71
Status : SUCCESS
==========================================


==========================================
Time   : 2026-07-15 15:31:42 WIB
Farm   : 5
Commit : #72
Status : SUCCESS
==========================================


==========================================
Time   : 2026-07-15 17:23:56 WIB
Farm   : 5
Commit : #73
Status : SUCCESS
==========================================


==========================================
Time   : 2026-07-15 20:11:27 WIB
Farm   : 5
Commit : #74
Status : SUCCESS
==========================================


==========================================
Time   : 2026-07-15 22:02:57 WIB
Farm   : 5
Commit : #75
Status : SUCCESS
==========================================


==========================================
Time   : 2026-07-15 23:41:03 WIB
Farm   : 5
Commit : #76
Status : SUCCESS
==========================================


==========================================
Time   : 2026-07-16 01:48:52 WIB
Farm   : 5
Commit : #77
Status : SUCCESS
==========================================


==========================================
Time   : 2026-07-16 02:56:13 WIB
Farm   : 5
Commit : #78
Status : SUCCESS
==========================================


==========================================
Time   : 2026-07-16 03:55:06 WIB
Farm   : 5
Commit : #79
Status : SUCCESS
==========================================


==========================================
Time   : 2026-07-16 04:49:50 WIB
Farm   : 5
Commit : #80
Status : SUCCESS
==========================================


==========================================
Time   : 2026-07-16 05:43:58 WIB
Farm   : 5
Commit : #81
Status : SUCCESS
==========================================


==========================================
Time   : 2026-07-16 11:22:38 WIB
Farm   : 5
Commit : #82
Status : SUCCESS
==========================================


==========================================
Time   : 2026-07-16 13:38:26 WIB
Farm   : 5
Commit : #83
Status : SUCCESS
==========================================


==========================================
Time   : 2026-07-16 15:58:56 WIB
Farm   : 5
Commit : #84
Status : SUCCESS
==========================================


==========================================
Time   : 2026-07-16 18:03:51 WIB
Farm   : 5
Commit : #85
Status : SUCCESS
==========================================


==========================================
Time   : 2026-07-16 19:27:52 WIB
Farm   : 5
Commit : #86
Status : SUCCESS
==========================================


==========================================
Time   : 2026-07-16 21:32:37 WIB
Farm   : 5
Commit : #87
Status : SUCCESS
==========================================


==========================================
Time   : 2026-07-16 23:00:11 WIB
Farm   : 5
Commit : #88
Status : SUCCESS
==========================================


==========================================
Time   : 2026-07-17 00:25:56 WIB
Farm   : 5
Commit : #89
Status : SUCCESS
==========================================


==========================================
Time   : 2026-07-17 01:37:45 WIB
Farm   : 5
Commit : #90
Status : SUCCESS
==========================================


==========================================
Time   : 2026-07-17 02:45:08 WIB
Farm   : 5
Commit : #91
Status : SUCCESS
==========================================


==========================================
Time   : 2026-07-17 03:36:13 WIB
Farm   : 5
Commit : #92
Status : SUCCESS
==========================================


==========================================
Time   : 2026-07-17 04:41:26 WIB
Farm   : 5
Commit : #93
Status : SUCCESS
==========================================


==========================================
Time   : 2026-07-17 05:37:32 WIB
Farm   : 5
Commit : #94
Status : SUCCESS
==========================================


==========================================
Time   : 2026-07-17 06:34:33 WIB
Farm   : 5
Commit : #95
Status : SUCCESS
==========================================


==========================================
Time   : 2026-07-17 13:32:48 WIB
Farm   : 5
Commit : #96
Status : SUCCESS
==========================================


==========================================
Time   : 2026-07-17 15:37:41 WIB
Farm   : 5
Commit : #97
Status : SUCCESS
==========================================


==========================================
Time   : 2026-07-17 22:50:04 WIB
Farm   : 5
Commit : #98
Status : SUCCESS
==========================================


==========================================
Time   : 2026-07-17 23:54:36 WIB
Farm   : 5
Commit : #99
Status : SUCCESS
==========================================


==========================================
Time   : 2026-07-18 00:56:46 WIB
Farm   : 5
Commit : #100
Status : SUCCESS
==========================================


==========================================
Time   : 2026-07-18 01:58:30 WIB
Farm   : 5
Commit : #101
Status : SUCCESS
==========================================


==========================================
Time   : 2026-07-18 03:06:08 WIB
Farm   : 5
Commit : #102
Status : SUCCESS
==========================================


==========================================
Time   : 2026-07-18 04:05:38 WIB
Farm   : 5
Commit : #103
Status : SUCCESS
==========================================


==========================================
Time   : 2026-07-18 05:03:19 WIB
Farm   : 5
Commit : #104
Status : SUCCESS
==========================================


==========================================
Time   : 2026-07-18 05:58:58 WIB
Farm   : 5
Commit : #105
Status : SUCCESS
==========================================


==========================================
Time   : 2026-07-18 06:54:19 WIB
Farm   : 5
Commit : #106
Status : SUCCESS
==========================================


==========================================
Time   : 2026-07-18 08:11:23 WIB
Farm   : 5
Commit : #107
Status : SUCCESS
==========================================


==========================================
Time   : 2026-07-18 11:13:09 WIB
Farm   : 5
Commit : #108
Status : SUCCESS
==========================================


==========================================
Time   : 2026-07-18 13:18:30 WIB
Farm   : 5
Commit : #109
Status : SUCCESS
==========================================


==========================================
Time   : 2026-07-18 15:13:22 WIB
Farm   : 5
Commit : #110
Status : SUCCESS
==========================================


==========================================
Time   : 2026-07-18 16:44:29 WIB
Farm   : 5
Commit : #111
Status : SUCCESS
==========================================


==========================================
Time   : 2026-07-18 17:51:16 WIB
Farm   : 5
Commit : #112
Status : SUCCESS
==========================================


==========================================
Time   : 2026-07-18 18:40:42 WIB
Farm   : 5
Commit : #113
Status : SUCCESS
==========================================


==========================================
Time   : 2026-07-18 19:37:13 WIB
Farm   : 5
Commit : #114
Status : SUCCESS
==========================================


==========================================
Time   : 2026-07-18 22:08:20 WIB
Farm   : 5
Commit : #115
Status : SUCCESS
==========================================


==========================================
Time   : 2026-07-18 23:08:23 WIB
Farm   : 5
Commit : #116
Status : SUCCESS
==========================================


==========================================
Time   : 2026-07-19 00:09:29 WIB
Farm   : 5
Commit : #117
Status : SUCCESS
==========================================


==========================================
Time   : 2026-07-19 01:06:25 WIB
Farm   : 5
Commit : #118
Status : SUCCESS
==========================================


==========================================
Time   : 2026-07-19 02:19:50 WIB
Farm   : 5
Commit : #119
Status : SUCCESS
==========================================


==========================================
Time   : 2026-07-19 03:10:22 WIB
Farm   : 5
Commit : #120
Status : SUCCESS
==========================================


==========================================
Time   : 2026-07-19 04:04:57 WIB
Farm   : 5
Commit : #121
Status : SUCCESS
==========================================


==========================================
Time   : 2026-07-19 05:00:38 WIB
Farm   : 5
Commit : #122
Status : SUCCESS
==========================================


==========================================
Time   : 2026-07-19 05:54:37 WIB
Farm   : 5
Commit : #123
Status : SUCCESS
==========================================


==========================================
Time   : 2026-07-19 06:39:03 WIB
Farm   : 5
Commit : #124
Status : SUCCESS
==========================================


==========================================
Time   : 2026-07-19 08:09:50 WIB
Farm   : 5
Commit : #125
Status : SUCCESS
==========================================


==========================================
Time   : 2026-07-19 14:08:33 WIB
Farm   : 5
Commit : #126
Status : SUCCESS
==========================================


==========================================
Time   : 2026-07-19 16:15:08 WIB
Farm   : 5
Commit : #127
Status : SUCCESS
==========================================


==========================================
Time   : 2026-07-19 17:45:42 WIB
Farm   : 5
Commit : #128
Status : SUCCESS
==========================================


==========================================
Time   : 2026-07-19 18:44:34 WIB
Farm   : 5
Commit : #129
Status : SUCCESS
==========================================


==========================================
Time   : 2026-07-19 21:10:48 WIB
Farm   : 5
Commit : #130
Status : SUCCESS
==========================================


==========================================
Time   : 2026-07-19 22:12:24 WIB
Farm   : 5
Commit : #131
Status : SUCCESS
==========================================


==========================================
Time   : 2026-07-19 23:09:37 WIB
Farm   : 5
Commit : #132
Status : SUCCESS
==========================================


==========================================
Time   : 2026-07-20 02:23:35 WIB
Farm   : 5
Commit : #133
Status : SUCCESS
==========================================


==========================================
Time   : 2026-07-20 04:08:53 WIB
Farm   : 5
Commit : #134
Status : SUCCESS
==========================================


==========================================
Time   : 2026-07-20 05:06:09 WIB
Farm   : 5
Commit : #135
Status : SUCCESS
==========================================


==========================================
Time   : 2026-07-20 06:05:47 WIB
Farm   : 5
Commit : #136
Status : SUCCESS
==========================================


==========================================
Time   : 2026-07-20 10:58:49 WIB
Farm   : 5
Commit : #137
Status : SUCCESS
==========================================


==========================================
Time   : 2026-07-20 13:47:31 WIB
Farm   : 5
Commit : #138
Status : SUCCESS
==========================================


==========================================
Time   : 2026-07-20 19:05:48 WIB
Farm   : 5
Commit : #139
Status : SUCCESS
==========================================


==========================================
Time   : 2026-07-20 23:10:19 WIB
Farm   : 5
Commit : #140
Status : SUCCESS
==========================================


==========================================
Time   : 2026-07-21 04:14:05 WIB
Farm   : 5
Commit : #141
Status : SUCCESS
==========================================


==========================================
Time   : 2026-07-21 05:13:38 WIB
Farm   : 5
Commit : #142
Status : SUCCESS
==========================================


==========================================
Time   : 2026-07-21 07:11:08 WIB
Farm   : 5
Commit : #143
Status : SUCCESS
==========================================


==========================================
Time   : 2026-07-21 10:43:20 WIB
Farm   : 5
Commit : #144
Status : SUCCESS
==========================================


==========================================
Time   : 2026-07-21 13:17:35 WIB
Farm   : 5
Commit : #145
Status : SUCCESS
==========================================


==========================================
Time   : 2026-07-21 15:48:47 WIB
Farm   : 5
Commit : #146
Status : SUCCESS
==========================================


==========================================
Time   : 2026-07-21 17:53:53 WIB
Farm   : 5
Commit : #147
Status : SUCCESS
==========================================


==========================================
Time   : 2026-07-21 19:17:42 WIB
Farm   : 5
Commit : #148
Status : SUCCESS
==========================================


==========================================
Time   : 2026-07-21 21:28:09 WIB
Farm   : 5
Commit : #149
Status : SUCCESS
==========================================


==========================================
Time   : 2026-07-22 00:27:39 WIB
Farm   : 5
Commit : #150
Status : SUCCESS
==========================================


==========================================
Time   : 2026-07-22 01:49:43 WIB
Farm   : 5
Commit : #151
Status : SUCCESS
==========================================


==========================================
Time   : 2026-07-22 04:24:31 WIB
Farm   : 5
Commit : #152
Status : SUCCESS
==========================================


==========================================
Time   : 2026-07-22 05:25:00 WIB
Farm   : 5
Commit : #153
Status : SUCCESS
==========================================


==========================================
Time   : 2026-07-22 06:27:17 WIB
Farm   : 5
Commit : #154
Status : SUCCESS
==========================================


==========================================
Time   : 2026-07-22 07:56:39 WIB
Farm   : 5
Commit : #155
Status : SUCCESS
==========================================


==========================================
Time   : 2026-07-22 11:13:43 WIB
Farm   : 5
Commit : #156
Status : SUCCESS
==========================================


==========================================
Time   : 2026-07-22 13:42:42 WIB
Farm   : 5
Commit : #157
Status : SUCCESS
==========================================


==========================================
Time   : 2026-07-22 16:15:47 WIB
Farm   : 5
Commit : #158
Status : SUCCESS
==========================================


==========================================
Time   : 2026-07-22 19:51:22 WIB
Farm   : 5
Commit : #159
Status : SUCCESS
==========================================


==========================================
Time   : 2026-07-23 03:01:08 WIB
Farm   : 5
Commit : #160
Status : SUCCESS
==========================================


==========================================
Time   : 2026-07-23 04:16:18 WIB
Farm   : 5
Commit : #161
Status : SUCCESS
==========================================


==========================================
Time   : 2026-07-23 05:17:55 WIB
Farm   : 5
Commit : #162
Status : SUCCESS
==========================================


==========================================
Time   : 2026-07-23 06:17:55 WIB
Farm   : 5
Commit : #163
Status : SUCCESS
==========================================


==========================================
Time   : 2026-07-23 07:15:37 WIB
Farm   : 5
Commit : #164
Status : SUCCESS
==========================================


==========================================
Time   : 2026-07-23 10:47:44 WIB
Farm   : 5
Commit : #165
Status : SUCCESS
==========================================


==========================================
Time   : 2026-07-23 13:21:08 WIB
Farm   : 5
Commit : #166
Status : SUCCESS
==========================================


==========================================
Time   : 2026-07-23 16:04:21 WIB
Farm   : 5
Commit : #167
Status : SUCCESS
==========================================


==========================================
Time   : 2026-07-23 18:18:12 WIB
Farm   : 5
Commit : #168
Status : SUCCESS
==========================================


==========================================
Time   : 2026-07-23 19:51:17 WIB
Farm   : 5
Commit : #169
Status : SUCCESS
==========================================


==========================================
Time   : 2026-07-23 21:56:57 WIB
Farm   : 5
Commit : #170
Status : SUCCESS
==========================================


==========================================
Time   : 2026-07-23 23:23:03 WIB
Farm   : 5
Commit : #171
Status : SUCCESS
==========================================


==========================================
Time   : 2026-07-24 00:53:34 WIB
Farm   : 5
Commit : #172
Status : SUCCESS
==========================================


==========================================
Time   : 2026-07-24 01:55:39 WIB
Farm   : 5
Commit : #173
Status : SUCCESS
==========================================


==========================================
Time   : 2026-07-24 03:06:06 WIB
Farm   : 5
Commit : #174
Status : SUCCESS
==========================================


==========================================
Time   : 2026-07-24 06:15:17 WIB
Farm   : 5
Commit : #175
Status : SUCCESS
==========================================


==========================================
Time   : 2026-07-24 07:12:25 WIB
Farm   : 5
Commit : #176
Status : SUCCESS
==========================================


==========================================
Time   : 2026-07-24 10:44:56 WIB
Farm   : 5
Commit : #177
Status : SUCCESS
==========================================


==========================================
Time   : 2026-07-24 13:15:40 WIB
Farm   : 5
Commit : #178
Status : SUCCESS
==========================================


==========================================
Time   : 2026-07-24 15:43:56 WIB
Farm   : 5
Commit : #179
Status : SUCCESS
==========================================


==========================================
Time   : 2026-07-24 21:09:36 WIB
Farm   : 5
Commit : #180
Status : SUCCESS
==========================================


==========================================
Time   : 2026-07-24 22:41:53 WIB
Farm   : 5
Commit : #181
Status : SUCCESS
==========================================


==========================================
Time   : 2026-07-25 00:11:41 WIB
Farm   : 5
Commit : #182
Status : SUCCESS
==========================================


==========================================
Time   : 2026-07-25 01:45:21 WIB
Farm   : 5
Commit : #183
Status : SUCCESS
==========================================


==========================================
Time   : 2026-07-25 05:30:11 WIB
Farm   : 5
Commit : #184
Status : SUCCESS
==========================================


==========================================
Time   : 2026-07-25 06:33:18 WIB
Farm   : 5
Commit : #185
Status : SUCCESS
==========================================


==========================================
Time   : 2026-07-25 08:06:53 WIB
Farm   : 5
Commit : #186
Status : SUCCESS
==========================================


==========================================
Time   : 2026-07-25 11:21:49 WIB
Farm   : 5
Commit : #187
Status : SUCCESS
==========================================


==========================================
Time   : 2026-07-25 15:34:20 WIB
Farm   : 5
Commit : #188
Status : SUCCESS
==========================================


==========================================
Time   : 2026-07-25 17:13:15 WIB
Farm   : 5
Commit : #189
Status : SUCCESS
==========================================


==========================================
Time   : 2026-07-25 18:34:57 WIB
Farm   : 5
Commit : #190
Status : SUCCESS
==========================================


==========================================
Time   : 2026-07-25 21:15:00 WIB
Farm   : 5
Commit : #191
Status : SUCCESS
==========================================


==========================================
Time   : 2026-07-25 22:20:13 WIB
Farm   : 5
Commit : #192
Status : SUCCESS
==========================================


==========================================
Time   : 2026-07-26 02:33:21 WIB
Farm   : 5
Commit : #193
Status : SUCCESS
==========================================


==========================================
Time   : 2026-07-26 06:29:13 WIB
Farm   : 5
Commit : #194
Status : SUCCESS
==========================================


==========================================
Time   : 2026-07-26 08:07:25 WIB
Farm   : 5
Commit : #195
Status : SUCCESS
==========================================


==========================================
Time   : 2026-07-26 14:15:09 WIB
Farm   : 5
Commit : #196
Status : SUCCESS
==========================================


==========================================
Time   : 2026-07-26 17:57:49 WIB
Farm   : 5
Commit : #197
Status : SUCCESS
==========================================


==========================================
Time   : 2026-07-26 19:01:58 WIB
Farm   : 5
Commit : #198
Status : SUCCESS
==========================================


==========================================
Time   : 2026-07-26 20:47:50 WIB
Farm   : 5
Commit : #199
Status : SUCCESS
==========================================


==========================================
Time   : 2026-07-26 21:53:03 WIB
Farm   : 5
Commit : #200
Status : SUCCESS
==========================================


==========================================
Time   : 2026-07-26 22:50:54 WIB
Farm   : 5
Commit : #201
Status : SUCCESS
==========================================


==========================================
Time   : 2026-07-26 23:41:38 WIB
Farm   : 5
Commit : #202
Status : SUCCESS
==========================================


==========================================
Time   : 2026-07-27 00:41:56 WIB
Farm   : 5
Commit : #203
Status : SUCCESS
==========================================


==========================================
Time   : 2026-07-27 03:45:06 WIB
Farm   : 5
Commit : #204
Status : SUCCESS
==========================================


==========================================
Time   : 2026-07-27 04:40:20 WIB
Farm   : 5
Commit : #205
Status : SUCCESS
==========================================


==========================================
Time   : 2026-07-27 05:41:27 WIB
Farm   : 5
Commit : #206
Status : SUCCESS
==========================================


==========================================
Time   : 2026-07-27 06:41:22 WIB
Farm   : 5
Commit : #207
Status : SUCCESS
==========================================


==========================================
Time   : 2026-07-27 11:56:12 WIB
Farm   : 5
Commit : #208
Status : SUCCESS
==========================================


==========================================
Time   : 2026-07-27 15:24:46 WIB
Farm   : 5
Commit : #209
Status : SUCCESS
==========================================


==========================================
Time   : 2026-07-27 18:46:23 WIB
Farm   : 5
Commit : #210
Status : SUCCESS
==========================================


==========================================
Time   : 2026-07-27 23:26:51 WIB
Farm   : 5
Commit : #211
Status : SUCCESS
==========================================


==========================================
Time   : 2026-07-28 01:00:59 WIB
Farm   : 5
Commit : #212
Status : SUCCESS
==========================================


==========================================
Time   : 2026-07-28 02:47:23 WIB
Farm   : 5
Commit : #213
Status : SUCCESS
==========================================


==========================================
Time   : 2026-07-28 03:55:52 WIB
Farm   : 5
Commit : #214
Status : SUCCESS
==========================================


==========================================
Time   : 2026-07-28 04:58:39 WIB
Farm   : 5
Commit : #215
Status : SUCCESS
==========================================


==========================================
Time   : 2026-07-28 06:02:30 WIB
Farm   : 5
Commit : #216
Status : SUCCESS
==========================================


==========================================
Time   : 2026-07-28 07:08:33 WIB
Farm   : 5
Commit : #217
Status : SUCCESS
==========================================


==========================================
Time   : 2026-07-28 10:31:02 WIB
Farm   : 5
Commit : #218
Status : SUCCESS
==========================================


==========================================
Time   : 2026-07-28 13:10:15 WIB
Farm   : 5
Commit : #219
Status : SUCCESS
==========================================


==========================================
Time   : 2026-07-28 15:50:53 WIB
Farm   : 5
Commit : #220
Status : SUCCESS
==========================================


==========================================
Time   : 2026-07-28 18:06:04 WIB
Farm   : 5
Commit : #221
Status : SUCCESS
==========================================


==========================================
Time   : 2026-07-28 19:59:48 WIB
Farm   : 5
Commit : #222
Status : SUCCESS
==========================================


==========================================
Time   : 2026-07-28 22:24:45 WIB
Farm   : 5
Commit : #223
Status : SUCCESS
==========================================


==========================================
Time   : 2026-07-28 23:57:03 WIB
Farm   : 5
Commit : #224
Status : SUCCESS
==========================================


==========================================
Time   : 2026-07-29 01:08:46 WIB
Farm   : 5
Commit : #225
Status : SUCCESS
==========================================


==========================================
Time   : 2026-07-29 02:50:36 WIB
Farm   : 5
Commit : #226
Status : SUCCESS
==========================================


==========================================
Time   : 2026-07-29 03:52:29 WIB
Farm   : 5
Commit : #227
Status : SUCCESS
==========================================


==========================================
Time   : 2026-07-29 04:51:41 WIB
Farm   : 5
Commit : #228
Status : SUCCESS
==========================================


==========================================
Time   : 2026-07-29 05:46:44 WIB
Farm   : 5
Commit : #229
Status : SUCCESS
==========================================


==========================================
Time   : 2026-07-29 06:44:55 WIB
Farm   : 5
Commit : #230
Status : SUCCESS
==========================================


==========================================
Time   : 2026-07-29 08:10:17 WIB
Farm   : 5
Commit : #231
Status : SUCCESS
==========================================


==========================================
Time   : 2026-07-29 11:28:48 WIB
Farm   : 5
Commit : #232
Status : SUCCESS
==========================================


==========================================
Time   : 2026-07-29 14:19:49 WIB
Farm   : 5
Commit : #233
Status : SUCCESS
==========================================


==========================================
Time   : 2026-07-29 17:01:15 WIB
Farm   : 5
Commit : #234
Status : SUCCESS
==========================================


==========================================
Time   : 2026-07-29 19:06:33 WIB
Farm   : 5
Commit : #235
Status : SUCCESS
==========================================


==========================================
Time   : 2026-07-29 21:29:12 WIB
Farm   : 5
Commit : #236
Status : SUCCESS
==========================================


==========================================
Time   : 2026-07-29 23:02:33 WIB
Farm   : 5
Commit : #237
Status : SUCCESS
==========================================


==========================================
Time   : 2026-07-30 00:24:05 WIB
Farm   : 5
Commit : #238
Status : SUCCESS
==========================================


==========================================
Time   : 2026-07-30 01:29:37 WIB
Farm   : 5
Commit : #239
Status : SUCCESS
==========================================


==========================================
Time   : 2026-07-30 03:41:30 WIB
Farm   : 5
Commit : #240
Status : SUCCESS
==========================================


==========================================
Time   : 2026-07-30 04:34:34 WIB
Farm   : 5
Commit : #241
Status : SUCCESS
==========================================


==========================================
Time   : 2026-07-30 06:35:45 WIB
Farm   : 5
Commit : #242
Status : SUCCESS
==========================================


==========================================
Time   : 2026-07-30 07:59:54 WIB
Farm   : 5
Commit : #243
Status : SUCCESS
==========================================


==========================================
Time   : 2026-07-30 10:59:30 WIB
Farm   : 5
Commit : #244
Status : SUCCESS
==========================================


==========================================
Time   : 2026-07-30 13:28:05 WIB
Farm   : 5
Commit : #245
Status : SUCCESS
==========================================


==========================================
Time   : 2026-07-30 16:13:46 WIB
Farm   : 5
Commit : #246
Status : SUCCESS
==========================================


==========================================
Time   : 2026-07-30 18:21:22 WIB
Farm   : 5
Commit : #247
Status : SUCCESS
==========================================


==========================================
Time   : 2026-07-30 22:08:48 WIB
Farm   : 5
Commit : #248
Status : SUCCESS
==========================================


==========================================
Time   : 2026-07-30 23:45:42 WIB
Farm   : 5
Commit : #249
Status : SUCCESS
==========================================


==========================================
Time   : 2026-07-31 01:04:22 WIB
Farm   : 5
Commit : #250
Status : SUCCESS
==========================================


==========================================
Time   : 2026-07-31 02:46:23 WIB
Farm   : 5
Commit : #251
Status : SUCCESS
==========================================


==========================================
Time   : 2026-07-31 03:48:24 WIB
Farm   : 5
Commit : #252
Status : SUCCESS
==========================================


==========================================
Time   : 2026-07-31 04:52:42 WIB
Farm   : 5
Commit : #253
Status : SUCCESS
==========================================


==========================================
Time   : 2026-07-31 05:52:11 WIB
Farm   : 5
Commit : #254
Status : SUCCESS
==========================================


==========================================
Time   : 2026-07-31 06:46:26 WIB
Farm   : 5
Commit : #255
Status : SUCCESS
==========================================


==========================================
Time   : 2026-07-31 08:17:30 WIB
Farm   : 5
Commit : #256
Status : SUCCESS
==========================================


==========================================
Time   : 2026-07-31 11:46:44 WIB
Farm   : 5
Commit : #257
Status : SUCCESS
==========================================


==========================================
Time   : 2026-07-31 14:37:11 WIB
Farm   : 5
Commit : #258
Status : SUCCESS
==========================================


==========================================
Time   : 2026-07-31 17:12:58 WIB
Farm   : 5
Commit : #259
Status : SUCCESS
==========================================


==========================================
Time   : 2026-07-31 21:38:16 WIB
Farm   : 5
Commit : #260
Status : SUCCESS
==========================================


==========================================
Time   : 2026-07-31 23:20:09 WIB
Farm   : 5
Commit : #261
Status : SUCCESS
==========================================


==========================================
Time   : 2026-08-01 02:24:10 WIB
Farm   : 5
Commit : #262
Status : SUCCESS
==========================================


==========================================
Time   : 2026-08-01 03:38:53 WIB
Farm   : 5
Commit : #263
Status : SUCCESS
==========================================


==========================================
Time   : 2026-08-01 05:44:32 WIB
Farm   : 5
Commit : #264
Status : SUCCESS
==========================================


==========================================
Time   : 2026-08-01 11:35:54 WIB
Farm   : 5
Commit : #265
Status : SUCCESS
==========================================


==========================================
Time   : 2026-08-01 14:08:36 WIB
Farm   : 5
Commit : #266
Status : SUCCESS
==========================================


==========================================
Time   : 2026-08-01 19:44:47 WIB
Farm   : 5
Commit : #267
Status : SUCCESS
==========================================


==========================================
Time   : 2026-08-01 21:15:13 WIB
Farm   : 5
Commit : #268
Status : SUCCESS
==========================================


==========================================
Time   : 2026-08-01 22:29:29 WIB
Farm   : 5
Commit : #269
Status : SUCCESS
==========================================


==========================================
Time   : 2026-08-01 23:29:46 WIB
Farm   : 5
Commit : #270
Status : SUCCESS
==========================================


==========================================
Time   : 2026-08-02 00:33:35 WIB
Farm   : 5
Commit : #271
Status : SUCCESS
==========================================


==========================================
Time   : 2026-08-02 01:32:14 WIB
Farm   : 5
Commit : #272
Status : SUCCESS
==========================================


==========================================
Time   : 2026-08-02 02:48:30 WIB
Farm   : 5
Commit : #273
Status : SUCCESS
==========================================


==========================================
Time   : 2026-08-02 03:35:32 WIB
Farm   : 5
Commit : #274
Status : SUCCESS
==========================================


==========================================
Time   : 2026-08-02 04:29:43 WIB
Farm   : 5
Commit : #275
Status : SUCCESS
==========================================


==========================================
Time   : 2026-08-02 05:29:36 WIB
Farm   : 5
Commit : #276
Status : SUCCESS
==========================================


==========================================
Time   : 2026-08-02 06:29:23 WIB
Farm   : 5
Commit : #277
Status : SUCCESS
==========================================


==========================================
Time   : 2026-08-02 11:33:32 WIB
Farm   : 5
Commit : #278
Status : SUCCESS
==========================================


==========================================
Time   : 2026-08-02 14:10:51 WIB
Farm   : 5
Commit : #279
Status : SUCCESS
==========================================


==========================================
Time   : 2026-08-02 16:19:45 WIB
Farm   : 5
Commit : #280
Status : SUCCESS
==========================================


==========================================
Time   : 2026-08-02 18:51:29 WIB
Farm   : 5
Commit : #281
Status : SUCCESS
==========================================


==========================================
Time   : 2026-08-02 19:45:10 WIB
Farm   : 5
Commit : #282
Status : SUCCESS
==========================================


==========================================
Time   : 2026-08-02 22:30:10 WIB
Farm   : 5
Commit : #283
Status : SUCCESS
==========================================


==========================================
Time   : 2026-08-03 01:34:34 WIB
Farm   : 5
Commit : #284
Status : SUCCESS
==========================================

