
==========================================
Time   : 2026-09-14 02:46:42 WIB
Farm   : 9
Commit : #1001
Status : SUCCESS
==========================================


==========================================
Time   : 2026-09-14 08:29:19 WIB
Farm   : 9
Commit : #1002
Status : SUCCESS
==========================================


==========================================
Time   : 2026-09-14 13:46:52 WIB
Farm   : 9
Commit : #1003
Status : SUCCESS
==========================================


==========================================
Time   : 2026-09-14 20:22:37 WIB
Farm   : 9
Commit : #1004
Status : SUCCESS
==========================================


==========================================
Time   : 2026-09-15 01:43:23 WIB
Farm   : 9
Commit : #1005
Status : SUCCESS
==========================================


==========================================
Time   : 2026-09-15 05:04:44 WIB
Farm   : 9
Commit : #1006
Status : SUCCESS
==========================================


==========================================
Time   : 2026-09-15 07:30:04 WIB
Farm   : 9
Commit : #1007
Status : SUCCESS
==========================================


==========================================
Time   : 2026-09-15 12:08:44 WIB
Farm   : 9
Commit : #1008
Status : SUCCESS
==========================================


==========================================
Time   : 2026-09-15 21:43:50 WIB
Farm   : 9
Commit : #1009
Status : SUCCESS
==========================================


==========================================
Time   : 2026-09-16 01:29:02 WIB
Farm   : 9
Commit : #1010
Status : SUCCESS
==========================================


==========================================
Time   : 2026-09-16 04:37:43 WIB
Farm   : 9
Commit : #1011
Status : SUCCESS
==========================================


==========================================
Time   : 2026-09-16 06:41:27 WIB
Farm   : 9
Commit : #1012
Status : SUCCESS
==========================================


==========================================
Time   : 2026-09-16 08:38:32 WIB
Farm   : 9
Commit : #1013
Status : SUCCESS
==========================================


==========================================
Time   : 2026-09-16 13:42:21 WIB
Farm   : 9
Commit : #1014
Status : SUCCESS
==========================================


==========================================
Time   : 2026-09-16 19:03:06 WIB
Farm   : 9
Commit : #1015
Status : SUCCESS
==========================================


==========================================
Time   : 2026-09-16 23:44:25 WIB
Farm   : 9
Commit : #1016
Status : SUCCESS
==========================================


==========================================
Time   : 2026-09-17 02:43:16 WIB
Farm   : 9
Commit : #1017
Status : SUCCESS
==========================================


==========================================
Time   : 2026-09-17 05:20:14 WIB
Farm   : 9
Commit : #1018
Status : SUCCESS
==========================================


==========================================
Time   : 2026-09-17 07:38:00 WIB
Farm   : 9
Commit : #1019
Status : SUCCESS
==========================================


==========================================
Time   : 2026-09-17 12:18:48 WIB
Farm   : 9
Commit : #1020
Status : SUCCESS
==========================================


==========================================
Time   : 2026-09-17 17:03:07 WIB
Farm   : 9
Commit : #1021
Status : SUCCESS
==========================================


==========================================
Time   : 2026-09-17 21:51:57 WIB
Farm   : 9
Commit : #1022
Status : SUCCESS
==========================================


==========================================
Time   : 2026-09-18 01:37:28 WIB
Farm   : 9
Commit : #1023
Status : SUCCESS
==========================================


==========================================
Time   : 2026-09-18 04:43:02 WIB
Farm   : 9
Commit : #1024
Status : SUCCESS
==========================================


==========================================
Time   : 2026-09-18 06:42:30 WIB
Farm   : 9
Commit : #1025
Status : SUCCESS
==========================================


==========================================
Time   : 2026-09-18 08:29:05 WIB
Farm   : 9
Commit : #1026
Status : SUCCESS
==========================================


==========================================
Time   : 2026-09-18 13:19:21 WIB
Farm   : 9
Commit : #1027
Status : SUCCESS
==========================================


==========================================
Time   : 2026-09-18 18:24:12 WIB
Farm   : 9
Commit : #1028
Status : SUCCESS
==========================================


==========================================
Time   : 2026-09-18 22:03:54 WIB
Farm   : 9
Commit : #1029
Status : SUCCESS
==========================================


==========================================
Time   : 2026-09-19 03:57:59 WIB
Farm   : 9
Commit : #1030
Status : SUCCESS
==========================================


==========================================
Time   : 2026-09-19 05:58:26 WIB
Farm   : 9
Commit : #1031
Status : SUCCESS
==========================================


==========================================
Time   : 2026-09-19 07:52:43 WIB
Farm   : 9
Commit : #1032
Status : SUCCESS
==========================================


==========================================
Time   : 2026-09-19 12:11:46 WIB
Farm   : 9
Commit : #1033
Status : SUCCESS
==========================================


==========================================
Time   : 2026-09-19 16:29:03 WIB
Farm   : 9
Commit : #1034
Status : SUCCESS
==========================================


==========================================
Time   : 2026-09-19 20:17:02 WIB
Farm   : 9
Commit : #1035
Status : SUCCESS
==========================================


==========================================
Time   : 2026-09-19 23:32:15 WIB
Farm   : 9
Commit : #1036
Status : SUCCESS
==========================================


==========================================
Time   : 2026-09-20 01:47:49 WIB
Farm   : 9
Commit : #1037
Status : SUCCESS
==========================================


==========================================
Time   : 2026-09-20 04:05:33 WIB
Farm   : 9
Commit : #1038
Status : SUCCESS
==========================================


==========================================
Time   : 2026-09-20 05:55:05 WIB
Farm   : 9
Commit : #1039
Status : SUCCESS
==========================================


==========================================
Time   : 2026-09-20 12:08:23 WIB
Farm   : 9
Commit : #1040
Status : SUCCESS
==========================================


==========================================
Time   : 2026-09-20 23:58:53 WIB
Farm   : 9
Commit : #1041
Status : SUCCESS
==========================================


==========================================
Time   : 2026-09-21 02:16:24 WIB
Farm   : 9
Commit : #1042
Status : SUCCESS
==========================================


==========================================
Time   : 2026-09-21 04:35:53 WIB
Farm   : 9
Commit : #1043
Status : SUCCESS
==========================================


==========================================
Time   : 2026-09-21 06:28:50 WIB
Farm   : 9
Commit : #1044
Status : SUCCESS
==========================================


==========================================
Time   : 2026-09-21 08:21:46 WIB
Farm   : 9
Commit : #1045
Status : SUCCESS
==========================================


==========================================
Time   : 2026-09-21 13:30:32 WIB
Farm   : 9
Commit : #1046
Status : SUCCESS
==========================================


==========================================
Time   : 2026-09-21 20:12:40 WIB
Farm   : 9
Commit : #1047
Status : SUCCESS
==========================================


==========================================
Time   : 2026-09-22 01:40:28 WIB
Farm   : 9
Commit : #1048
Status : SUCCESS
==========================================


==========================================
Time   : 2026-09-22 05:13:28 WIB
Farm   : 9
Commit : #1049
Status : SUCCESS
==========================================


==========================================
Time   : 2026-09-22 07:49:41 WIB
Farm   : 9
Commit : #1050
Status : SUCCESS
==========================================


==========================================
Time   : 2026-09-22 17:11:39 WIB
Farm   : 9
Commit : #1051
Status : SUCCESS
==========================================


==========================================
Time   : 2026-09-23 01:20:55 WIB
Farm   : 9
Commit : #1052
Status : SUCCESS
==========================================


==========================================
Time   : 2026-09-23 04:29:02 WIB
Farm   : 9
Commit : #1053
Status : SUCCESS
==========================================


==========================================
Time   : 2026-09-23 06:42:58 WIB
Farm   : 9
Commit : #1054
Status : SUCCESS
==========================================


==========================================
Time   : 2026-09-23 08:48:16 WIB
Farm   : 9
Commit : #1055
Status : SUCCESS
==========================================


==========================================
Time   : 2026-09-23 13:44:02 WIB
Farm   : 9
Commit : #1056
Status : SUCCESS
==========================================


==========================================
Time   : 2026-09-23 19:14:28 WIB
Farm   : 9
Commit : #1057
Status : SUCCESS
==========================================


==========================================
Time   : 2026-09-23 23:56:27 WIB
Farm   : 9
Commit : #1058
Status : SUCCESS
==========================================


==========================================
Time   : 2026-09-24 02:55:34 WIB
Farm   : 9
Commit : #1059
Status : SUCCESS
==========================================


==========================================
Time   : 2026-09-24 05:33:30 WIB
Farm   : 9
Commit : #1060
Status : SUCCESS
==========================================


==========================================
Time   : 2026-09-24 07:49:22 WIB
Farm   : 9
Commit : #1061
Status : SUCCESS
==========================================


==========================================
Time   : 2026-09-24 12:32:35 WIB
Farm   : 9
Commit : #1062
Status : SUCCESS
==========================================


==========================================
Time   : 2026-09-24 17:23:38 WIB
Farm   : 9
Commit : #1063
Status : SUCCESS
==========================================


==========================================
Time   : 2026-09-24 22:17:13 WIB
Farm   : 9
Commit : #1064
Status : SUCCESS
==========================================


==========================================
Time   : 2026-09-25 02:13:17 WIB
Farm   : 9
Commit : #1065
Status : SUCCESS
==========================================


==========================================
Time   : 2026-09-25 05:24:35 WIB
Farm   : 9
Commit : #1066
Status : SUCCESS
==========================================


==========================================
Time   : 2026-09-25 07:38:42 WIB
Farm   : 9
Commit : #1067
Status : SUCCESS
==========================================


==========================================
Time   : 2026-09-25 12:20:24 WIB
Farm   : 9
Commit : #1068
Status : SUCCESS
==========================================


==========================================
Time   : 2026-09-25 17:16:20 WIB
Farm   : 9
Commit : #1069
Status : SUCCESS
==========================================


==========================================
Time   : 2026-09-25 22:19:02 WIB
Farm   : 9
Commit : #1070
Status : SUCCESS
==========================================


==========================================
Time   : 2026-09-26 02:17:55 WIB
Farm   : 9
Commit : #1071
Status : SUCCESS
==========================================


==========================================
Time   : 2026-09-26 05:26:59 WIB
Farm   : 9
Commit : #1072
Status : SUCCESS
==========================================


==========================================
Time   : 2026-09-26 07:44:01 WIB
Farm   : 9
Commit : #1073
Status : SUCCESS
==========================================


==========================================
Time   : 2026-09-26 12:30:13 WIB
Farm   : 9
Commit : #1074
Status : SUCCESS
==========================================


==========================================
Time   : 2026-09-26 21:23:21 WIB
Farm   : 9
Commit : #1075
Status : SUCCESS
==========================================


==========================================
Time   : 2026-09-27 03:12:44 WIB
Farm   : 9
Commit : #1076
Status : SUCCESS
==========================================


==========================================
Time   : 2026-09-27 05:47:11 WIB
Farm   : 9
Commit : #1077
Status : SUCCESS
==========================================


==========================================
Time   : 2026-09-27 07:55:56 WIB
Farm   : 9
Commit : #1078
Status : SUCCESS
==========================================


==========================================
Time   : 2026-09-27 12:57:09 WIB
Farm   : 9
Commit : #1079
Status : SUCCESS
==========================================


==========================================
Time   : 2026-09-27 18:06:56 WIB
Farm   : 9
Commit : #1080
Status : SUCCESS
==========================================


==========================================
Time   : 2026-09-27 22:38:47 WIB
Farm   : 9
Commit : #1081
Status : SUCCESS
==========================================


==========================================
Time   : 2026-09-28 02:14:40 WIB
Farm   : 9
Commit : #1082
Status : SUCCESS
==========================================


==========================================
Time   : 2026-09-28 05:11:58 WIB
Farm   : 9
Commit : #1083
Status : SUCCESS
==========================================


==========================================
Time   : 2026-09-28 07:44:44 WIB
Farm   : 9
Commit : #1084
Status : SUCCESS
==========================================


==========================================
Time   : 2026-09-28 12:55:10 WIB
Farm   : 9
Commit : #1085
Status : SUCCESS
==========================================


==========================================
Time   : 2026-09-28 19:02:55 WIB
Farm   : 9
Commit : #1086
Status : SUCCESS
==========================================


==========================================
Time   : 2026-09-29 02:36:17 WIB
Farm   : 9
Commit : #1087
Status : SUCCESS
==========================================


==========================================
Time   : 2026-09-29 06:53:50 WIB
Farm   : 9
Commit : #1088
Status : SUCCESS
==========================================


==========================================
Time   : 2026-09-29 09:48:40 WIB
Farm   : 9
Commit : #1089
Status : SUCCESS
==========================================


==========================================
Time   : 2026-09-29 16:05:53 WIB
Farm   : 9
Commit : #1090
Status : SUCCESS
==========================================


==========================================
Time   : 2026-09-29 22:42:56 WIB
Farm   : 9
Commit : #1091
Status : SUCCESS
==========================================


==========================================
Time   : 2026-09-30 03:15:00 WIB
Farm   : 9
Commit : #1092
Status : SUCCESS
==========================================


==========================================
Time   : 2026-09-30 06:44:37 WIB
Farm   : 9
Commit : #1093
Status : SUCCESS
==========================================


==========================================
Time   : 2026-09-30 09:25:15 WIB
Farm   : 9
Commit : #1094
Status : SUCCESS
==========================================


==========================================
Time   : 2026-09-30 15:46:20 WIB
Farm   : 9
Commit : #1095
Status : SUCCESS
==========================================


==========================================
Time   : 2026-09-30 22:21:50 WIB
Farm   : 9
Commit : #1096
Status : SUCCESS
==========================================


==========================================
Time   : 2026-10-01 03:08:27 WIB
Farm   : 9
Commit : #1097
Status : SUCCESS
==========================================


==========================================
Time   : 2026-10-01 06:44:25 WIB
Farm   : 9
Commit : #1098
Status : SUCCESS
==========================================


==========================================
Time   : 2026-10-01 09:26:12 WIB
Farm   : 9
Commit : #1099
Status : SUCCESS
==========================================


==========================================
Time   : 2026-10-01 16:12:37 WIB
Farm   : 9
Commit : #1100
Status : SUCCESS
==========================================


==========================================
Time   : 2026-10-01 23:24:41 WIB
Farm   : 9
Commit : #1101
Status : SUCCESS
==========================================


==========================================
Time   : 2026-10-02 04:07:09 WIB
Farm   : 9
Commit : #1102
Status : SUCCESS
==========================================


==========================================
Time   : 2026-10-02 07:43:49 WIB
Farm   : 9
Commit : #1103
Status : SUCCESS
==========================================


==========================================
Time   : 2026-10-02 13:13:32 WIB
Farm   : 9
Commit : #1104
Status : SUCCESS
==========================================


==========================================
Time   : 2026-10-02 19:32:40 WIB
Farm   : 9
Commit : #1105
Status : SUCCESS
==========================================

