
==========================================
Time   : 2026-10-04 22:50:08 WIB
Farm   : 7
Commit : #1001
Status : SUCCESS
==========================================


==========================================
Time   : 2026-10-05 01:51:36 WIB
Farm   : 7
Commit : #1002
Status : SUCCESS
==========================================


==========================================
Time   : 2026-10-05 05:01:45 WIB
Farm   : 7
Commit : #1003
Status : SUCCESS
==========================================


==========================================
Time   : 2026-10-05 07:45:05 WIB
Farm   : 7
Commit : #1004
Status : SUCCESS
==========================================

