
==========================================
Time   : 2026-09-03 00:17:34 WIB
Farm   : 4
Commit : #1001
Status : SUCCESS
==========================================


==========================================
Time   : 2026-09-03 02:49:43 WIB
Farm   : 4
Commit : #1002
Status : SUCCESS
==========================================


==========================================
Time   : 2026-09-03 05:01:03 WIB
Farm   : 4
Commit : #1003
Status : SUCCESS
==========================================


==========================================
Time   : 2026-09-03 06:53:19 WIB
Farm   : 4
Commit : #1004
Status : SUCCESS
==========================================


==========================================
Time   : 2026-09-03 08:33:10 WIB
Farm   : 4
Commit : #1005
Status : SUCCESS
==========================================


==========================================
Time   : 2026-09-03 13:19:31 WIB
Farm   : 4
Commit : #1006
Status : SUCCESS
==========================================


==========================================
Time   : 2026-09-03 18:18:42 WIB
Farm   : 4
Commit : #1007
Status : SUCCESS
==========================================


==========================================
Time   : 2026-09-03 22:02:32 WIB
Farm   : 4
Commit : #1008
Status : SUCCESS
==========================================


==========================================
Time   : 2026-09-04 01:26:07 WIB
Farm   : 4
Commit : #1009
Status : SUCCESS
==========================================


==========================================
Time   : 2026-09-04 04:09:25 WIB
Farm   : 4
Commit : #1010
Status : SUCCESS
==========================================


==========================================
Time   : 2026-09-04 08:00:12 WIB
Farm   : 4
Commit : #1011
Status : SUCCESS
==========================================


==========================================
Time   : 2026-09-04 12:24:08 WIB
Farm   : 4
Commit : #1012
Status : SUCCESS
==========================================


==========================================
Time   : 2026-09-04 16:45:22 WIB
Farm   : 4
Commit : #1013
Status : SUCCESS
==========================================


==========================================
Time   : 2026-09-04 20:48:27 WIB
Farm   : 4
Commit : #1014
Status : SUCCESS
==========================================


==========================================
Time   : 2026-09-05 00:08:34 WIB
Farm   : 4
Commit : #1015
Status : SUCCESS
==========================================


==========================================
Time   : 2026-09-05 06:16:51 WIB
Farm   : 4
Commit : #1016
Status : SUCCESS
==========================================


==========================================
Time   : 2026-09-05 07:58:01 WIB
Farm   : 4
Commit : #1017
Status : SUCCESS
==========================================


==========================================
Time   : 2026-09-05 12:08:19 WIB
Farm   : 4
Commit : #1018
Status : SUCCESS
==========================================


==========================================
Time   : 2026-09-05 15:59:08 WIB
Farm   : 4
Commit : #1019
Status : SUCCESS
==========================================


==========================================
Time   : 2026-09-05 19:19:05 WIB
Farm   : 4
Commit : #1020
Status : SUCCESS
==========================================


==========================================
Time   : 2026-09-06 00:23:51 WIB
Farm   : 4
Commit : #1021
Status : SUCCESS
==========================================


==========================================
Time   : 2026-09-06 02:08:59 WIB
Farm   : 4
Commit : #1022
Status : SUCCESS
==========================================


==========================================
Time   : 2026-09-06 04:09:39 WIB
Farm   : 4
Commit : #1023
Status : SUCCESS
==========================================


==========================================
Time   : 2026-09-06 05:52:04 WIB
Farm   : 4
Commit : #1024
Status : SUCCESS
==========================================


==========================================
Time   : 2026-09-06 11:38:37 WIB
Farm   : 4
Commit : #1025
Status : SUCCESS
==========================================


==========================================
Time   : 2026-09-06 15:52:45 WIB
Farm   : 4
Commit : #1026
Status : SUCCESS
==========================================


==========================================
Time   : 2026-09-06 19:23:12 WIB
Farm   : 4
Commit : #1027
Status : SUCCESS
==========================================


==========================================
Time   : 2026-09-06 22:33:25 WIB
Farm   : 4
Commit : #1028
Status : SUCCESS
==========================================


==========================================
Time   : 2026-09-07 00:40:01 WIB
Farm   : 4
Commit : #1029
Status : SUCCESS
==========================================


==========================================
Time   : 2026-09-07 02:29:14 WIB
Farm   : 4
Commit : #1030
Status : SUCCESS
==========================================


==========================================
Time   : 2026-09-07 04:31:00 WIB
Farm   : 4
Commit : #1031
Status : SUCCESS
==========================================


==========================================
Time   : 2026-09-07 06:01:14 WIB
Farm   : 4
Commit : #1032
Status : SUCCESS
==========================================


==========================================
Time   : 2026-09-07 07:40:55 WIB
Farm   : 4
Commit : #1033
Status : SUCCESS
==========================================


==========================================
Time   : 2026-09-07 12:12:24 WIB
Farm   : 4
Commit : #1034
Status : SUCCESS
==========================================


==========================================
Time   : 2026-09-07 17:14:17 WIB
Farm   : 4
Commit : #1035
Status : SUCCESS
==========================================


==========================================
Time   : 2026-09-07 22:50:14 WIB
Farm   : 4
Commit : #1036
Status : SUCCESS
==========================================


==========================================
Time   : 2026-09-08 02:26:00 WIB
Farm   : 4
Commit : #1037
Status : SUCCESS
==========================================


==========================================
Time   : 2026-09-08 07:15:53 WIB
Farm   : 4
Commit : #1038
Status : SUCCESS
==========================================


==========================================
Time   : 2026-09-08 16:02:53 WIB
Farm   : 4
Commit : #1039
Status : SUCCESS
==========================================


==========================================
Time   : 2026-09-08 20:24:07 WIB
Farm   : 4
Commit : #1040
Status : SUCCESS
==========================================


==========================================
Time   : 2026-09-09 00:18:32 WIB
Farm   : 4
Commit : #1041
Status : SUCCESS
==========================================


==========================================
Time   : 2026-09-09 02:57:17 WIB
Farm   : 4
Commit : #1042
Status : SUCCESS
==========================================


==========================================
Time   : 2026-09-09 05:04:54 WIB
Farm   : 4
Commit : #1043
Status : SUCCESS
==========================================


==========================================
Time   : 2026-09-09 07:04:25 WIB
Farm   : 4
Commit : #1044
Status : SUCCESS
==========================================


==========================================
Time   : 2026-09-09 11:26:37 WIB
Farm   : 4
Commit : #1045
Status : SUCCESS
==========================================


==========================================
Time   : 2026-09-09 16:04:40 WIB
Farm   : 4
Commit : #1046
Status : SUCCESS
==========================================


==========================================
Time   : 2026-09-09 20:39:57 WIB
Farm   : 4
Commit : #1047
Status : SUCCESS
==========================================


==========================================
Time   : 2026-09-10 00:17:18 WIB
Farm   : 4
Commit : #1048
Status : SUCCESS
==========================================


==========================================
Time   : 2026-09-10 02:45:52 WIB
Farm   : 4
Commit : #1049
Status : SUCCESS
==========================================


==========================================
Time   : 2026-09-10 04:59:19 WIB
Farm   : 4
Commit : #1050
Status : SUCCESS
==========================================


==========================================
Time   : 2026-09-10 06:42:43 WIB
Farm   : 4
Commit : #1051
Status : SUCCESS
==========================================


==========================================
Time   : 2026-09-10 08:28:49 WIB
Farm   : 4
Commit : #1052
Status : SUCCESS
==========================================


==========================================
Time   : 2026-09-10 13:14:02 WIB
Farm   : 4
Commit : #1053
Status : SUCCESS
==========================================


==========================================
Time   : 2026-09-10 18:15:43 WIB
Farm   : 4
Commit : #1054
Status : SUCCESS
==========================================


==========================================
Time   : 2026-09-10 21:59:05 WIB
Farm   : 4
Commit : #1055
Status : SUCCESS
==========================================


==========================================
Time   : 2026-09-11 01:04:40 WIB
Farm   : 4
Commit : #1056
Status : SUCCESS
==========================================


==========================================
Time   : 2026-09-11 03:46:42 WIB
Farm   : 4
Commit : #1057
Status : SUCCESS
==========================================


==========================================
Time   : 2026-09-11 05:48:44 WIB
Farm   : 4
Commit : #1058
Status : SUCCESS
==========================================


==========================================
Time   : 2026-09-11 07:35:14 WIB
Farm   : 4
Commit : #1059
Status : SUCCESS
==========================================


==========================================
Time   : 2026-09-11 12:08:29 WIB
Farm   : 4
Commit : #1060
Status : SUCCESS
==========================================


==========================================
Time   : 2026-09-11 20:46:27 WIB
Farm   : 4
Commit : #1061
Status : SUCCESS
==========================================


==========================================
Time   : 2026-09-12 02:44:10 WIB
Farm   : 4
Commit : #1062
Status : SUCCESS
==========================================


==========================================
Time   : 2026-09-12 04:56:33 WIB
Farm   : 4
Commit : #1063
Status : SUCCESS
==========================================


==========================================
Time   : 2026-09-12 06:35:55 WIB
Farm   : 4
Commit : #1064
Status : SUCCESS
==========================================


==========================================
Time   : 2026-09-12 08:29:18 WIB
Farm   : 4
Commit : #1065
Status : SUCCESS
==========================================


==========================================
Time   : 2026-09-12 13:06:28 WIB
Farm   : 4
Commit : #1066
Status : SUCCESS
==========================================


==========================================
Time   : 2026-09-12 17:37:45 WIB
Farm   : 4
Commit : #1067
Status : SUCCESS
==========================================


==========================================
Time   : 2026-09-12 20:43:15 WIB
Farm   : 4
Commit : #1068
Status : SUCCESS
==========================================


==========================================
Time   : 2026-09-12 23:30:39 WIB
Farm   : 4
Commit : #1069
Status : SUCCESS
==========================================


==========================================
Time   : 2026-09-13 01:35:29 WIB
Farm   : 4
Commit : #1070
Status : SUCCESS
==========================================


==========================================
Time   : 2026-09-13 03:53:02 WIB
Farm   : 4
Commit : #1071
Status : SUCCESS
==========================================


==========================================
Time   : 2026-09-13 05:38:24 WIB
Farm   : 4
Commit : #1072
Status : SUCCESS
==========================================


==========================================
Time   : 2026-09-13 07:17:00 WIB
Farm   : 4
Commit : #1073
Status : SUCCESS
==========================================


==========================================
Time   : 2026-09-13 20:54:03 WIB
Farm   : 4
Commit : #1074
Status : SUCCESS
==========================================


==========================================
Time   : 2026-09-14 00:06:48 WIB
Farm   : 4
Commit : #1075
Status : SUCCESS
==========================================


==========================================
Time   : 2026-09-14 02:20:39 WIB
Farm   : 4
Commit : #1076
Status : SUCCESS
==========================================


==========================================
Time   : 2026-09-14 04:29:34 WIB
Farm   : 4
Commit : #1077
Status : SUCCESS
==========================================


==========================================
Time   : 2026-09-14 06:17:07 WIB
Farm   : 4
Commit : #1078
Status : SUCCESS
==========================================


==========================================
Time   : 2026-09-14 08:07:31 WIB
Farm   : 4
Commit : #1079
Status : SUCCESS
==========================================


==========================================
Time   : 2026-09-14 13:09:25 WIB
Farm   : 4
Commit : #1080
Status : SUCCESS
==========================================


==========================================
Time   : 2026-09-14 19:36:56 WIB
Farm   : 4
Commit : #1081
Status : SUCCESS
==========================================


==========================================
Time   : 2026-09-15 01:11:22 WIB
Farm   : 4
Commit : #1082
Status : SUCCESS
==========================================


==========================================
Time   : 2026-09-15 04:46:31 WIB
Farm   : 4
Commit : #1083
Status : SUCCESS
==========================================


==========================================
Time   : 2026-09-15 07:00:26 WIB
Farm   : 4
Commit : #1084
Status : SUCCESS
==========================================


==========================================
Time   : 2026-09-15 10:30:49 WIB
Farm   : 4
Commit : #1085
Status : SUCCESS
==========================================


==========================================
Time   : 2026-09-15 15:53:24 WIB
Farm   : 4
Commit : #1086
Status : SUCCESS
==========================================


==========================================
Time   : 2026-09-15 20:55:28 WIB
Farm   : 4
Commit : #1087
Status : SUCCESS
==========================================


==========================================
Time   : 2026-09-16 00:48:59 WIB
Farm   : 4
Commit : #1088
Status : SUCCESS
==========================================


==========================================
Time   : 2026-09-16 03:28:15 WIB
Farm   : 4
Commit : #1089
Status : SUCCESS
==========================================


==========================================
Time   : 2026-09-16 06:01:16 WIB
Farm   : 4
Commit : #1090
Status : SUCCESS
==========================================


==========================================
Time   : 2026-09-16 08:09:32 WIB
Farm   : 4
Commit : #1091
Status : SUCCESS
==========================================


==========================================
Time   : 2026-09-16 12:57:37 WIB
Farm   : 4
Commit : #1092
Status : SUCCESS
==========================================


==========================================
Time   : 2026-09-16 17:28:36 WIB
Farm   : 4
Commit : #1093
Status : SUCCESS
==========================================


==========================================
Time   : 2026-09-16 22:07:31 WIB
Farm   : 4
Commit : #1094
Status : SUCCESS
==========================================


==========================================
Time   : 2026-09-17 01:50:58 WIB
Farm   : 4
Commit : #1095
Status : SUCCESS
==========================================


==========================================
Time   : 2026-09-17 04:46:07 WIB
Farm   : 4
Commit : #1096
Status : SUCCESS
==========================================


==========================================
Time   : 2026-09-17 06:51:40 WIB
Farm   : 4
Commit : #1097
Status : SUCCESS
==========================================


==========================================
Time   : 2026-09-17 08:47:27 WIB
Farm   : 4
Commit : #1098
Status : SUCCESS
==========================================


==========================================
Time   : 2026-09-17 19:03:46 WIB
Farm   : 4
Commit : #1099
Status : SUCCESS
==========================================


==========================================
Time   : 2026-09-17 23:50:39 WIB
Farm   : 4
Commit : #1100
Status : SUCCESS
==========================================


==========================================
Time   : 2026-09-18 02:54:53 WIB
Farm   : 4
Commit : #1101
Status : SUCCESS
==========================================


==========================================
Time   : 2026-09-18 05:28:51 WIB
Farm   : 4
Commit : #1102
Status : SUCCESS
==========================================


==========================================
Time   : 2026-09-18 07:32:59 WIB
Farm   : 4
Commit : #1103
Status : SUCCESS
==========================================


==========================================
Time   : 2026-09-18 12:04:59 WIB
Farm   : 4
Commit : #1104
Status : SUCCESS
==========================================


==========================================
Time   : 2026-09-18 16:36:11 WIB
Farm   : 4
Commit : #1105
Status : SUCCESS
==========================================


==========================================
Time   : 2026-09-18 20:46:48 WIB
Farm   : 4
Commit : #1106
Status : SUCCESS
==========================================


==========================================
Time   : 2026-09-19 00:14:58 WIB
Farm   : 4
Commit : #1107
Status : SUCCESS
==========================================


==========================================
Time   : 2026-09-19 02:36:54 WIB
Farm   : 4
Commit : #1108
Status : SUCCESS
==========================================


==========================================
Time   : 2026-09-19 04:50:01 WIB
Farm   : 4
Commit : #1109
Status : SUCCESS
==========================================


==========================================
Time   : 2026-09-19 06:37:47 WIB
Farm   : 4
Commit : #1110
Status : SUCCESS
==========================================


==========================================
Time   : 2026-09-19 08:31:12 WIB
Farm   : 4
Commit : #1111
Status : SUCCESS
==========================================


==========================================
Time   : 2026-09-19 13:23:10 WIB
Farm   : 4
Commit : #1112
Status : SUCCESS
==========================================


==========================================
Time   : 2026-09-19 18:13:03 WIB
Farm   : 4
Commit : #1113
Status : SUCCESS
==========================================


==========================================
Time   : 2026-09-19 21:22:40 WIB
Farm   : 4
Commit : #1114
Status : SUCCESS
==========================================


==========================================
Time   : 2026-09-20 00:20:13 WIB
Farm   : 4
Commit : #1115
Status : SUCCESS
==========================================


==========================================
Time   : 2026-09-20 04:29:59 WIB
Farm   : 4
Commit : #1116
Status : SUCCESS
==========================================


==========================================
Time   : 2026-09-20 06:20:58 WIB
Farm   : 4
Commit : #1117
Status : SUCCESS
==========================================


==========================================
Time   : 2026-09-20 08:14:37 WIB
Farm   : 4
Commit : #1118
Status : SUCCESS
==========================================


==========================================
Time   : 2026-09-20 13:15:44 WIB
Farm   : 4
Commit : #1119
Status : SUCCESS
==========================================


==========================================
Time   : 2026-09-20 18:25:51 WIB
Farm   : 4
Commit : #1120
Status : SUCCESS
==========================================


==========================================
Time   : 2026-09-20 21:45:31 WIB
Farm   : 4
Commit : #1121
Status : SUCCESS
==========================================


==========================================
Time   : 2026-09-21 02:44:14 WIB
Farm   : 4
Commit : #1122
Status : SUCCESS
==========================================


==========================================
Time   : 2026-09-21 04:49:53 WIB
Farm   : 4
Commit : #1123
Status : SUCCESS
==========================================


==========================================
Time   : 2026-09-21 08:33:47 WIB
Farm   : 4
Commit : #1124
Status : SUCCESS
==========================================


==========================================
Time   : 2026-09-21 13:55:11 WIB
Farm   : 4
Commit : #1125
Status : SUCCESS
==========================================


==========================================
Time   : 2026-09-21 20:25:14 WIB
Farm   : 4
Commit : #1126
Status : SUCCESS
==========================================


==========================================
Time   : 2026-09-22 01:48:30 WIB
Farm   : 4
Commit : #1127
Status : SUCCESS
==========================================


==========================================
Time   : 2026-09-22 05:17:02 WIB
Farm   : 4
Commit : #1128
Status : SUCCESS
==========================================


==========================================
Time   : 2026-09-22 07:52:05 WIB
Farm   : 4
Commit : #1129
Status : SUCCESS
==========================================


==========================================
Time   : 2026-09-22 12:29:06 WIB
Farm   : 4
Commit : #1130
Status : SUCCESS
==========================================


==========================================
Time   : 2026-09-22 21:50:08 WIB
Farm   : 4
Commit : #1131
Status : SUCCESS
==========================================


==========================================
Time   : 2026-09-23 04:26:28 WIB
Farm   : 4
Commit : #1132
Status : SUCCESS
==========================================


==========================================
Time   : 2026-09-23 06:40:30 WIB
Farm   : 4
Commit : #1133
Status : SUCCESS
==========================================


==========================================
Time   : 2026-09-23 08:46:17 WIB
Farm   : 4
Commit : #1134
Status : SUCCESS
==========================================


==========================================
Time   : 2026-09-23 13:40:26 WIB
Farm   : 4
Commit : #1135
Status : SUCCESS
==========================================


==========================================
Time   : 2026-09-23 19:06:52 WIB
Farm   : 4
Commit : #1136
Status : SUCCESS
==========================================


==========================================
Time   : 2026-09-23 23:49:02 WIB
Farm   : 4
Commit : #1137
Status : SUCCESS
==========================================


==========================================
Time   : 2026-09-24 02:51:22 WIB
Farm   : 4
Commit : #1138
Status : SUCCESS
==========================================


==========================================
Time   : 2026-09-24 05:28:59 WIB
Farm   : 4
Commit : #1139
Status : SUCCESS
==========================================


==========================================
Time   : 2026-09-24 07:40:09 WIB
Farm   : 4
Commit : #1140
Status : SUCCESS
==========================================


==========================================
Time   : 2026-09-24 12:21:07 WIB
Farm   : 4
Commit : #1141
Status : SUCCESS
==========================================


==========================================
Time   : 2026-09-24 17:11:15 WIB
Farm   : 4
Commit : #1142
Status : SUCCESS
==========================================


==========================================
Time   : 2026-09-24 22:01:45 WIB
Farm   : 4
Commit : #1143
Status : SUCCESS
==========================================


==========================================
Time   : 2026-09-25 01:51:41 WIB
Farm   : 4
Commit : #1144
Status : SUCCESS
==========================================


==========================================
Time   : 2026-09-25 04:51:57 WIB
Farm   : 4
Commit : #1145
Status : SUCCESS
==========================================


==========================================
Time   : 2026-09-25 11:45:40 WIB
Farm   : 4
Commit : #1146
Status : SUCCESS
==========================================


==========================================
Time   : 2026-09-25 16:49:46 WIB
Farm   : 4
Commit : #1147
Status : SUCCESS
==========================================


==========================================
Time   : 2026-09-25 21:45:54 WIB
Farm   : 4
Commit : #1148
Status : SUCCESS
==========================================


==========================================
Time   : 2026-09-26 01:54:31 WIB
Farm   : 4
Commit : #1149
Status : SUCCESS
==========================================

