
==========================================
Time   : 2026-09-26 17:31:37 WIB
Farm   : 2
Commit : #1001
Status : SUCCESS
==========================================


==========================================
Time   : 2026-09-26 21:43:15 WIB
Farm   : 2
Commit : #1002
Status : SUCCESS
==========================================


==========================================
Time   : 2026-09-27 01:03:14 WIB
Farm   : 2
Commit : #1003
Status : SUCCESS
==========================================


==========================================
Time   : 2026-09-27 04:04:15 WIB
Farm   : 2
Commit : #1004
Status : SUCCESS
==========================================


==========================================
Time   : 2026-09-27 08:46:31 WIB
Farm   : 2
Commit : #1005
Status : SUCCESS
==========================================


==========================================
Time   : 2026-09-27 14:09:30 WIB
Farm   : 2
Commit : #1006
Status : SUCCESS
==========================================


==========================================
Time   : 2026-09-27 20:02:39 WIB
Farm   : 2
Commit : #1007
Status : SUCCESS
==========================================


==========================================
Time   : 2026-09-28 00:40:52 WIB
Farm   : 2
Commit : #1008
Status : SUCCESS
==========================================


==========================================
Time   : 2026-09-28 03:25:34 WIB
Farm   : 2
Commit : #1009
Status : SUCCESS
==========================================


==========================================
Time   : 2026-09-28 06:16:53 WIB
Farm   : 2
Commit : #1010
Status : SUCCESS
==========================================


==========================================
Time   : 2026-09-28 08:46:34 WIB
Farm   : 2
Commit : #1011
Status : SUCCESS
==========================================


==========================================
Time   : 2026-09-28 14:43:53 WIB
Farm   : 2
Commit : #1012
Status : SUCCESS
==========================================


==========================================
Time   : 2026-09-28 23:02:25 WIB
Farm   : 2
Commit : #1013
Status : SUCCESS
==========================================


==========================================
Time   : 2026-09-29 04:53:26 WIB
Farm   : 2
Commit : #1014
Status : SUCCESS
==========================================


==========================================
Time   : 2026-09-29 08:24:37 WIB
Farm   : 2
Commit : #1015
Status : SUCCESS
==========================================


==========================================
Time   : 2026-09-29 14:11:29 WIB
Farm   : 2
Commit : #1016
Status : SUCCESS
==========================================


==========================================
Time   : 2026-09-29 21:04:50 WIB
Farm   : 2
Commit : #1017
Status : SUCCESS
==========================================


==========================================
Time   : 2026-09-30 02:22:40 WIB
Farm   : 2
Commit : #1018
Status : SUCCESS
==========================================


==========================================
Time   : 2026-09-30 06:04:59 WIB
Farm   : 2
Commit : #1019
Status : SUCCESS
==========================================


==========================================
Time   : 2026-09-30 09:03:26 WIB
Farm   : 2
Commit : #1020
Status : SUCCESS
==========================================


==========================================
Time   : 2026-09-30 15:24:39 WIB
Farm   : 2
Commit : #1021
Status : SUCCESS
==========================================


==========================================
Time   : 2026-09-30 22:06:08 WIB
Farm   : 2
Commit : #1022
Status : SUCCESS
==========================================


==========================================
Time   : 2026-10-01 02:59:59 WIB
Farm   : 2
Commit : #1023
Status : SUCCESS
==========================================


==========================================
Time   : 2026-10-01 06:40:11 WIB
Farm   : 2
Commit : #1024
Status : SUCCESS
==========================================


==========================================
Time   : 2026-10-01 09:27:00 WIB
Farm   : 2
Commit : #1025
Status : SUCCESS
==========================================


==========================================
Time   : 2026-10-01 16:19:44 WIB
Farm   : 2
Commit : #1026
Status : SUCCESS
==========================================


==========================================
Time   : 2026-10-01 23:33:35 WIB
Farm   : 2
Commit : #1027
Status : SUCCESS
==========================================


==========================================
Time   : 2026-10-02 04:18:44 WIB
Farm   : 2
Commit : #1028
Status : SUCCESS
==========================================


==========================================
Time   : 2026-10-02 07:54:53 WIB
Farm   : 2
Commit : #1029
Status : SUCCESS
==========================================


==========================================
Time   : 2026-10-02 13:40:19 WIB
Farm   : 2
Commit : #1030
Status : SUCCESS
==========================================


==========================================
Time   : 2026-10-02 20:12:47 WIB
Farm   : 2
Commit : #1031
Status : SUCCESS
==========================================


==========================================
Time   : 2026-10-03 01:27:00 WIB
Farm   : 2
Commit : #1032
Status : SUCCESS
==========================================


==========================================
Time   : 2026-10-03 05:28:32 WIB
Farm   : 2
Commit : #1033
Status : SUCCESS
==========================================


==========================================
Time   : 2026-10-03 08:22:09 WIB
Farm   : 2
Commit : #1034
Status : SUCCESS
==========================================


==========================================
Time   : 2026-10-03 13:41:05 WIB
Farm   : 2
Commit : #1035
Status : SUCCESS
==========================================


==========================================
Time   : 2026-10-03 19:03:45 WIB
Farm   : 2
Commit : #1036
Status : SUCCESS
==========================================


==========================================
Time   : 2026-10-03 23:12:13 WIB
Farm   : 2
Commit : #1037
Status : SUCCESS
==========================================

