
==========================================
Time   : 2026-09-29 20:24:14 WIB
Farm   : 1
Commit : #1001
Status : SUCCESS
==========================================


==========================================
Time   : 2026-09-30 01:43:42 WIB
Farm   : 1
Commit : #1002
Status : SUCCESS
==========================================


==========================================
Time   : 2026-09-30 05:39:10 WIB
Farm   : 1
Commit : #1003
Status : SUCCESS
==========================================


==========================================
Time   : 2026-09-30 14:18:54 WIB
Farm   : 1
Commit : #1004
Status : SUCCESS
==========================================

